Component: ARM Compiler 5.05 update 2 (build 169) Tool: armlink [4d0f33]

==============================================================================

Section Cross References

    startup_stm32f723xx.o(RESET) refers to startup_stm32f723xx.o(STACK) for __initial_sp
    startup_stm32f723xx.o(RESET) refers to startup_stm32f723xx.o(.text) for Reset_Handler
    startup_stm32f723xx.o(RESET) refers to stm32f7xx_it.o(i.NMI_Handler) for NMI_Handler
    startup_stm32f723xx.o(RESET) refers to stm32f7xx_it.o(i.HardFault_Handler) for HardFault_Handler
    startup_stm32f723xx.o(RESET) refers to stm32f7xx_it.o(i.MemManage_Handler) for MemManage_Handler
    startup_stm32f723xx.o(RESET) refers to stm32f7xx_it.o(i.BusFault_Handler) for BusFault_Handler
    startup_stm32f723xx.o(RESET) refers to stm32f7xx_it.o(i.UsageFault_Handler) for UsageFault_Handler
    startup_stm32f723xx.o(RESET) refers to stm32f7xx_it.o(i.SVC_Handler) for SVC_Handler
    startup_stm32f723xx.o(RESET) refers to stm32f7xx_it.o(i.DebugMon_Handler) for DebugMon_Handler
    startup_stm32f723xx.o(RESET) refers to stm32f7xx_it.o(i.PendSV_Handler) for PendSV_Handler
    startup_stm32f723xx.o(RESET) refers to stm32f7xx_it.o(i.SysTick_Handler) for SysTick_Handler
    startup_stm32f723xx.o(RESET) refers to stm32f7xx_it.o(i.DMA1_Stream1_IRQHandler) for DMA1_Stream1_IRQHandler
    startup_stm32f723xx.o(RESET) refers to stm32f7xx_it.o(i.DMA1_Stream3_IRQHandler) for DMA1_Stream3_IRQHandler
    startup_stm32f723xx.o(RESET) refers to stm32f7xx_it.o(i.TIM1_UP_TIM10_IRQHandler) for TIM1_UP_TIM10_IRQHandler
    startup_stm32f723xx.o(RESET) refers to stm32f7xx_it.o(i.DMA2_Stream1_IRQHandler) for DMA2_Stream1_IRQHandler
    startup_stm32f723xx.o(RESET) refers to stm32f7xx_it.o(i.DMA2_Stream4_IRQHandler) for DMA2_Stream4_IRQHandler
    startup_stm32f723xx.o(RESET) refers to stm32f7xx_it.o(i.DMA2_Stream6_IRQHandler) for DMA2_Stream6_IRQHandler
    startup_stm32f723xx.o(RESET) refers to stm32f7xx_it.o(i.DMA2_Stream7_IRQHandler) for DMA2_Stream7_IRQHandler
    startup_stm32f723xx.o(RESET) refers to stm32f7xx_it.o(i.USART6_IRQHandler) for USART6_IRQHandler
    startup_stm32f723xx.o(RESET) refers to stm32f7xx_it.o(i.OTG_HS_IRQHandler) for OTG_HS_IRQHandler
    startup_stm32f723xx.o(RESET) refers to stm32f7xx_it.o(i.UART7_IRQHandler) for UART7_IRQHandler
    startup_stm32f723xx.o(.text) refers to system_stm32f7xx.o(i.SystemInit) for SystemInit
    startup_stm32f723xx.o(.text) refers to entry.o(.ARM.Collect$$$$00000000) for __main
    datamgr.o(i.syslog_init) refers to datamgr.o(i.dataMGR_IncNrec) for dataMGR_IncNrec
    ce32_ioncom.o(i.CE32_IonCom_Init_device) refers to stm32f7xx_hal_dma.o(i.HAL_DMA_Init) for HAL_DMA_Init
    ce32_ioncom.o(i.CE32_IonCom_Init_device) refers to stm32f7xx_hal_cortex.o(i.HAL_NVIC_SetPriority) for HAL_NVIC_SetPriority
    ce32_ioncom.o(i.CE32_IonCom_Init_device) refers to stm32f7xx_hal_cortex.o(i.HAL_NVIC_EnableIRQ) for HAL_NVIC_EnableIRQ
    ce32_ioncom.o(i.CE32_Ioncom_Init) refers to ce32_ioncom.o(i.CE32_Ioncom_Setting) for CE32_Ioncom_Setting
    ce32_ioncom.o(i.CE32_Ioncom_Setting) refers to datamgr.o(i.dataMGR_init_DMA) for dataMGR_init_DMA
    ce32_ioncom.o(i.CE32_Ioncom_Setting) refers to ce32_ioncom.o(i.CE32_IonCom_Init_device) for CE32_IonCom_Init_device
    main.o(i.HAL_TIM_PeriodElapsedCallback) refers to stm32f7xx_hal.o(i.HAL_IncTick) for HAL_IncTick
    main.o(i.MX_DMA_Init) refers to stm32f7xx_hal_cortex.o(i.HAL_NVIC_SetPriority) for HAL_NVIC_SetPriority
    main.o(i.MX_DMA_Init) refers to stm32f7xx_hal_cortex.o(i.HAL_NVIC_EnableIRQ) for HAL_NVIC_EnableIRQ
    main.o(i.MX_GPIO_Init) refers to memseta.o(.text) for __aeabi_memclr4
    main.o(i.MX_GPIO_Init) refers to stm32f7xx_hal_gpio.o(i.HAL_GPIO_WritePin) for HAL_GPIO_WritePin
    main.o(i.MX_GPIO_Init) refers to stm32f7xx_hal_gpio.o(i.HAL_GPIO_Init) for HAL_GPIO_Init
    main.o(i.MX_SAI2_Init) refers to stm32f7xx_hal_sai.o(i.HAL_SAI_Init) for HAL_SAI_Init
    main.o(i.MX_SAI2_Init) refers to main.o(.bss) for .bss
    main.o(i.MX_TIM12_Init) refers to memseta.o(.text) for __aeabi_memclr4
    main.o(i.MX_TIM12_Init) refers to stm32f7xx_hal_tim.o(i.HAL_TIM_PWM_Init) for HAL_TIM_PWM_Init
    main.o(i.MX_TIM12_Init) refers to stm32f7xx_hal_tim.o(i.HAL_TIM_PWM_ConfigChannel) for HAL_TIM_PWM_ConfigChannel
    main.o(i.MX_TIM12_Init) refers to stm32f7xx_hal_msp.o(i.HAL_TIM_MspPostInit) for HAL_TIM_MspPostInit
    main.o(i.MX_TIM12_Init) refers to main.o(.bss) for .bss
    main.o(i.MX_TIM2_Init) refers to memseta.o(.text) for __aeabi_memclr4
    main.o(i.MX_TIM2_Init) refers to stm32f7xx_hal_tim.o(i.HAL_TIM_PWM_Init) for HAL_TIM_PWM_Init
    main.o(i.MX_TIM2_Init) refers to stm32f7xx_hal_tim_ex.o(i.HAL_TIMEx_MasterConfigSynchronization) for HAL_TIMEx_MasterConfigSynchronization
    main.o(i.MX_TIM2_Init) refers to stm32f7xx_hal_tim.o(i.HAL_TIM_PWM_ConfigChannel) for HAL_TIM_PWM_ConfigChannel
[...]
    MX_UART5_Init                            0x0800370d   Thumb Code    36  main.o(i.MX_UART5_Init)
    i.MX_UART7_Init                          0x08003738   Section        0  main.o(i.MX_UART7_Init)
    MX_UART7_Init                            0x08003739   Thumb Code    34  main.o(i.MX_UART7_Init)
    i.MX_USART6_UART_Init                    0x08003768   Section        0  main.o(i.MX_USART6_UART_Init)
    MX_USART6_UART_Init                      0x08003769   Thumb Code    34  main.o(i.MX_USART6_UART_Init)
    i.MX_USB_DEVICE_Init                     0x08003798   Section        0  usb_device.o(i.MX_USB_DEVICE_Init)
    i.MemManage_Handler                      0x080037ec   Section        0  stm32f7xx_it.o(i.MemManage_Handler)
    i.NMI_Handler                            0x080037ee   Section        0  stm32f7xx_it.o(i.NMI_Handler)
    i.OTG_HS_IRQHandler                      0x080037f0   Section        0  stm32f7xx_it.o(i.OTG_HS_IRQHandler)
    i.PCD_EP_OutXfrComplete_int              0x080037fc   Section        0  stm32f7xx_hal_pcd.o(i.PCD_EP_OutXfrComplete_int)
    PCD_EP_OutXfrComplete_int                0x080037fd   Thumb Code   208  stm32f7xx_hal_pcd.o(i.PCD_EP_OutXfrComplete_int)
    i.PCD_WriteEmptyTxFifo                   0x080038d4   Section        0  stm32f7xx_hal_pcd.o(i.PCD_WriteEmptyTxFifo)
    PCD_WriteEmptyTxFifo                     0x080038d5   Thumb Code   152  stm32f7xx_hal_pcd.o(i.PCD_WriteEmptyTxFifo)
    i.PendSV_Handler                         0x0800396c   Section        0  stm32f7xx_it.o(i.PendSV_Handler)
    i.SAI_Disable                            0x08003970   Section        0  stm32f7xx_hal_sai.o(i.SAI_Disable)
    SAI_Disable                              0x08003971   Thumb Code    60  stm32f7xx_hal_sai.o(i.SAI_Disable)
    i.SVC_Handler                            0x080039b0   Section        0  stm32f7xx_it.o(i.SVC_Handler)
    i.SysTick_Handler                        0x080039b2   Section        0  stm32f7xx_it.o(i.SysTick_Handler)
    i.SystemClock_Config                     0x080039b4   Section        0  main.o(i.SystemClock_Config)
    i.SystemInit                             0x08003a70   Section        0  system_stm32f7xx.o(i.SystemInit)
    i.TIM1_UP_TIM10_IRQHandler               0x08003ac4   Section        0  stm32f7xx_it.o(i.TIM1_UP_TIM10_IRQHandler)
    i.TIM_Base_SetConfig                     0x08003ad0   Section        0  stm32f7xx_hal_tim.o(i.TIM_Base_SetConfig)
    i.TIM_OC1_SetConfig                      0x08003b98   Section        0  stm32f7xx_hal_tim.o(i.TIM_OC1_SetConfig)
    TIM_OC1_SetConfig                        0x08003b99   Thumb Code    92  stm32f7xx_hal_tim.o(i.TIM_OC1_SetConfig)
    i.TIM_OC2_SetConfig                      0x08003c00   Section        0  stm32f7xx_hal_tim.o(i.TIM_OC2_SetConfig)
    i.TIM_OC3_SetConfig                      0x08003c74   Section        0  stm32f7xx_hal_tim.o(i.TIM_OC3_SetConfig)
    TIM_OC3_SetConfig                        0x08003c75   Thumb Code   100  stm32f7xx_hal_tim.o(i.TIM_OC3_SetConfig)
    i.TIM_OC4_SetConfig                      0x08003ce4   Section        0  stm32f7xx_hal_tim.o(i.TIM_OC4_SetConfig)
    TIM_OC4_SetConfig                        0x08003ce5   Thumb Code    74  stm32f7xx_hal_tim.o(i.TIM_OC4_SetConfig)
    i.TIM_OC5_SetConfig                      0x08003d3c   Section        0  stm32f7xx_hal_tim.o(i.TIM_OC5_SetConfig)
    TIM_OC5_SetConfig                        0x08003d3d   Thumb Code    68  stm32f7xx_hal_tim.o(i.TIM_OC5_SetConfig)
    i.TIM_OC6_SetConfig                      0x08003d8c   Section        0  stm32f7xx_hal_tim.o(i.TIM_OC6_SetConfig)
    TIM_OC6_SetConfig                        0x08003d8d   Thumb Code    70  stm32f7xx_hal_tim.o(i.TIM_OC6_SetConfig)
    i.UART7_IRQHandler                       0x08003de0   Section        0  stm32f7xx_it.o(i.UART7_IRQHandler)
    i.UART_AdvFeatureConfig                  0x08003e7c   Section        0  stm32f7xx_hal_uart.o(i.UART_AdvFeatureConfig)
    i.UART_CheckIdleState                    0x08003f44   Section        0  stm32f7xx_hal_uart.o(i.UART_CheckIdleState)
    i.UART_DMAAbortOnError                   0x08003f80   Section        0  stm32f7xx_hal_uart.o(i.UART_DMAAbortOnError)
    UART_DMAAbortOnError                     0x08003f81   Thumb Code    20  stm32f7xx_hal_uart.o(i.UART_DMAAbortOnError)
    i.UART_EndRxTransfer                     0x08003f94   Section        0  stm32f7xx_hal_uart.o(i.UART_EndRxTransfer)
    UART_EndRxTransfer                       0x08003f95   Thumb Code    30  stm32f7xx_hal_uart.o(i.UART_EndRxTransfer)
    i.UART_SetConfig                         0x08003fb4   Section        0  stm32f7xx_hal_uart.o(i.UART_SetConfig)
    i.UART_WaitOnFlagUntilTimeout            0x080041fc   Section        0  stm32f7xx_hal_uart.o(i.UART_WaitOnFlagUntilTimeout)
    i.USART6_IRQHandler                      0x0800425c   Section        0  stm32f7xx_it.o(i.USART6_IRQHandler)
    i.USBD_CDC_DataIn                        0x080042f8   Section        0  usbd_cdc.o(i.USBD_CDC_DataIn)
    USBD_CDC_DataIn                          0x080042f9   Thumb Code    74  usbd_cdc.o(i.USBD_CDC_DataIn)
    i.USBD_CDC_DataOut                       0x08004342   Section        0  usbd_cdc.o(i.USBD_CDC_DataOut)
    USBD_CDC_DataOut                         0x08004343   Thumb Code    46  usbd_cdc.o(i.USBD_CDC_DataOut)
    i.USBD_CDC_DeInit                        0x08004370   Section        0  usbd_cdc.o(i.USBD_CDC_DeInit)
    USBD_CDC_DeInit                          0x08004371   Thumb Code    68  usbd_cdc.o(i.USBD_CDC_DeInit)
    i.USBD_CDC_EP0_RxReady                   0x080043b4   Section        0  usbd_cdc.o(i.USBD_CDC_EP0_RxReady)
    USBD_CDC_EP0_RxReady                     0x080043b5   Thumb Code    36  usbd_cdc.o(i.USBD_CDC_EP0_RxReady)
    i.USBD_CDC_GetDeviceQualifierDescriptor  0x080043d8   Section        0  usbd_cdc.o(i.USBD_CDC_GetDeviceQualifierDescriptor)
    i.USBD_CDC_GetFSCfgDesc                  0x080043e4   Section        0  usbd_cdc.o(i.USBD_CDC_GetFSCfgDesc)
    USBD_CDC_GetFSCfgDesc                    0x080043e5   Thumb Code     8  usbd_cdc.o(i.USBD_CDC_GetFSCfgDesc)
    i.USBD_CDC_GetHSCfgDesc                  0x080043f0   Section        0  usbd_cdc.o(i.USBD_CDC_GetHSCfgDesc)
    USBD_CDC_GetHSCfgDesc                    0x080043f1   Thumb Code     8  usbd_cdc.o(i.USBD_CDC_GetHSCfgDesc)
    i.USBD_CDC_GetOtherSpeedCfgDesc          0x080043fc   Section        0  usbd_cdc.o(i.USBD_CDC_GetOtherSpeedCfgDesc)
    USBD_CDC_GetOtherSpeedCfgDesc            0x080043fd   Thumb Code     8  usbd_cdc.o(i.USBD_CDC_GetOtherSpeedCfgDesc)
    i.USBD_CDC_Init                          0x08004408   Section        0  usbd_cdc.o(i.USBD_CDC_Init)
    USBD_CDC_Init                            0x08004409   Thumb Code   148  usbd_cdc.o(i.USBD_CDC_Init)
    i.USBD_CDC_ReceivePacket                 0x0800449c   Section        0  usbd_cdc.o(i.USBD_CDC_ReceivePacket)
    i.USBD_CDC_RegisterInterface             0x080044c4   Section        0  usbd_cdc.o(i.USBD_CDC_RegisterInterface)
    i.USBD_CDC_SetRxBuffer                   0x080044d4   Section        0  usbd_cdc.o(i.USBD_CDC_SetRxBuffer)
    i.USBD_CDC_SetTxBuffer                   0x080044e0   Section        0  usbd_cdc.o(i.USBD_CDC_SetTxBuffer)
    i.USBD_CDC_Setup                         0x080044f0   Section        0  usbd_cdc.o(i.USBD_CDC_Setup)
    USBD_CDC_Setup                           0x080044f1   Thumb Code   172  usbd_cdc.o(i.USBD_CDC_Setup)
    i.USBD_CDC_TransmitPacket                0x0800459c   Section        0  usbd_cdc.o(i.USBD_CDC_TransmitPacket)
    i.USBD_ClrClassConfig                    0x080045d2   Section        0  usbd_core.o(i.USBD_ClrClassConfig)
    i.USBD_CtlContinueRx                     0x080045e0   Section        0  usbd_ioreq.o(i.USBD_CtlContinueRx)
    i.USBD_CtlContinueSendData               0x080045f0   Section        0  usbd_ioreq.o(i.USBD_CtlContinueSendData)
    i.USBD_CtlError                          0x08004600   Section        0  usbd_ctlreq.o(i.USBD_CtlError)
    i.USBD_CtlPrepareRx                      0x08004616   Section        0  usbd_ioreq.o(i.USBD_CtlPrepareRx)
    i.USBD_CtlReceiveStatus                  0x08004634   Section        0  usbd_ioreq.o(i.USBD_CtlReceiveStatus)
    i.USBD_CtlSendData                       0x0800464a   Section        0  usbd_ioreq.o(i.USBD_CtlSendData)
    i.USBD_CtlSendStatus                     0x08004664   Section        0  usbd_ioreq.o(i.USBD_CtlSendStatus)
    i.USBD_GetDescriptor                     0x0800467a   Section        0  usbd_ctlreq.o(i.USBD_GetDescriptor)
    USBD_GetDescriptor                       0x0800467b   Thumb Code   232  usbd_ctlreq.o(i.USBD_GetDescriptor)
    i.USBD_GetString                         0x08004762   Section        0  usbd_ctlreq.o(i.USBD_GetString)
    i.USBD_Get_USB_Status                    0x080047aa   Section        0  usbd_conf.o(i.USBD_Get_USB_Status)
    i.USBD_HS_ConfigStrDescriptor            0x080047c4   Section        0  usbd_desc.o(i.USBD_HS_ConfigStrDescriptor)
    i.USBD_HS_DeviceDescriptor               0x080047e4   Section        0  usbd_desc.o(i.USBD_HS_DeviceDescriptor)
    i.USBD_HS_InterfaceStrDescriptor         0x080047f0   Section        0  usbd_desc.o(i.USBD_HS_InterfaceStrDescriptor)
    i.USBD_HS_LangIDStrDescriptor            0x08004814   Section        0  usbd_desc.o(i.USBD_HS_LangIDStrDescriptor)
    i.USBD_HS_ManufacturerStrDescriptor      0x08004820   Section        0  usbd_desc.o(i.USBD_HS_ManufacturerStrDescriptor)
    i.USBD_HS_ProductStrDescriptor           0x08004848   Section        0  usbd_desc.o(i.USBD_HS_ProductStrDescriptor)
    i.USBD_HS_SerialStrDescriptor            0x08004874   Section        0  usbd_desc.o(i.USBD_HS_SerialStrDescriptor)
    i.USBD_Init                              0x080048ac   Section        0  usbd_core.o(i.USBD_Init)
    i.USBD_LL_ClearStallEP                   0x080048d6   Section        0  usbd_conf.o(i.USBD_LL_ClearStallEP)
    i.USBD_LL_CloseEP                        0x080048e8   Section        0  usbd_conf.o(i.USBD_LL_CloseEP)
    i.USBD_LL_DataInStage                    0x080048fa   Section        0  usbd_core.o(i.USBD_LL_DataInStage)
    i.USBD_LL_DataOutStage                   0x080049c0   Section        0  usbd_core.o(i.USBD_LL_DataOutStage)
    i.USBD_LL_DevConnected                   0x08004a42   Section        0  usbd_core.o(i.USBD_LL_DevConnected)
    i.USBD_LL_DevDisconnected                0x08004a46   Section        0  usbd_core.o(i.USBD_LL_DevDisconnected)
    i.USBD_LL_GetRxDataSize                  0x08004a5c   Section        0  usbd_conf.o(i.USBD_LL_GetRxDataSize)
    i.USBD_LL_Init                           0x08004a64   Section        0  usbd_conf.o(i.USBD_LL_Init)
    i.USBD_LL_IsStallEP                      0x08004acc   Section        0  usbd_conf.o(i.USBD_LL_IsStallEP)
    i.USBD_LL_IsoINIncomplete                0x08004aec   Section        0  usbd_core.o(i.USBD_LL_IsoINIncomplete)
    i.USBD_LL_IsoOUTIncomplete               0x08004af0   Section        0  usbd_core.o(i.USBD_LL_IsoOUTIncomplete)
    i.USBD_LL_OpenEP                         0x08004af4   Section        0  usbd_conf.o(i.USBD_LL_OpenEP)
    i.USBD_LL_PrepareReceive                 0x08004b0c   Section        0  usbd_conf.o(i.USBD_LL_PrepareReceive)
    i.USBD_LL_Reset                          0x08004b1e   Section        0  usbd_core.o(i.USBD_LL_Reset)
    i.USBD_LL_Resume                         0x08004b6e   Section        0  usbd_core.o(i.USBD_LL_Resume)
    i.USBD_LL_SOF                            0x08004b7a   Section        0  usbd_core.o(i.USBD_LL_SOF)
    i.USBD_LL_SetSpeed                       0x08004b92   Section        0  usbd_core.o(i.USBD_LL_SetSpeed)
    i.USBD_LL_SetUSBAddress                  0x08004b98   Section        0  usbd_conf.o(i.USBD_LL_SetUSBAddress)
    i.USBD_LL_SetupStage                     0x08004baa   Section        0  usbd_core.o(i.USBD_LL_SetupStage)
    i.USBD_LL_StallEP                        0x08004c04   Section        0  usbd_conf.o(i.USBD_LL_StallEP)
    i.USBD_LL_Start                          0x08004c16   Section        0  usbd_conf.o(i.USBD_LL_Start)
    i.USBD_LL_Suspend                        0x08004c28   Section        0  usbd_core.o(i.USBD_LL_Suspend)
    i.USBD_LL_Transmit                       0x08004c3a   Section        0  usbd_conf.o(i.USBD_LL_Transmit)
    i.USBD_ParseSetupRequest                 0x08004c4c   Section        0  usbd_ctlreq.o(i.USBD_ParseSetupRequest)
    i.USBD_RegisterClass                     0x08004c74   Section        0  usbd_core.o(i.USBD_RegisterClass)
    i.USBD_SetClassConfig                    0x08004c84   Section        0  usbd_core.o(i.USBD_SetClassConfig)
    i.USBD_SetConfig                         0x08004c9c   Section        0  usbd_ctlreq.o(i.USBD_SetConfig)
    USBD_SetConfig                           0x08004c9d   Thumb Code   128  usbd_ctlreq.o(i.USBD_SetConfig)
    i.USBD_Start                             0x08004d20   Section        0  usbd_core.o(i.USBD_Start)
    i.USBD_StdDevReq                         0x08004d2a   Section        0  usbd_ctlreq.o(i.USBD_StdDevReq)
    i.USBD_StdEPReq                          0x08004e3c   Section        0  usbd_ctlreq.o(i.USBD_StdEPReq)
    i.USBD_StdItfReq                         0x08004f8c   Section        0  usbd_ctlreq.o(i.USBD_StdItfReq)
    i.USB_ActivateEndpoint                   0x08004fdc   Section        0  stm32f7xx_ll_usb.o(i.USB_ActivateEndpoint)
    i.USB_ActivateSetup                      0x0800505c   Section        0  stm32f7xx_ll_usb.o(i.USB_ActivateSetup)
    i.USB_CoreInit                           0x08005090   Section        0  stm32f7xx_ll_usb.o(i.USB_CoreInit)
    i.USB_CoreReset                          0x08005174   Section        0  stm32f7xx_ll_usb.o(i.USB_CoreReset)
    USB_CoreReset                            0x08005175   Thumb Code    46  stm32f7xx_ll_usb.o(i.USB_CoreReset)
    i.USB_DeactivateEndpoint                 0x080051a8   Section        0  stm32f7xx_ll_usb.o(i.USB_DeactivateEndpoint)
    i.USB_DevConnect                         0x08005228   Section        0  stm32f7xx_ll_usb.o(i.USB_DevConnect)
    i.USB_DevDisconnect                      0x08005240   Section        0  stm32f7xx_ll_usb.o(i.USB_DevDisconnect)
    i.USB_DevInit                            0x08005258   Section        0  stm32f7xx_ll_usb.o(i.USB_DevInit)
    i.USB_DisableGlobalInt                   0x080053e0   Section        0  stm32f7xx_ll_usb.o(i.USB_DisableGlobalInt)
    i.USB_EP0StartXfer                       0x080053ec   Section        0  stm32f7xx_ll_usb.o(i.USB_EP0StartXfer)
    i.USB_EP0_OutStart                       0x080054f8   Section        0  stm32f7xx_ll_usb.o(i.USB_EP0_OutStart)
    i.USB_EPClearStall                       0x08005550   Section        0  stm32f7xx_ll_usb.o(i.USB_EPClearStall)
    i.USB_EPSetStall                         0x080055a8   Section        0  stm32f7xx_ll_usb.o(i.USB_EPSetStall)
    i.USB_EPStartXfer                        0x08005600   Section        0  stm32f7xx_ll_usb.o(i.USB_EPStartXfer)
    i.USB_EnableGlobalInt                    0x080057c4   Section        0  stm32f7xx_ll_usb.o(i.USB_EnableGlobalInt)
    i.USB_FlushRxFifo                        0x080057d0   Section        0  stm32f7xx_ll_usb.o(i.USB_FlushRxFifo)
    i.USB_FlushTxFifo                        0x080057f0   Section        0  stm32f7xx_ll_usb.o(i.USB_FlushTxFifo)
    i.USB_GetDevSpeed                        0x08005814   Section        0  stm32f7xx_ll_usb.o(i.USB_GetDevSpeed)
    i.USB_GetMode                            0x0800582e   Section        0  stm32f7xx_ll_usb.o(i.USB_GetMode)
    i.USB_ReadDevAllInEpInterrupt            0x08005836   Section        0  stm32f7xx_ll_usb.o(i.USB_ReadDevAllInEpInterrupt)
    i.USB_ReadDevAllOutEpInterrupt           0x08005844   Section        0  stm32f7xx_ll_usb.o(i.USB_ReadDevAllOutEpInterrupt)
    i.USB_ReadDevInEPInterrupt               0x08005852   Section        0  stm32f7xx_ll_usb.o(i.USB_ReadDevInEPInterrupt)
    i.USB_ReadDevOutEPInterrupt              0x08005876   Section        0  stm32f7xx_ll_usb.o(i.USB_ReadDevOutEPInterrupt)
    i.USB_ReadInterrupts                     0x08005886   Section        0  stm32f7xx_ll_usb.o(i.USB_ReadInterrupts)
    i.USB_ReadPacket                         0x0800588e   Section        0  stm32f7xx_ll_usb.o(i.USB_ReadPacket)
    i.USB_SetCurrentMode                     0x080058ac   Section        0  stm32f7xx_ll_usb.o(i.USB_SetCurrentMode)
    i.USB_SetDevAddress                      0x080058da   Section        0  stm32f7xx_ll_usb.o(i.USB_SetDevAddress)
    i.USB_SetTurnaroundTime                  0x080058fc   Section        0  stm32f7xx_ll_usb.o(i.USB_SetTurnaroundTime)
    i.USB_WritePacket                        0x080059e4   Section        0  stm32f7xx_ll_usb.o(i.USB_WritePacket)
    i.UsageFault_Handler                     0x08005a08   Section        0  stm32f7xx_it.o(i.UsageFault_Handler)
    i.__NVIC_SetPriority                     0x08005a0a   Section        0  stm32f7xx_hal_cortex.o(i.__NVIC_SetPriority)
    __NVIC_SetPriority                       0x08005a0b   Thumb Code    32  stm32f7xx_hal_cortex.o(i.__NVIC_SetPriority)
    i.__scatterload_copy                     0x08005a2a   Section       14  handlers.o(i.__scatterload_copy)
    i.__scatterload_null                     0x08005a38   Section        2  handlers.o(i.__scatterload_null)
    i.__scatterload_zeroinit                 0x08005a3a   Section       14  handlers.o(i.__scatterload_zeroinit)
    i.dataMGR_init                           0x08005a48   Section        0  datamgr.o(i.dataMGR_init)
    i.dataMGR_init_DMA                       0x08005a68   Section        0  datamgr.o(i.dataMGR_init_DMA)
    i.free                                   0x08005a90   Section        0  malloc.o(i.free)
    i.main                                   0x08005ae0   Section        0  main.o(i.main)
    i.malloc                                 0x08005d04   Section        0  malloc.o(i.malloc)
    .constdata                               0x08005d70   Section        8  stm32f7xx_hal_dma.o(.constdata)
    flagBitshiftOffset                       0x08005d70   Data           8  stm32f7xx_hal_dma.o(.constdata)
    .constdata                               0x08005d78   Section       16  system_stm32f7xx.o(.constdata)
    .constdata                               0x08005d88   Section        8  system_stm32f7xx.o(.constdata)
    .data                                    0x20000000   Section       28  usbd_desc.o(.data)
    .data                                    0x2000001c   Section       50  usbd_desc.o(.data)
    .data                                    0x20000050   Section       16  usbd_cdc_if.o(.data)
    .data                                    0x20000060   Section        4  stm32f7xx_hal_msp.o(.data)
    SAI2_client                              0x20000060   Data           4  stm32f7xx_hal_msp.o(.data)
    .data                                    0x20000064   Section       12  stm32f7xx_hal.o(.data)
    .data                                    0x20000070   Section        4  system_stm32f7xx.o(.data)
    .data                                    0x20000074   Section        1  usbd_ctlreq.o(.data)
    cfgidx                                   0x20000074   Data           1  usbd_ctlreq.o(.data)
    .data                                    0x20000078   Section      215  usbd_cdc.o(.data)
    USBD_CDC_DeviceQualifierDesc             0x20000078   Data          10  usbd_cdc.o(.data)
    .data                                    0x20000150   Section       56  usbd_cdc.o(.data)
    .data                                    0x20000188   Section        4  mvars.o(.data)
    .data                                    0x2000018c   Section        4  mvars.o(.data)
    .bss                                     0x20000190   Section    17584  main.o(.bss)
    .bss                                     0x20004640   Section       96  main.o(.bss)
    .bss                                     0x200046a0   Section       96  main.o(.bss)
    .bss                                     0x20004700   Section       96  main.o(.bss)
    .bss                                     0x20004760   Section       96  main.o(.bss)
    .bss                                     0x200047c0   Section       96  main.o(.bss)
    .bss                                     0x20004820   Section       96  main.o(.bss)
    .bss                                     0x20004880   Section      668  usb_device.o(.bss)
    .bss                                     0x20004b1c   Section     1028  usbd_conf.o(.bss)
    .bss                                     0x20004f20   Section      512  usbd_desc.o(.bss)
    .bss                                     0x20005120   Section     4096  usbd_cdc_if.o(.bss)
    .bss                                     0x20006120   Section       64  stm32f7xx_hal_timebase_tim.o(.bss)
    HEAP                                     0x20006160   Section     1024  startup_stm32f723xx.o(HEAP)
    STACK                                    0x20006560   Section     1024  startup_stm32f723xx.o(STACK)

    Global Symbols

    Symbol Name                              Value     Ov Type        Size  Object(Section)

    BuildAttributes$$THM_ISAv4$E$P$D$K$B$S$7EM$VFPi3$EXTD16$VFPS$VFMA$PE$PLD8$A:L22UL41UL21$X:L11$S22US41US21$IEEE1$IW$USESV6$~STKCKD$USESV7$~SHL$OSPACE$EBA8$MICROLIB$REQ8$PRES8$EABIv2 0x00000000   Number         0  anon$$obj.o ABSOLUTE
    __ARM_use_no_argv                        0x00000000   Number         0  main.o ABSOLUTE
    __cpp_initialize__aeabi_                  - Undefined Weak Reference
    __cxa_finalize                            - Undefined Weak Reference
    _clock_init                               - Undefined Weak Reference
    _microlib_exit                            - Undefined Weak Reference
    __Vectors_Size                           0x000001e0   Number         0  startup_stm32f723xx.o ABSOLUTE
    __Vectors                                0x08000000   Data           4  startup_stm32f723xx.o(RESET)
    __Vectors_End                            0x080001e0   Data           0  startup_stm32f723xx.o(RESET)
    __main                                   0x080001e1   Thumb Code     0  entry.o(.ARM.Collect$$$$00000000)
    _main_stk                                0x080001e1   Thumb Code     0  entry2.o(.ARM.Collect$$$$00000001)
    _main_scatterload                        0x080001e5   Thumb Code     0  entry5.o(.ARM.Collect$$$$00000004)
    __main_after_scatterload                 0x080001e9   Thumb Code     0  entry5.o(.ARM.Collect$$$$00000004)
    _main_clock                              0x080001e9   Thumb Code     0  entry7b.o(.ARM.Collect$$$$00000008)
    _main_cpp_init                           0x080001e9   Thumb Code     0  entry8b.o(.ARM.Collect$$$$0000000A)
    _main_init                               0x080001e9   Thumb Code     0  entry9a.o(.ARM.Collect$$$$0000000B)
    __rt_final_cpp                           0x080001f1   Thumb Code     0  entry10a.o(.ARM.Collect$$$$0000000D)
    __rt_final_exit                          0x080001f1   Thumb Code     0  entry11a.o(.ARM.Collect$$$$0000000F)
    Reset_Handler                            0x080001f5   Thumb Code     8  startup_stm32f723xx.o(.text)
    ADC_IRQHandler                           0x0800020f   Thumb Code     0  startup_stm32f723xx.o(.text)
    CAN1_RX0_IRQHandler                      0x0800020f   Thumb Code     0  startup_stm32f723xx.o(.text)
    CAN1_RX1_IRQHandler                      0x0800020f   Thumb Code     0  startup_stm32f723xx.o(.text)
    CAN1_SCE_IRQHandler                      0x0800020f   Thumb Code     0  startup_stm32f723xx.o(.text)
    CAN1_TX_IRQHandler                       0x0800020f   Thumb Code     0  startup_stm32f723xx.o(.text)
    DMA1_Stream0_IRQHandler                  0x0800020f   Thumb Code     0  startup_stm32f723xx.o(.text)
    DMA1_Stream2_IRQHandler                  0x0800020f   Thumb Code     0  startup_stm32f723xx.o(.text)
    DMA1_Stream4_IRQHandler                  0x0800020f   Thumb Code     0  startup_stm32f723xx.o(.text)
    DMA1_Stream5_IRQHandler                  0x0800020f   Thumb Code     0  startup_stm32f723xx.o(.text)
    DMA1_Stream6_IRQHandler                  0x0800020f   Thumb Code     0  startup_stm32f723xx.o(.text)
    DMA1_Stream7_IRQHandler                  0x0800020f   Thumb Code     0  startup_stm32f723xx.o(.text)
    DMA2_Stream0_IRQHandler                  0x0800020f   Thumb Code     0  startup_stm32f723xx.o(.text)
    DMA2_Stream2_IRQHandler                  0x0800020f   Thumb Code     0  startup_stm32f723xx.o(.text)
    DMA2_Stream3_IRQHandler                  0x0800020f   Thumb Code     0  startup_stm32f723xx.o(.text)
    DMA2_Stream5_IRQHandler                  0x0800020f   Thumb Code     0  startup_stm32f723xx.o(.text)
    EXTI0_IRQHandler                         0x0800020f   Thumb Code     0  startup_stm32f723xx.o(.text)
    EXTI15_10_IRQHandler                     0x0800020f   Thumb Code     0  startup_stm32f723xx.o(.text)
    EXTI1_IRQHandler                         0x0800020f   Thumb Code     0  startup_stm32f723xx.o(.text)
    EXTI2_IRQHandler                         0x0800020f   Thumb Code     0  startup_stm32f723xx.o(.text)
    EXTI3_IRQHandler                         0x0800020f   Thumb Code     0  startup_stm32f723xx.o(.text)
    EXTI4_IRQHandler                         0x0800020f   Thumb Code     0  startup_stm32f723xx.o(.text)
    EXTI9_5_IRQHandler                       0x0800020f   Thumb Code     0  startup_stm32f723xx.o(.text)
    FLASH_IRQHandler                         0x0800020f   Thumb Code     0  startup_stm32f723xx.o(.text)
    FMC_IRQHandler                           0x0800020f   Thumb Code     0  startup_stm32f723xx.o(.text)
    FPU_IRQHandler                           0x0800020f   Thumb Code     0  startup_stm32f723xx.o(.text)
    I2C1_ER_IRQHandler                       0x0800020f   Thumb Code     0  startup_stm32f723xx.o(.text)
    I2C1_EV_IRQHandler                       0x0800020f   Thumb Code     0  startup_stm32f723xx.o(.text)
    I2C2_ER_IRQHandler                       0x0800020f   Thumb Code     0  startup_stm32f723xx.o(.text)
    I2C2_EV_IRQHandler                       0x0800020f   Thumb Code     0  startup_stm32f723xx.o(.text)
    I2C3_ER_IRQHandler                       0x0800020f   Thumb Code     0  startup_stm32f723xx.o(.text)
    I2C3_EV_IRQHandler                       0x0800020f   Thumb Code     0  startup_stm32f723xx.o(.text)
    LPTIM1_IRQHandler                        0x0800020f   Thumb Code     0  startup_stm32f723xx.o(.text)
    OTG_FS_IRQHandler                        0x0800020f   Thumb Code     0  startup_stm32f723xx.o(.text)
    OTG_FS_WKUP_IRQHandler                   0x0800020f   Thumb Code     0  startup_stm32f723xx.o(.text)
    OTG_HS_EP1_IN_IRQHandler                 0x0800020f   Thumb Code     0  startup_stm32f723xx.o(.text)
    OTG_HS_EP1_OUT_IRQHandler                0x0800020f   Thumb Code     0  startup_stm32f723xx.o(.text)
    OTG_HS_WKUP_IRQHandler                   0x0800020f   Thumb Code     0  startup_stm32f723xx.o(.text)
    PVD_IRQHandler                           0x0800020f   Thumb Code     0  startup_stm32f723xx.o(.text)
    QUADSPI_IRQHandler                       0x0800020f   Thumb Code     0  startup_stm32f723xx.o(.text)
    RCC_IRQHandler                           0x0800020f   Thumb Code     0  startup_stm32f723xx.o(.text)
    RNG_IRQHandler                           0x0800020f   Thumb Code     0  startup_stm32f723xx.o(.text)
    RTC_Alarm_IRQHandler                     0x0800020f   Thumb Code     0  startup_stm32f723xx.o(.text)
    RTC_WKUP_IRQHandler                      0x0800020f   Thumb Code     0  startup_stm32f723xx.o(.text)
    SAI1_IRQHandler                          0x0800020f   Thumb Code     0  startup_stm32f723xx.o(.text)
    SAI2_IRQHandler                          0x0800020f   Thumb Code     0  startup_stm32f723xx.o(.text)
    SDMMC1_IRQHandler                        0x0800020f   Thumb Code     0  startup_stm32f723xx.o(.text)
    SDMMC2_IRQHandler                        0x0800020f   Thumb Code     0  startup_stm32f723xx.o(.text)
    SPI1_IRQHandler                          0x0800020f   Thumb Code     0  startup_stm32f723xx.o(.text)
    SPI2_IRQHandler                          0x0800020f   Thumb Code     0  startup_stm32f723xx.o(.text)
    SPI3_IRQHandler                          0x0800020f   Thumb Code     0  startup_stm32f723xx.o(.text)
    SPI4_IRQHandler                          0x0800020f   Thumb Code     0  startup_stm32f723xx.o(.text)
    SPI5_IRQHandler                          0x0800020f   Thumb Code     0  startup_stm32f723xx.o(.text)
    TAMP_STAMP_IRQHandler                    0x0800020f   Thumb Code     0  startup_stm32f723xx.o(.text)
    TIM1_BRK_TIM9_IRQHandler                 0x0800020f   Thumb Code     0  startup_stm32f723xx.o(.text)
    TIM1_CC_IRQHandler                       0x0800020f   Thumb Code     0  startup_stm32f723xx.o(.text)
    TIM1_TRG_COM_TIM11_IRQHandler            0x0800020f   Thumb Code     0  startup_stm32f723xx.o(.text)
    TIM2_IRQHandler                          0x0800020f   Thumb Code     0  startup_stm32f723xx.o(.text)
    TIM3_IRQHandler                          0x0800020f   Thumb Code     0  startup_stm32f723xx.o(.text)
    TIM4_IRQHandler                          0x0800020f   Thumb Code     0  startup_stm32f723xx.o(.text)
    TIM5_IRQHandler                          0x0800020f   Thumb Code     0  startup_stm32f723xx.o(.text)
    TIM6_DAC_IRQHandler                      0x0800020f   Thumb Code     0  startup_stm32f723xx.o(.text)
    TIM7_IRQHandler                          0x0800020f   Thumb Code     0  startup_stm32f723xx.o(.text)
    TIM8_BRK_TIM12_IRQHandler                0x0800020f   Thumb Code     0  startup_stm32f723xx.o(.text)
    TIM8_CC_IRQHandler                       0x0800020f   Thumb Code     0  startup_stm32f723xx.o(.text)
    TIM8_TRG_COM_TIM14_IRQHandler            0x0800020f   Thumb Code     0  startup_stm32f723xx.o(.text)
    TIM8_UP_TIM13_IRQHandler                 0x0800020f   Thumb Code     0  startup_stm32f723xx.o(.text)
    UART4_IRQHandler                         0x0800020f   Thumb Code     0  startup_stm32f723xx.o(.text)
    UART5_IRQHandler                         0x0800020f   Thumb Code     0  startup_stm32f723xx.o(.text)
    UART8_IRQHandler                         0x0800020f   Thumb Code     0  startup_stm32f723xx.o(.text)
    USART1_IRQHandler                        0x0800020f   Thumb Code     0  startup_stm32f723xx.o(.text)
    USART2_IRQHandler                        0x0800020f   Thumb Code     0  startup_stm32f723xx.o(.text)
    USART3_IRQHandler                        0x0800020f   Thumb Code     0  startup_stm32f723xx.o(.text)
    WWDG_IRQHandler                          0x0800020f   Thumb Code     0  startup_stm32f723xx.o(.text)
    __aeabi_uldivmod                         0x08000219   Thumb Code    98  uldiv.o(.text)
    __aeabi_memcpy                           0x0800027b   Thumb Code    36  memcpya.o(.text)
    __aeabi_memcpy4                          0x0800027b   Thumb Code     0  memcpya.o(.text)
    __aeabi_memcpy8                          0x0800027b   Thumb Code     0  memcpya.o(.text)
    __aeabi_memset                           0x0800029f   Thumb Code    14  memseta.o(.text)
    __aeabi_memset4                          0x0800029f   Thumb Code     0  memseta.o(.text)
    __aeabi_memset8                          0x0800029f   Thumb Code     0  memseta.o(.text)
    __aeabi_memclr                           0x080002ad   Thumb Code     4  memseta.o(.text)
    __aeabi_memclr4                          0x080002ad   Thumb Code     0  memseta.o(.text)
    __aeabi_memclr8                          0x080002ad   Thumb Code     0  memseta.o(.text)
    _memset$wrapper                          0x080002b1   Thumb Code    18  memseta.o(.text)
    __aeabi_llsl                             0x080002c3   Thumb Code    30  llshl.o(.text)
    _ll_shift_l                              0x080002c3   Thumb Code     0  llshl.o(.text)
    __aeabi_llsr                             0x080002e1   Thumb Code    32  llushr.o(.text)
    _ll_ushift_r                             0x080002e1   Thumb Code     0  llushr.o(.text)
    __scatterload                            0x08000301   Thumb Code    28  init.o(.text)
    __scatterload_rt2                        0x08000301   Thumb Code     0  init.o(.text)
    __decompress                             0x08000325   Thumb Code     0  __dczerorl2.o(.text)
    __decompress1                            0x08000325   Thumb Code    86  __dczerorl2.o(.text)
    BusFault_Handler                         0x0800037b   Thumb Code     2  stm32f7xx_it.o(i.BusFault_Handler)
    CDC_Transmit_HS                          0x08000625   Thumb Code    38  usbd_cdc_if.o(i.CDC_Transmit_HS)
    CE32_IonCom_Init_device                  0x08000651   Thumb Code   154  ce32_ioncom.o(i.CE32_IonCom_Init_device)
    CE32_Ioncom_Init                         0x080006eb   Thumb Code    36  ce32_ioncom.o(i.CE32_Ioncom_Init)
    CE32_Ioncom_Setting                      0x0800070f   Thumb Code    72  ce32_ioncom.o(i.CE32_Ioncom_Setting)
    DMA1_Stream1_IRQHandler                  0x08000759   Thumb Code     6  stm32f7xx_it.o(i.DMA1_Stream1_IRQHandler)
    DMA1_Stream3_IRQHandler                  0x08000765   Thumb Code   142  stm32f7xx_it.o(i.DMA1_Stream3_IRQHandler)
    DMA2_Stream1_IRQHandler                  0x080007fd   Thumb Code     6  stm32f7xx_it.o(i.DMA2_Stream1_IRQHandler)
    DMA2_Stream4_IRQHandler                  0x08000809   Thumb Code     6  stm32f7xx_it.o(i.DMA2_Stream4_IRQHandler)
    DMA2_Stream6_IRQHandler                  0x08000815   Thumb Code     6  stm32f7xx_it.o(i.DMA2_Stream6_IRQHandler)
    DMA2_Stream7_IRQHandler                  0x08000821   Thumb Code    60  stm32f7xx_it.o(i.DMA2_Stream7_IRQHandler)
    DebugMon_Handler                         0x080008e9   Thumb Code     2  stm32f7xx_it.o(i.DebugMon_Handler)
    Error_Handler                            0x080008eb   Thumb Code     2  main.o(i.Error_Handler)
    HAL_DMA_Abort_IT                         0x080008ed   Thumb Code    36  stm32f7xx_hal_dma.o(i.HAL_DMA_Abort_IT)
    HAL_DMA_IRQHandler                       0x08000911   Thumb Code   412  stm32f7xx_hal_dma.o(i.HAL_DMA_IRQHandler)
    HAL_DMA_Init                             0x08000ab1   Thumb Code   206  stm32f7xx_hal_dma.o(i.HAL_DMA_Init)
    HAL_Delay                                0x08000b85   Thumb Code    32  stm32f7xx_hal.o(i.HAL_Delay)
    HAL_GPIO_Init                            0x08000ba9   Thumb Code   402  stm32f7xx_hal_gpio.o(i.HAL_GPIO_Init)
    HAL_GPIO_WritePin                        0x08000d69   Thumb Code    10  stm32f7xx_hal_gpio.o(i.HAL_GPIO_WritePin)
    HAL_GetTick                              0x08000d75   Thumb Code     6  stm32f7xx_hal.o(i.HAL_GetTick)
    HAL_IncTick                              0x08000d81   Thumb Code    12  stm32f7xx_hal.o(i.HAL_IncTick)
    HAL_Init                                 0x08000d91   Thumb Code    40  stm32f7xx_hal.o(i.HAL_Init)
    HAL_InitTick                             0x08000dbd   Thumb Code   100  stm32f7xx_hal_timebase_tim.o(i.HAL_InitTick)
    HAL_MspInit                              0x08000e31   Thumb Code    48  stm32f7xx_hal_msp.o(i.HAL_MspInit)
    HAL_NVIC_EnableIRQ                       0x08000e65   Thumb Code    26  stm32f7xx_hal_cortex.o(i.HAL_NVIC_EnableIRQ)
    HAL_NVIC_SetPriority                     0x08000e81   Thumb Code    60  stm32f7xx_hal_cortex.o(i.HAL_NVIC_SetPriority)
    HAL_NVIC_SetPriorityGrouping             0x08000ec1   Thumb Code    26  stm32f7xx_hal_cortex.o(i.HAL_NVIC_SetPriorityGrouping)
    HAL_PCDEx_ActivateLPM                    0x08000ee5   Thumb Code    34  stm32f7xx_hal_pcd_ex.o(i.HAL_PCDEx_ActivateLPM)
    HAL_PCDEx_LPM_Callback                   0x08000f0d   Thumb Code     2  stm32f7xx_hal_pcd_ex.o(i.HAL_PCDEx_LPM_Callback)
    HAL_PCDEx_SetRxFiFo                      0x08000f0f   Thumb Code     8  stm32f7xx_hal_pcd_ex.o(i.HAL_PCDEx_SetRxFiFo)
    HAL_PCDEx_SetTxFiFo                      0x08000f17   Thumb Code    68  stm32f7xx_hal_pcd_ex.o(i.HAL_PCDEx_SetTxFiFo)
    HAL_PCD_ConnectCallback                  0x08000f5b   Thumb Code     8  usbd_conf.o(i.HAL_PCD_ConnectCallback)
    HAL_PCD_DataInStageCallback              0x08000f63   Thumb Code    18  usbd_conf.o(i.HAL_PCD_DataInStageCallback)
    HAL_PCD_DataOutStageCallback             0x08000f75   Thumb Code    20  usbd_conf.o(i.HAL_PCD_DataOutStageCallback)
    HAL_PCD_DisconnectCallback               0x08000f89   Thumb Code     8  usbd_conf.o(i.HAL_PCD_DisconnectCallback)
    HAL_PCD_EP_Close                         0x08000f91   Thumb Code    76  stm32f7xx_hal_pcd.o(i.HAL_PCD_EP_Close)
    HAL_PCD_EP_ClrStall                      0x08000fdd   Thumb Code    92  stm32f7xx_hal_pcd.o(i.HAL_PCD_EP_ClrStall)
    HAL_PCD_EP_GetRxCount                    0x08001039   Thumb Code    18  stm32f7xx_hal_pcd.o(i.HAL_PCD_EP_GetRxCount)
    HAL_PCD_EP_Open                          0x0800104b   Thumb Code    96  stm32f7xx_hal_pcd.o(i.HAL_PCD_EP_Open)
    HAL_PCD_EP_Receive                       0x080010ab   Thumb Code    72  stm32f7xx_hal_pcd.o(i.HAL_PCD_EP_Receive)
    HAL_PCD_EP_SetStall                      0x080010f3   Thumb Code   116  stm32f7xx_hal_pcd.o(i.HAL_PCD_EP_SetStall)
    HAL_PCD_EP_Transmit                      0x08001167   Thumb Code    64  stm32f7xx_hal_pcd.o(i.HAL_PCD_EP_Transmit)
    HAL_PCD_IRQHandler                       0x080011a9   Thumb Code  1160  stm32f7xx_hal_pcd.o(i.HAL_PCD_IRQHandler)
    HAL_PCD_ISOINIncompleteCallback          0x08001631   Thumb Code     8  usbd_conf.o(i.HAL_PCD_ISOINIncompleteCallback)
    HAL_PCD_ISOOUTIncompleteCallback         0x08001639   Thumb Code     8  usbd_conf.o(i.HAL_PCD_ISOOUTIncompleteCallback)
    HAL_PCD_Init                             0x08001641   Thumb Code   232  stm32f7xx_hal_pcd.o(i.HAL_PCD_Init)
    HAL_PCD_MspInit                          0x08001729   Thumb Code   142  usbd_conf.o(i.HAL_PCD_MspInit)
    HAL_PCD_ResetCallback                    0x080017c5   Thumb Code    44  usbd_conf.o(i.HAL_PCD_ResetCallback)
    HAL_PCD_ResumeCallback                   0x080017f1   Thumb Code     8  usbd_conf.o(i.HAL_PCD_ResumeCallback)
    HAL_PCD_SOFCallback                      0x080017f9   Thumb Code     8  usbd_conf.o(i.HAL_PCD_SOFCallback)
    HAL_PCD_SetAddress                       0x08001801   Thumb Code    40  stm32f7xx_hal_pcd.o(i.HAL_PCD_SetAddress)
    HAL_PCD_SetupStageCallback               0x08001829   Thumb Code    14  usbd_conf.o(i.HAL_PCD_SetupStageCallback)
    HAL_PCD_Start                            0x08001837   Thumb Code    42  stm32f7xx_hal_pcd.o(i.HAL_PCD_Start)
    HAL_PCD_SuspendCallback                  0x08001861   Thumb Code    44  usbd_conf.o(i.HAL_PCD_SuspendCallback)
    HAL_PWREx_EnableOverDrive                0x08001891   Thumb Code    98  stm32f7xx_hal_pwr_ex.o(i.HAL_PWREx_EnableOverDrive)
    HAL_PWR_EnableBkUpAccess                 0x080018fd   Thumb Code    12  stm32f7xx_hal_pwr.o(i.HAL_PWR_EnableBkUpAccess)
    HAL_RCCEx_GetPeriphCLKFreq               0x0800190d   Thumb Code   184  stm32f7xx_hal_rcc_ex.o(i.HAL_RCCEx_GetPeriphCLKFreq)
    HAL_RCCEx_PeriphCLKConfig                0x080019d5   Thumb Code  1104  stm32f7xx_hal_rcc_ex.o(i.HAL_RCCEx_PeriphCLKConfig)
    HAL_RCC_ClockConfig                      0x08001e25   Thumb Code   294  stm32f7xx_hal_rcc.o(i.HAL_RCC_ClockConfig)
    HAL_RCC_GetClockConfig                   0x08001f5d   Thumb Code    54  stm32f7xx_hal_rcc.o(i.HAL_RCC_GetClockConfig)
    HAL_RCC_GetHCLKFreq                      0x08001f9d   Thumb Code     6  stm32f7xx_hal_rcc.o(i.HAL_RCC_GetHCLKFreq)
    HAL_RCC_GetPCLK1Freq                     0x08001fa9   Thumb Code    20  stm32f7xx_hal_rcc.o(i.HAL_RCC_GetPCLK1Freq)
    HAL_RCC_GetPCLK2Freq                     0x08001fc9   Thumb Code    20  stm32f7xx_hal_rcc.o(i.HAL_RCC_GetPCLK2Freq)
    HAL_RCC_GetSysClockFreq                  0x08001fe9   Thumb Code    88  stm32f7xx_hal_rcc.o(i.HAL_RCC_GetSysClockFreq)
    HAL_RCC_OscConfig                        0x0800204d   Thumb Code   786  stm32f7xx_hal_rcc.o(i.HAL_RCC_OscConfig)
    HAL_SAI_Init                             0x0800236d   Thumb Code   446  stm32f7xx_hal_sai.o(i.HAL_SAI_Init)
    HAL_SAI_MspInit                          0x0800253d   Thumb Code   286  stm32f7xx_hal_msp.o(i.HAL_SAI_MspInit)
    HAL_TIMEx_Break2Callback                 0x0800267d   Thumb Code     2  stm32f7xx_hal_tim_ex.o(i.HAL_TIMEx_Break2Callback)
    HAL_TIMEx_BreakCallback                  0x0800267f   Thumb Code     2  stm32f7xx_hal_tim_ex.o(i.HAL_TIMEx_BreakCallback)
    HAL_TIMEx_CommutCallback                 0x08002681   Thumb Code     2  stm32f7xx_hal_tim_ex.o(i.HAL_TIMEx_CommutCallback)
    HAL_TIMEx_MasterConfigSynchronization    0x08002685   Thumb Code    88  stm32f7xx_hal_tim_ex.o(i.HAL_TIMEx_MasterConfigSynchronization)
    HAL_TIM_Base_Init                        0x080026e5   Thumb Code    54  stm32f7xx_hal_tim.o(i.HAL_TIM_Base_Init)
    HAL_TIM_Base_MspInit                     0x0800271b   Thumb Code     2  stm32f7xx_hal_tim.o(i.HAL_TIM_Base_MspInit)
    HAL_TIM_Base_Start_IT                    0x0800271d   Thumb Code    40  stm32f7xx_hal_tim.o(i.HAL_TIM_Base_Start_IT)
    HAL_TIM_IC_CaptureCallback               0x08002749   Thumb Code     2  stm32f7xx_hal_tim.o(i.HAL_TIM_IC_CaptureCallback)
    HAL_TIM_IRQHandler                       0x0800274b   Thumb Code   388  stm32f7xx_hal_tim.o(i.HAL_TIM_IRQHandler)
    HAL_TIM_MspPostInit                      0x080028d1   Thumb Code   232  stm32f7xx_hal_msp.o(i.HAL_TIM_MspPostInit)
    HAL_TIM_OC_DelayElapsedCallback          0x080029dd   Thumb Code     2  stm32f7xx_hal_tim.o(i.HAL_TIM_OC_DelayElapsedCallback)
    HAL_TIM_PWM_ConfigChannel                0x080029df   Thumb Code   296  stm32f7xx_hal_tim.o(i.HAL_TIM_PWM_ConfigChannel)
    HAL_TIM_PWM_Init                         0x08002b07   Thumb Code    54  stm32f7xx_hal_tim.o(i.HAL_TIM_PWM_Init)
    HAL_TIM_PWM_MspInit                      0x08002b3d   Thumb Code   122  stm32f7xx_hal_msp.o(i.HAL_TIM_PWM_MspInit)
    HAL_TIM_PWM_PulseFinishedCallback        0x08002bcd   Thumb Code     2  stm32f7xx_hal_tim.o(i.HAL_TIM_PWM_PulseFinishedCallback)
    HAL_TIM_PeriodElapsedCallback            0x08002bd1   Thumb Code    14  main.o(i.HAL_TIM_PeriodElapsedCallback)
    HAL_TIM_TriggerCallback                  0x08002be5   Thumb Code     2  stm32f7xx_hal_tim.o(i.HAL_TIM_TriggerCallback)
    HAL_UART_ErrorCallback                   0x08002be7   Thumb Code     2  stm32f7xx_hal_uart.o(i.HAL_UART_ErrorCallback)
    HAL_UART_IRQHandler                      0x08002be9   Thumb Code   294  stm32f7xx_hal_uart.o(i.HAL_UART_IRQHandler)
    HAL_UART_Init                            0x08002d15   Thumb Code   102  stm32f7xx_hal_uart.o(i.HAL_UART_Init)
    HAL_UART_MspInit                         0x08002d7d   Thumb Code   476  stm32f7xx_hal_msp.o(i.HAL_UART_MspInit)
    HAL_UART_TxCpltCallback                  0x08002f8d   Thumb Code     2  stm32f7xx_hal_uart.o(i.HAL_UART_TxCpltCallback)
    HardFault_Handler                        0x08002f8f   Thumb Code     2  stm32f7xx_it.o(i.HardFault_Handler)
    MX_USB_DEVICE_Init                       0x08003799   Thumb Code    66  usb_device.o(i.MX_USB_DEVICE_Init)
    MemManage_Handler                        0x080037ed   Thumb Code     2  stm32f7xx_it.o(i.MemManage_Handler)
    NMI_Handler                              0x080037ef   Thumb Code     2  stm32f7xx_it.o(i.NMI_Handler)
    OTG_HS_IRQHandler                        0x080037f1   Thumb Code     6  stm32f7xx_it.o(i.OTG_HS_IRQHandler)
    PendSV_Handler                           0x0800396d   Thumb Code     2  stm32f7xx_it.o(i.PendSV_Handler)
    SVC_Handler                              0x080039b1   Thumb Code     2  stm32f7xx_it.o(i.SVC_Handler)
    SysTick_Handler                          0x080039b3   Thumb Code     2  stm32f7xx_it.o(i.SysTick_Handler)
    SystemClock_Config                       0x080039b5   Thumb Code   176  main.o(i.SystemClock_Config)
    SystemInit                               0x08003a71   Thumb Code    66  system_stm32f7xx.o(i.SystemInit)
    TIM1_UP_TIM10_IRQHandler                 0x08003ac5   Thumb Code     6  stm32f7xx_it.o(i.TIM1_UP_TIM10_IRQHandler)
    TIM_Base_SetConfig                       0x08003ad1   Thumb Code   156  stm32f7xx_hal_tim.o(i.TIM_Base_SetConfig)
    TIM_OC2_SetConfig                        0x08003c01   Thumb Code   102  stm32f7xx_hal_tim.o(i.TIM_OC2_SetConfig)
    UART7_IRQHandler                         0x08003de1   Thumb Code   140  stm32f7xx_it.o(i.UART7_IRQHandler)
    UART_AdvFeatureConfig                    0x08003e7d   Thumb Code   200  stm32f7xx_hal_uart.o(i.UART_AdvFeatureConfig)
    UART_CheckIdleState                      0x08003f45   Thumb Code    60  stm32f7xx_hal_uart.o(i.UART_CheckIdleState)
    UART_SetConfig                           0x08003fb5   Thumb Code   536  stm32f7xx_hal_uart.o(i.UART_SetConfig)
    UART_WaitOnFlagUntilTimeout              0x080041fd   Thumb Code    94  stm32f7xx_hal_uart.o(i.UART_WaitOnFlagUntilTimeout)
    USART6_IRQHandler                        0x0800425d   Thumb Code   140  stm32f7xx_it.o(i.USART6_IRQHandler)
    USBD_CDC_GetDeviceQualifierDescriptor    0x080043d9   Thumb Code     8  usbd_cdc.o(i.USBD_CDC_GetDeviceQualifierDescriptor)
    USBD_CDC_ReceivePacket                   0x0800449d   Thumb Code    40  usbd_cdc.o(i.USBD_CDC_ReceivePacket)
    USBD_CDC_RegisterInterface               0x080044c5   Thumb Code    16  usbd_cdc.o(i.USBD_CDC_RegisterInterface)
    USBD_CDC_SetRxBuffer                     0x080044d5   Thumb Code    12  usbd_cdc.o(i.USBD_CDC_SetRxBuffer)
    USBD_CDC_SetTxBuffer                     0x080044e1   Thumb Code    16  usbd_cdc.o(i.USBD_CDC_SetTxBuffer)
    USBD_CDC_TransmitPacket                  0x0800459d   Thumb Code    54  usbd_cdc.o(i.USBD_CDC_TransmitPacket)
    USBD_ClrClassConfig                      0x080045d3   Thumb Code    14  usbd_core.o(i.USBD_ClrClassConfig)
    USBD_CtlContinueRx                       0x080045e1   Thumb Code    16  usbd_ioreq.o(i.USBD_CtlContinueRx)
    USBD_CtlContinueSendData                 0x080045f1   Thumb Code    16  usbd_ioreq.o(i.USBD_CtlContinueSendData)
    USBD_CtlError                            0x08004601   Thumb Code    22  usbd_ctlreq.o(i.USBD_CtlError)
    USBD_CtlPrepareRx                        0x08004617   Thumb Code    30  usbd_ioreq.o(i.USBD_CtlPrepareRx)
    USBD_CtlReceiveStatus                    0x08004635   Thumb Code    22  usbd_ioreq.o(i.USBD_CtlReceiveStatus)
    USBD_CtlSendData                         0x0800464b   Thumb Code    26  usbd_ioreq.o(i.USBD_CtlSendData)
    USBD_CtlSendStatus                       0x08004665   Thumb Code    22  usbd_ioreq.o(i.USBD_CtlSendStatus)
    USBD_GetString                           0x08004763   Thumb Code    72  usbd_ctlreq.o(i.USBD_GetString)
    USBD_Get_USB_Status                      0x080047ab   Thumb Code    24  usbd_conf.o(i.USBD_Get_USB_Status)
    USBD_HS_ConfigStrDescriptor              0x080047c5   Thumb Code    16  usbd_desc.o(i.USBD_HS_ConfigStrDescriptor)
    USBD_HS_DeviceDescriptor                 0x080047e5   Thumb Code     8  usbd_desc.o(i.USBD_HS_DeviceDescriptor)
    USBD_HS_InterfaceStrDescriptor           0x080047f1   Thumb Code    16  usbd_desc.o(i.USBD_HS_InterfaceStrDescriptor)
    USBD_HS_LangIDStrDescriptor              0x08004815   Thumb Code     8  usbd_desc.o(i.USBD_HS_LangIDStrDescriptor)
    USBD_HS_ManufacturerStrDescriptor        0x08004821   Thumb Code    16  usbd_desc.o(i.USBD_HS_ManufacturerStrDescriptor)
    USBD_HS_ProductStrDescriptor             0x08004849   Thumb Code    16  usbd_desc.o(i.USBD_HS_ProductStrDescriptor)
    USBD_HS_SerialStrDescriptor              0x08004875   Thumb Code    48  usbd_desc.o(i.USBD_HS_SerialStrDescriptor)
    USBD_Init                                0x080048ad   Thumb Code    42  usbd_core.o(i.USBD_Init)
    USBD_LL_ClearStallEP                     0x080048d7   Thumb Code    18  usbd_conf.o(i.USBD_LL_ClearStallEP)
    USBD_LL_CloseEP                          0x080048e9   Thumb Code    18  usbd_conf.o(i.USBD_LL_CloseEP)
    USBD_LL_DataInStage                      0x080048fb   Thumb Code   198  usbd_core.o(i.USBD_LL_DataInStage)
    USBD_LL_DataOutStage                     0x080049c1   Thumb Code   130  usbd_core.o(i.USBD_LL_DataOutStage)
    USBD_LL_DevConnected                     0x08004a43   Thumb Code     4  usbd_core.o(i.USBD_LL_DevConnected)
    USBD_LL_DevDisconnected                  0x08004a47   Thumb Code    22  usbd_core.o(i.USBD_LL_DevDisconnected)
    USBD_LL_GetRxDataSize                    0x08004a5d   Thumb Code     8  usbd_conf.o(i.USBD_LL_GetRxDataSize)
    USBD_LL_Init                             0x08004a65   Thumb Code    96  usbd_conf.o(i.USBD_LL_Init)
    USBD_LL_IsStallEP                        0x08004acd   Thumb Code    32  usbd_conf.o(i.USBD_LL_IsStallEP)
    USBD_LL_IsoINIncomplete                  0x08004aed   Thumb Code     4  usbd_core.o(i.USBD_LL_IsoINIncomplete)
    USBD_LL_IsoOUTIncomplete                 0x08004af1   Thumb Code     4  usbd_core.o(i.USBD_LL_IsoOUTIncomplete)
    USBD_LL_OpenEP                           0x08004af5   Thumb Code    24  usbd_conf.o(i.USBD_LL_OpenEP)
    USBD_LL_PrepareReceive                   0x08004b0d   Thumb Code    18  usbd_conf.o(i.USBD_LL_PrepareReceive)
    USBD_LL_Reset                            0x08004b1f   Thumb Code    80  usbd_core.o(i.USBD_LL_Reset)
    USBD_LL_Resume                           0x08004b6f   Thumb Code    12  usbd_core.o(i.USBD_LL_Resume)
    USBD_LL_SOF                              0x08004b7b   Thumb Code    24  usbd_core.o(i.USBD_LL_SOF)
    USBD_LL_SetSpeed                         0x08004b93   Thumb Code     6  usbd_core.o(i.USBD_LL_SetSpeed)
    USBD_LL_SetUSBAddress                    0x08004b99   Thumb Code    18  usbd_conf.o(i.USBD_LL_SetUSBAddress)
    USBD_LL_SetupStage                       0x08004bab   Thumb Code    90  usbd_core.o(i.USBD_LL_SetupStage)
    USBD_LL_StallEP                          0x08004c05   Thumb Code    18  usbd_conf.o(i.USBD_LL_StallEP)
    USBD_LL_Start                            0x08004c17   Thumb Code    18  usbd_conf.o(i.USBD_LL_Start)
    USBD_LL_Suspend                          0x08004c29   Thumb Code    18  usbd_core.o(i.USBD_LL_Suspend)
    USBD_LL_Transmit                         0x08004c3b   Thumb Code    18  usbd_conf.o(i.USBD_LL_Transmit)
    USBD_ParseSetupRequest                   0x08004c4d   Thumb Code    40  usbd_ctlreq.o(i.USBD_ParseSetupRequest)
    USBD_RegisterClass                       0x08004c75   Thumb Code    16  usbd_core.o(i.USBD_RegisterClass)
    USBD_SetClassConfig                      0x08004c85   Thumb Code    22  usbd_core.o(i.USBD_SetClassConfig)
    USBD_Start                               0x08004d21   Thumb Code    10  usbd_core.o(i.USBD_Start)
    USBD_StdDevReq                           0x08004d2b   Thumb Code   274  usbd_ctlreq.o(i.USBD_StdDevReq)
    USBD_StdEPReq                            0x08004e3d   Thumb Code   336  usbd_ctlreq.o(i.USBD_StdEPReq)
    USBD_StdItfReq                           0x08004f8d   Thumb Code    78  usbd_ctlreq.o(i.USBD_StdItfReq)
    USB_ActivateEndpoint                     0x08004fdd   Thumb Code   122  stm32f7xx_ll_usb.o(i.USB_ActivateEndpoint)
    USB_ActivateSetup                        0x0800505d   Thumb Code    52  stm32f7xx_ll_usb.o(i.USB_ActivateSetup)
    USB_CoreInit                             0x08005091   Thumb Code   216  stm32f7xx_ll_usb.o(i.USB_CoreInit)
    USB_DeactivateEndpoint                   0x080051a9   Thumb Code   118  stm32f7xx_ll_usb.o(i.USB_DeactivateEndpoint)
    USB_DevConnect                           0x08005229   Thumb Code    24  stm32f7xx_ll_usb.o(i.USB_DevConnect)
    USB_DevDisconnect                        0x08005241   Thumb Code    24  stm32f7xx_ll_usb.o(i.USB_DevDisconnect)
    USB_DevInit                              0x08005259   Thumb Code   374  stm32f7xx_ll_usb.o(i.USB_DevInit)
    USB_DisableGlobalInt                     0x080053e1   Thumb Code    12  stm32f7xx_ll_usb.o(i.USB_DisableGlobalInt)
    USB_EP0StartXfer                         0x080053ed   Thumb Code   262  stm32f7xx_ll_usb.o(i.USB_EP0StartXfer)
    USB_EP0_OutStart                         0x080054f9   Thumb Code    84  stm32f7xx_ll_usb.o(i.USB_EP0_OutStart)
    USB_EPClearStall                         0x08005551   Thumb Code    88  stm32f7xx_ll_usb.o(i.USB_EPClearStall)
    USB_EPSetStall                           0x080055a9   Thumb Code    88  stm32f7xx_ll_usb.o(i.USB_EPSetStall)
    USB_EPStartXfer                          0x08005601   Thumb Code   448  stm32f7xx_ll_usb.o(i.USB_EPStartXfer)
    USB_EnableGlobalInt                      0x080057c5   Thumb Code    12  stm32f7xx_ll_usb.o(i.USB_EnableGlobalInt)
    USB_FlushRxFifo                          0x080057d1   Thumb Code    28  stm32f7xx_ll_usb.o(i.USB_FlushRxFifo)
    USB_FlushTxFifo                          0x080057f1   Thumb Code    32  stm32f7xx_ll_usb.o(i.USB_FlushTxFifo)
    USB_GetDevSpeed                          0x08005815   Thumb Code    26  stm32f7xx_ll_usb.o(i.USB_GetDevSpeed)
    USB_GetMode                              0x0800582f   Thumb Code     8  stm32f7xx_ll_usb.o(i.USB_GetMode)
    USB_ReadDevAllInEpInterrupt              0x08005837   Thumb Code    14  stm32f7xx_ll_usb.o(i.USB_ReadDevAllInEpInterrupt)
    USB_ReadDevAllOutEpInterrupt             0x08005845   Thumb Code    14  stm32f7xx_ll_usb.o(i.USB_ReadDevAllOutEpInterrupt)
    USB_ReadDevInEPInterrupt                 0x08005853   Thumb Code    36  stm32f7xx_ll_usb.o(i.USB_ReadDevInEPInterrupt)
    USB_ReadDevOutEPInterrupt                0x08005877   Thumb Code    16  stm32f7xx_ll_usb.o(i.USB_ReadDevOutEPInterrupt)
    USB_ReadInterrupts                       0x08005887   Thumb Code     8  stm32f7xx_ll_usb.o(i.USB_ReadInterrupts)
    USB_ReadPacket                           0x0800588f   Thumb Code    30  stm32f7xx_ll_usb.o(i.USB_ReadPacket)
    USB_SetCurrentMode                       0x080058ad   Thumb Code    46  stm32f7xx_ll_usb.o(i.USB_SetCurrentMode)
    USB_SetDevAddress                        0x080058db   Thumb Code    34  stm32f7xx_ll_usb.o(i.USB_SetDevAddress)
    USB_SetTurnaroundTime                    0x080058fd   Thumb Code   158  stm32f7xx_ll_usb.o(i.USB_SetTurnaroundTime)
    USB_WritePacket                          0x080059e5   Thumb Code    36  stm32f7xx_ll_usb.o(i.USB_WritePacket)
    UsageFault_Handler                       0x08005a09   Thumb Code     2  stm32f7xx_it.o(i.UsageFault_Handler)
    __scatterload_copy                       0x08005a2b   Thumb Code    14  handlers.o(i.__scatterload_copy)
    __scatterload_null                       0x08005a39   Thumb Code     2  handlers.o(i.__scatterload_null)
    __scatterload_zeroinit                   0x08005a3b   Thumb Code    14  handlers.o(i.__scatterload_zeroinit)
    dataMGR_init                             0x08005a49   Thumb Code    32  datamgr.o(i.dataMGR_init)
    dataMGR_init_DMA                         0x08005a69   Thumb Code    40  datamgr.o(i.dataMGR_init_DMA)
    free                                     0x08005a91   Thumb Code    76  malloc.o(i.free)
    main                                     0x08005ae1   Thumb Code   520  main.o(i.main)
    malloc                                   0x08005d05   Thumb Code    92  malloc.o(i.malloc)
    AHBPrescTable                            0x08005d78   Data          16  system_stm32f7xx.o(.constdata)
    APBPrescTable                            0x08005d88   Data           8  system_stm32f7xx.o(.constdata)
    Region$$Table$$Base                      0x08005d90   Number         0  anon$$obj.o(Region$$Table)
    Region$$Table$$Limit                     0x08005db0   Number         0  anon$$obj.o(Region$$Table)
    HS_Desc                                  0x20000000   Data          28  usbd_desc.o(.data)
    USBD_LangIDDesc                          0x2000001c   Data           4  usbd_desc.o(.data)
    USBD_HS_DeviceDesc                       0x20000020   Data          18  usbd_desc.o(.data)
    USBD_StringSerial                        0x20000034   Data          26  usbd_desc.o(.data)
    USBD_Interface_fops_HS                   0x20000050   Data          16  usbd_cdc_if.o(.data)
    uwTickFreq                               0x20000064   Data           1  stm32f7xx_hal.o(.data)
    uwTickPrio                               0x20000068   Data           4  stm32f7xx_hal.o(.data)
    uwTick                                   0x2000006c   Data           4  stm32f7xx_hal.o(.data)
    SystemCoreClock                          0x20000070   Data           4  system_stm32f7xx.o(.data)
    USBD_CDC_CfgHSDesc                       0x20000084   Data          67  usbd_cdc.o(.data)
    USBD_CDC_CfgFSDesc                       0x200000c8   Data          67  usbd_cdc.o(.data)
    USBD_CDC_OtherSpeedCfgDesc               0x2000010c   Data          67  usbd_cdc.o(.data)
    USBD_CDC                                 0x20000150   Data          56  usbd_cdc.o(.data)
    __microlib_freelist                      0x20000188   Data           4  mvars.o(.data)
    __microlib_freelist_initialised          0x2000018c   Data           4  mvars.o(.data)
    hsai_BlockA2                             0x20000190   Data         132  main.o(.bss)
    hsai_BlockB2                             0x20000214   Data         132  main.o(.bss)
    htim2                                    0x20000298   Data          64  main.o(.bss)
    htim3                                    0x200002d8   Data          64  main.o(.bss)
    htim5                                    0x20000318   Data          64  main.o(.bss)
    htim9                                    0x20000358   Data          64  main.o(.bss)
    htim12                                   0x20000398   Data          64  main.o(.bss)
    huart5                                   0x200003d8   Data         128  main.o(.bss)
    huart7                                   0x20000458   Data         128  main.o(.bss)
    huart6                                   0x200004d8   Data         128  main.o(.bss)
    data_buf_RX                              0x20000558   Data        8192  main.o(.bss)
    data_buf_TX                              0x20002558   Data        8192  main.o(.bss)
    MGR_TX                                   0x20004558   Data          52  main.o(.bss)
    MGR_RX                                   0x2000458c   Data          52  main.o(.bss)
    IC_handle                                0x200045c0   Data         128  main.o(.bss)
    hdma_sai2_a                              0x20004640   Data          96  main.o(.bss)
    hdma_sai2_b                              0x200046a0   Data          96  main.o(.bss)
    hdma_uart7_rx                            0x20004700   Data          96  main.o(.bss)
    hdma_uart7_tx                            0x20004760   Data          96  main.o(.bss)
    hdma_usart6_rx                           0x200047c0   Data          96  main.o(.bss)
    hdma_usart6_tx                           0x20004820   Data          96  main.o(.bss)
    hUsbDeviceHS                             0x20004880   Data         668  usb_device.o(.bss)
    hpcd_USB_OTG_HS                          0x20004b1c   Data        1028  usbd_conf.o(.bss)
    USBD_StrDesc                             0x20004f20   Data         512  usbd_desc.o(.bss)
    UserRxBufferHS                           0x20005120   Data        2048  usbd_cdc_if.o(.bss)
    UserTxBufferHS                           0x20005920   Data        2048  usbd_cdc_if.o(.bss)
    htim1                                    0x20006120   Data          64  stm32f7xx_hal_timebase_tim.o(.bss)
    __heap_base                              0x20006160   Data           0  startup_stm32f723xx.o(HEAP)
    __heap_limit                             0x20006560   Data           0  startup_stm32f723xx.o(HEAP)
    __initial_sp                             0x20006960   Data           0  startup_stm32f723xx.o(STACK)



==============================================================================

Memory Map of the image

  Image Entry point : 0x080001e1

  Load Region LR_IROM1 (Base: 0x08000000, Size: 0x00005f40, Max: 0x00080000, ABSOLUTE, COMPRESSED[0x00005e70])

    Execution Region ER_IROM1 (Base: 0x08000000, Size: 0x00005db0, Max: 0x00080000, ABSOLUTE)

    Base Addr    Size         Type   Attr      Idx    E Section Name        Object

    0x08000000   0x000001e0   Data   RO            3    RESET               startup_stm32f723xx.o
    0x080001e0   0x00000000   Code   RO         5381  * .ARM.Collect$$$$00000000  mc_w.l(entry.o)
    0x080001e0   0x00000004   Code   RO         5420    .ARM.Collect$$$$00000001  mc_w.l(entry2.o)
    0x080001e4   0x00000004   Code   RO         5423    .ARM.Collect$$$$00000004  mc_w.l(entry5.o)
    0x080001e8   0x00000000   Code   RO         5425    .ARM.Collect$$$$00000008  mc_w.l(entry7b.o)
    0x080001e8   0x00000000   Code   RO         5427    .ARM.Collect$$$$0000000A  mc_w.l(entry8b.o)
    0x080001e8   0x00000008   Code   RO         5428    .ARM.Collect$$$$0000000B  mc_w.l(entry9a.o)
    0x080001f0   0x00000000   Code   RO         5430    .ARM.Collect$$$$0000000D  mc_w.l(entry10a.o)
    0x080001f0   0x00000000   Code   RO         5432    .ARM.Collect$$$$0000000F  mc_w.l(entry11a.o)
    0x080001f0   0x00000004   Code   RO         5421    .ARM.Collect$$$$00002712  mc_w.l(entry2.o)
    0x080001f4   0x00000024   Code   RO            4    .text               startup_stm32f723xx.o
    0x08000218   0x00000062   Code   RO         5384    .text               mc_w.l(uldiv.o)
    0x0800027a   0x00000024   Code   RO         5386    .text               mc_w.l(memcpya.o)
    0x0800029e   0x00000024   Code   RO         5388    .text               mc_w.l(memseta.o)
    0x080002c2   0x0000001e   Code   RO         5434    .text               mc_w.l(llshl.o)
    0x080002e0   0x00000020   Code   RO         5436    .text               mc_w.l(llushr.o)
    0x08000300   0x00000024   Code   RO         5440    .text               mc_w.l(init.o)
    0x08000324   0x00000056   Code   RO         5450    .text               mc_w.l(__dczerorl2.o)
    0x0800037a   0x00000002   Code   RO          843    i.BusFault_Handler  stm32f7xx_it.o
    0x0800037c   0x00000228   Code   RO          771    i.CDC_Control_HS    usbd_cdc_if.o
    0x080005a4   0x00000004   Code   RO          772    i.CDC_DeInit_HS     usbd_cdc_if.o
    0x080005a8   0x00000024   Code   RO          773    i.CDC_Init_HS       usbd_cdc_if.o
    0x080005cc   0x00000058   Code   RO          774    i.CDC_Receive_HS    usbd_cdc_if.o
    0x08000624   0x0000002c   Code   RO          775    i.CDC_Transmit_HS   usbd_cdc_if.o
    0x08000650   0x0000009a   Code   RO          183    i.CE32_IonCom_Init_device  ce32_ioncom.o
    0x080006ea   0x00000024   Code   RO          185    i.CE32_Ioncom_Init  ce32_ioncom.o
    0x0800070e   0x00000048   Code   RO          187    i.CE32_Ioncom_Setting  ce32_ioncom.o
    0x08000756   0x00000002   PAD
    0x08000758   0x0000000c   Code   RO          844    i.DMA1_Stream1_IRQHandler  stm32f7xx_it.o
    0x08000764   0x00000098   Code   RO          845    i.DMA1_Stream3_IRQHandler  stm32f7xx_it.o
    0x080007fc   0x0000000c   Code   RO          846    i.DMA2_Stream1_IRQHandler  stm32f7xx_it.o
    0x08000808   0x0000000c   Code   RO          847    i.DMA2_Stream4_IRQHandler  stm32f7xx_it.o
    0x08000814   0x0000000c   Code   RO          848    i.DMA2_Stream6_IRQHandler  stm32f7xx_it.o
    0x08000820   0x0000004c   Code   RO          849    i.DMA2_Stream7_IRQHandler  stm32f7xx_it.o
    0x0800086c   0x00000028   Code   RO         3845    i.DMA_CalcBaseAndBitshift  stm32f7xx_hal_dma.o
    0x08000894   0x00000054   Code   RO         3846    i.DMA_CheckFifoParam  stm32f7xx_hal_dma.o
    0x080008e8   0x00000002   Code   RO          850    i.DebugMon_Handler  stm32f7xx_it.o
    0x080008ea   0x00000002   Code   RO          278    i.Error_Handler     main.o
    0x080008ec   0x00000024   Code   RO         3849    i.HAL_DMA_Abort_IT  stm32f7xx_hal_dma.o
    0x08000910   0x000001a0   Code   RO         3853    i.HAL_DMA_IRQHandler  stm32f7xx_hal_dma.o
    0x08000ab0   0x000000d4   Code   RO         3854    i.HAL_DMA_Init      stm32f7xx_hal_dma.o
    0x08000b84   0x00000024   Code   RO         4215    i.HAL_Delay         stm32f7xx_hal.o
    0x08000ba8   0x000001c0   Code   RO         3782    i.HAL_GPIO_Init     stm32f7xx_hal_gpio.o
    0x08000d68   0x0000000a   Code   RO         3786    i.HAL_GPIO_WritePin  stm32f7xx_hal_gpio.o
    0x08000d72   0x00000002   PAD
    0x08000d74   0x0000000c   Code   RO         4223    i.HAL_GetTick       stm32f7xx_hal.o
    0x08000d80   0x00000010   Code   RO         4229    i.HAL_IncTick       stm32f7xx_hal.o
    0x08000d90   0x0000002c   Code   RO         4230    i.HAL_Init          stm32f7xx_hal.o
    0x08000dbc   0x00000074   Code   RO         1068    i.HAL_InitTick      stm32f7xx_hal_timebase_tim.o
    0x08000e30   0x00000034   Code   RO          999    i.HAL_MspInit       stm32f7xx_hal_msp.o
    0x08000e64   0x0000001a   Code   RO         1686    i.HAL_NVIC_EnableIRQ  stm32f7xx_hal_cortex.o
    0x08000e7e   0x00000002   PAD
    0x08000e80   0x00000040   Code   RO         1692    i.HAL_NVIC_SetPriority  stm32f7xx_hal_cortex.o
    0x08000ec0   0x00000024   Code   RO         1693    i.HAL_NVIC_SetPriorityGrouping  stm32f7xx_hal_cortex.o
    0x08000ee4   0x00000028   Code   RO         1327    i.HAL_PCDEx_ActivateLPM  stm32f7xx_hal_pcd_ex.o
    0x08000f0c   0x00000002   Code   RO         1330    i.HAL_PCDEx_LPM_Callback  stm32f7xx_hal_pcd_ex.o
    0x08000f0e   0x00000008   Code   RO         1331    i.HAL_PCDEx_SetRxFiFo  stm32f7xx_hal_pcd_ex.o
    0x08000f16   0x00000044   Code   RO         1332    i.HAL_PCDEx_SetTxFiFo  stm32f7xx_hal_pcd_ex.o
    0x08000f5a   0x00000008   Code   RO          490    i.HAL_PCD_ConnectCallback  usbd_conf.o
    0x08000f62   0x00000012   Code   RO          491    i.HAL_PCD_DataInStageCallback  usbd_conf.o
    0x08000f74   0x00000014   Code   RO          492    i.HAL_PCD_DataOutStageCallback  usbd_conf.o
    0x08000f88   0x00000008   Code   RO          493    i.HAL_PCD_DisconnectCallback  usbd_conf.o
    0x08000f90   0x0000004c   Code   RO         1116    i.HAL_PCD_EP_Close  stm32f7xx_hal_pcd.o
    0x08000fdc   0x0000005c   Code   RO         1117    i.HAL_PCD_EP_ClrStall  stm32f7xx_hal_pcd.o
    0x08001038   0x00000012   Code   RO         1119    i.HAL_PCD_EP_GetRxCount  stm32f7xx_hal_pcd.o
    0x0800104a   0x00000060   Code   RO         1120    i.HAL_PCD_EP_Open   stm32f7xx_hal_pcd.o
    0x080010aa   0x00000048   Code   RO         1121    i.HAL_PCD_EP_Receive  stm32f7xx_hal_pcd.o
    0x080010f2   0x00000074   Code   RO         1122    i.HAL_PCD_EP_SetStall  stm32f7xx_hal_pcd.o
    0x08001166   0x00000040   Code   RO         1123    i.HAL_PCD_EP_Transmit  stm32f7xx_hal_pcd.o
    0x080011a6   0x00000002   PAD
    0x080011a8   0x00000488   Code   RO         1125    i.HAL_PCD_IRQHandler  stm32f7xx_hal_pcd.o
    0x08001630   0x00000008   Code   RO          494    i.HAL_PCD_ISOINIncompleteCallback  usbd_conf.o
    0x08001638   0x00000008   Code   RO          495    i.HAL_PCD_ISOOUTIncompleteCallback  usbd_conf.o
    0x08001640   0x000000e8   Code   RO         1128    i.HAL_PCD_Init      stm32f7xx_hal_pcd.o
    0x08001728   0x0000009c   Code   RO          497    i.HAL_PCD_MspInit   usbd_conf.o
    0x080017c4   0x0000002c   Code   RO          498    i.HAL_PCD_ResetCallback  usbd_conf.o
    0x080017f0   0x00000008   Code   RO          499    i.HAL_PCD_ResumeCallback  usbd_conf.o
    0x080017f8   0x00000008   Code   RO          500    i.HAL_PCD_SOFCallback  usbd_conf.o
    0x08001800   0x00000028   Code   RO         1134    i.HAL_PCD_SetAddress  stm32f7xx_hal_pcd.o
    0x08001828   0x0000000e   Code   RO          501    i.HAL_PCD_SetupStageCallback  usbd_conf.o
    0x08001836   0x0000002a   Code   RO         1136    i.HAL_PCD_Start     stm32f7xx_hal_pcd.o
    0x08001860   0x00000030   Code   RO          502    i.HAL_PCD_SuspendCallback  usbd_conf.o
    0x08001890   0x0000006c   Code   RO         4122    i.HAL_PWREx_EnableOverDrive  stm32f7xx_hal_pwr_ex.o
    0x080018fc   0x00000010   Code   RO         3999    i.HAL_PWR_EnableBkUpAccess  stm32f7xx_hal_pwr.o
    0x0800190c   0x000000c8   Code   RO         3542    i.HAL_RCCEx_GetPeriphCLKFreq  stm32f7xx_hal_rcc_ex.o
    0x080019d4   0x00000450   Code   RO         3543    i.HAL_RCCEx_PeriphCLKConfig  stm32f7xx_hal_rcc_ex.o
    0x08001e24   0x00000138   Code   RO         3436    i.HAL_RCC_ClockConfig  stm32f7xx_hal_rcc.o
    0x08001f5c   0x00000040   Code   RO         3440    i.HAL_RCC_GetClockConfig  stm32f7xx_hal_rcc.o
    0x08001f9c   0x0000000c   Code   RO         3441    i.HAL_RCC_GetHCLKFreq  stm32f7xx_hal_rcc.o
    0x08001fa8   0x00000020   Code   RO         3443    i.HAL_RCC_GetPCLK1Freq  stm32f7xx_hal_rcc.o
    0x08001fc8   0x00000020   Code   RO         3444    i.HAL_RCC_GetPCLK2Freq  stm32f7xx_hal_rcc.o
    0x08001fe8   0x00000064   Code   RO         3445    i.HAL_RCC_GetSysClockFreq  stm32f7xx_hal_rcc.o
    0x0800204c   0x00000320   Code   RO         3448    i.HAL_RCC_OscConfig  stm32f7xx_hal_rcc.o
    0x0800236c   0x000001d0   Code   RO         1829    i.HAL_SAI_Init      stm32f7xx_hal_sai.o
    0x0800253c   0x00000140   Code   RO         1001    i.HAL_SAI_MspInit   stm32f7xx_hal_msp.o
    0x0800267c   0x00000002   Code   RO         2786    i.HAL_TIMEx_Break2Callback  stm32f7xx_hal_tim_ex.o
    0x0800267e   0x00000002   Code   RO         2787    i.HAL_TIMEx_BreakCallback  stm32f7xx_hal_tim_ex.o
    0x08002680   0x00000002   Code   RO         2788    i.HAL_TIMEx_CommutCallback  stm32f7xx_hal_tim_ex.o
    0x08002682   0x00000002   PAD
    0x08002684   0x00000060   Code   RO         2806    i.HAL_TIMEx_MasterConfigSynchronization  stm32f7xx_hal_tim_ex.o
    0x080026e4   0x00000036   Code   RO         2101    i.HAL_TIM_Base_Init  stm32f7xx_hal_tim.o
    0x0800271a   0x00000002   Code   RO         2103    i.HAL_TIM_Base_MspInit  stm32f7xx_hal_tim.o
    0x0800271c   0x0000002c   Code   RO         2106    i.HAL_TIM_Base_Start_IT  stm32f7xx_hal_tim.o
    0x08002748   0x00000002   Code   RO         2130    i.HAL_TIM_IC_CaptureCallback  stm32f7xx_hal_tim.o
    0x0800274a   0x00000184   Code   RO         2144    i.HAL_TIM_IRQHandler  stm32f7xx_hal_tim.o
    0x080028ce   0x00000002   PAD
    0x080028d0   0x0000010c   Code   RO         1002    i.HAL_TIM_MspPostInit  stm32f7xx_hal_msp.o
    0x080029dc   0x00000002   Code   RO         2147    i.HAL_TIM_OC_DelayElapsedCallback  stm32f7xx_hal_tim.o
    0x080029de   0x00000128   Code   RO         2168    i.HAL_TIM_PWM_ConfigChannel  stm32f7xx_hal_tim.o
    0x08002b06   0x00000036   Code   RO         2171    i.HAL_TIM_PWM_Init  stm32f7xx_hal_tim.o
    0x08002b3c   0x00000090   Code   RO         1004    i.HAL_TIM_PWM_MspInit  stm32f7xx_hal_msp.o
    0x08002bcc   0x00000002   Code   RO         2174    i.HAL_TIM_PWM_PulseFinishedCallback  stm32f7xx_hal_tim.o
    0x08002bce   0x00000002   PAD
    0x08002bd0   0x00000014   Code   RO          279    i.HAL_TIM_PeriodElapsedCallback  main.o
    0x08002be4   0x00000002   Code   RO         2187    i.HAL_TIM_TriggerCallback  stm32f7xx_hal_tim.o
    0x08002be6   0x00000002   Code   RO         3071    i.HAL_UART_ErrorCallback  stm32f7xx_hal_uart.o
    0x08002be8   0x0000012c   Code   RO         3074    i.HAL_UART_IRQHandler  stm32f7xx_hal_uart.o
    0x08002d14   0x00000066   Code   RO         3075    i.HAL_UART_Init     stm32f7xx_hal_uart.o
    0x08002d7a   0x00000002   PAD
    0x08002d7c   0x00000210   Code   RO         1006    i.HAL_UART_MspInit  stm32f7xx_hal_msp.o
    0x08002f8c   0x00000002   Code   RO         3086    i.HAL_UART_TxCpltCallback  stm32f7xx_hal_uart.o
    0x08002f8e   0x00000002   Code   RO          851    i.HardFault_Handler  stm32f7xx_it.o
    0x08002f90   0x00000036   Code   RO          685    i.IntToUnicode      usbd_desc.o
    0x08002fc6   0x00000002   PAD
    0x08002fc8   0x0000008c   Code   RO          280    i.MX_DMA_Init       main.o
    0x08003054   0x00000460   Code   RO          281    i.MX_GPIO_Init      main.o
    0x080034b4   0x000000a0   Code   RO          282    i.MX_SAI2_Init      main.o
    0x08003554   0x00000048   Code   RO          283    i.MX_TIM12_Init     main.o
    0x0800359c   0x00000064   Code   RO          284    i.MX_TIM2_Init      main.o
    0x08003600   0x0000005c   Code   RO          285    i.MX_TIM3_Init      main.o
    0x0800365c   0x0000005c   Code   RO          286    i.MX_TIM5_Init      main.o
    0x080036b8   0x00000054   Code   RO          287    i.MX_TIM9_Init      main.o
    0x0800370c   0x0000002c   Code   RO          288    i.MX_UART5_Init     main.o
    0x08003738   0x00000030   Code   RO          289    i.MX_UART7_Init     main.o
    0x08003768   0x00000030   Code   RO          290    i.MX_USART6_UART_Init  main.o
    0x08003798   0x00000054   Code   RO          459    i.MX_USB_DEVICE_Init  usb_device.o
    0x080037ec   0x00000002   Code   RO          852    i.MemManage_Handler  stm32f7xx_it.o
    0x080037ee   0x00000002   Code   RO          853    i.NMI_Handler       stm32f7xx_it.o
    0x080037f0   0x0000000c   Code   RO          854    i.OTG_HS_IRQHandler  stm32f7xx_it.o
    0x080037fc   0x000000d8   Code   RO         1139    i.PCD_EP_OutXfrComplete_int  stm32f7xx_hal_pcd.o
    0x080038d4   0x00000098   Code   RO         1140    i.PCD_WriteEmptyTxFifo  stm32f7xx_hal_pcd.o
    0x0800396c   0x00000002   Code   RO          855    i.PendSV_Handler    stm32f7xx_it.o
    0x0800396e   0x00000002   PAD
    0x08003970   0x00000040   Code   RO         1849    i.SAI_Disable       stm32f7xx_hal_sai.o
    0x080039b0   0x00000002   Code   RO          856    i.SVC_Handler       stm32f7xx_it.o
    0x080039b2   0x00000002   Code   RO          857    i.SysTick_Handler   stm32f7xx_it.o
    0x080039b4   0x000000bc   Code   RO          291    i.SystemClock_Config  main.o
    0x08003a70   0x00000054   Code   RO         4978    i.SystemInit        system_stm32f7xx.o
    0x08003ac4   0x0000000c   Code   RO          858    i.TIM1_UP_TIM10_IRQHandler  stm32f7xx_it.o
    0x08003ad0   0x000000c8   Code   RO         2189    i.TIM_Base_SetConfig  stm32f7xx_hal_tim.o
    0x08003b98   0x00000068   Code   RO         2202    i.TIM_OC1_SetConfig  stm32f7xx_hal_tim.o
    0x08003c00   0x00000074   Code   RO         2203    i.TIM_OC2_SetConfig  stm32f7xx_hal_tim.o
    0x08003c74   0x00000070   Code   RO         2204    i.TIM_OC3_SetConfig  stm32f7xx_hal_tim.o
    0x08003ce4   0x00000058   Code   RO         2205    i.TIM_OC4_SetConfig  stm32f7xx_hal_tim.o
    0x08003d3c   0x00000050   Code   RO         2206    i.TIM_OC5_SetConfig  stm32f7xx_hal_tim.o
    0x08003d8c   0x00000054   Code   RO         2207    i.TIM_OC6_SetConfig  stm32f7xx_hal_tim.o
    0x08003de0   0x0000009c   Code   RO          859    i.UART7_IRQHandler  stm32f7xx_it.o
    0x08003e7c   0x000000c8   Code   RO         3088    i.UART_AdvFeatureConfig  stm32f7xx_hal_uart.o
    0x08003f44   0x0000003c   Code   RO         3089    i.UART_CheckIdleState  stm32f7xx_hal_uart.o
    0x08003f80   0x00000014   Code   RO         3090    i.UART_DMAAbortOnError  stm32f7xx_hal_uart.o
    0x08003f94   0x0000001e   Code   RO         3100    i.UART_EndRxTransfer  stm32f7xx_hal_uart.o
    0x08003fb2   0x00000002   PAD
    0x08003fb4   0x00000248   Code   RO         3104    i.UART_SetConfig    stm32f7xx_hal_uart.o
    0x080041fc   0x0000005e   Code   RO         3107    i.UART_WaitOnFlagUntilTimeout  stm32f7xx_hal_uart.o
    0x0800425a   0x00000002   PAD
    0x0800425c   0x0000009c   Code   RO          860    i.USART6_IRQHandler  stm32f7xx_it.o
    0x080042f8   0x0000004a   Code   RO         5278    i.USBD_CDC_DataIn   usbd_cdc.o
    0x08004342   0x0000002e   Code   RO         5279    i.USBD_CDC_DataOut  usbd_cdc.o
    0x08004370   0x00000044   Code   RO         5280    i.USBD_CDC_DeInit   usbd_cdc.o
    0x080043b4   0x00000024   Code   RO         5281    i.USBD_CDC_EP0_RxReady  usbd_cdc.o
    0x080043d8   0x0000000c   Code   RO         5282    i.USBD_CDC_GetDeviceQualifierDescriptor  usbd_cdc.o
    0x080043e4   0x0000000c   Code   RO         5283    i.USBD_CDC_GetFSCfgDesc  usbd_cdc.o
    0x080043f0   0x0000000c   Code   RO         5284    i.USBD_CDC_GetHSCfgDesc  usbd_cdc.o
    0x080043fc   0x0000000c   Code   RO         5285    i.USBD_CDC_GetOtherSpeedCfgDesc  usbd_cdc.o
    0x08004408   0x00000094   Code   RO         5286    i.USBD_CDC_Init     usbd_cdc.o
    0x0800449c   0x00000028   Code   RO         5287    i.USBD_CDC_ReceivePacket  usbd_cdc.o
    0x080044c4   0x00000010   Code   RO         5288    i.USBD_CDC_RegisterInterface  usbd_cdc.o
    0x080044d4   0x0000000c   Code   RO         5289    i.USBD_CDC_SetRxBuffer  usbd_cdc.o
    0x080044e0   0x00000010   Code   RO         5290    i.USBD_CDC_SetTxBuffer  usbd_cdc.o
    0x080044f0   0x000000ac   Code   RO         5291    i.USBD_CDC_Setup    usbd_cdc.o
    0x0800459c   0x00000036   Code   RO         5292    i.USBD_CDC_TransmitPacket  usbd_cdc.o
    0x080045d2   0x0000000e   Code   RO         5015    i.USBD_ClrClassConfig  usbd_core.o
    0x080045e0   0x00000010   Code   RO         5218    i.USBD_CtlContinueRx  usbd_ioreq.o
    0x080045f0   0x00000010   Code   RO         5219    i.USBD_CtlContinueSendData  usbd_ioreq.o
    0x08004600   0x00000016   Code   RO         5153    i.USBD_CtlError     usbd_ctlreq.o
    0x08004616   0x0000001e   Code   RO         5220    i.USBD_CtlPrepareRx  usbd_ioreq.o
    0x08004634   0x00000016   Code   RO         5221    i.USBD_CtlReceiveStatus  usbd_ioreq.o
    0x0800464a   0x0000001a   Code   RO         5222    i.USBD_CtlSendData  usbd_ioreq.o
    0x08004664   0x00000016   Code   RO         5223    i.USBD_CtlSendStatus  usbd_ioreq.o
    0x0800467a   0x000000e8   Code   RO         5154    i.USBD_GetDescriptor  usbd_ctlreq.o
    0x08004762   0x00000048   Code   RO         5155    i.USBD_GetString    usbd_ctlreq.o
    0x080047aa   0x00000018   Code   RO          503    i.USBD_Get_USB_Status  usbd_conf.o
    0x080047c2   0x00000002   PAD
    0x080047c4   0x00000020   Code   RO          686    i.USBD_HS_ConfigStrDescriptor  usbd_desc.o
    0x080047e4   0x0000000c   Code   RO          687    i.USBD_HS_DeviceDescriptor  usbd_desc.o
    0x080047f0   0x00000024   Code   RO          688    i.USBD_HS_InterfaceStrDescriptor  usbd_desc.o
    0x08004814   0x0000000c   Code   RO          689    i.USBD_HS_LangIDStrDescriptor  usbd_desc.o
    0x08004820   0x00000028   Code   RO          690    i.USBD_HS_ManufacturerStrDescriptor  usbd_desc.o
    0x08004848   0x0000002c   Code   RO          691    i.USBD_HS_ProductStrDescriptor  usbd_desc.o
    0x08004874   0x00000038   Code   RO          692    i.USBD_HS_SerialStrDescriptor  usbd_desc.o
    0x080048ac   0x0000002a   Code   RO         5017    i.USBD_Init         usbd_core.o
    0x080048d6   0x00000012   Code   RO          504    i.USBD_LL_ClearStallEP  usbd_conf.o
    0x080048e8   0x00000012   Code   RO          505    i.USBD_LL_CloseEP   usbd_conf.o
    0x080048fa   0x000000c6   Code   RO         5018    i.USBD_LL_DataInStage  usbd_core.o
    0x080049c0   0x00000082   Code   RO         5019    i.USBD_LL_DataOutStage  usbd_core.o
    0x08004a42   0x00000004   Code   RO         5020    i.USBD_LL_DevConnected  usbd_core.o
    0x08004a46   0x00000016   Code   RO         5021    i.USBD_LL_DevDisconnected  usbd_core.o
    0x08004a5c   0x00000008   Code   RO          509    i.USBD_LL_GetRxDataSize  usbd_conf.o
    0x08004a64   0x00000068   Code   RO          510    i.USBD_LL_Init      usbd_conf.o
    0x08004acc   0x00000020   Code   RO          511    i.USBD_LL_IsStallEP  usbd_conf.o
    0x08004aec   0x00000004   Code   RO         5022    i.USBD_LL_IsoINIncomplete  usbd_core.o
    0x08004af0   0x00000004   Code   RO         5023    i.USBD_LL_IsoOUTIncomplete  usbd_core.o
    0x08004af4   0x00000018   Code   RO          512    i.USBD_LL_OpenEP    usbd_conf.o
    0x08004b0c   0x00000012   Code   RO          513    i.USBD_LL_PrepareReceive  usbd_conf.o
    0x08004b1e   0x00000050   Code   RO         5024    i.USBD_LL_Reset     usbd_core.o
    0x08004b6e   0x0000000c   Code   RO         5025    i.USBD_LL_Resume    usbd_core.o
    0x08004b7a   0x00000018   Code   RO         5026    i.USBD_LL_SOF       usbd_core.o
    0x08004b92   0x00000006   Code   RO         5027    i.USBD_LL_SetSpeed  usbd_core.o
    0x08004b98   0x00000012   Code   RO          514    i.USBD_LL_SetUSBAddress  usbd_conf.o
    0x08004baa   0x0000005a   Code   RO         5028    i.USBD_LL_SetupStage  usbd_core.o
    0x08004c04   0x00000012   Code   RO          515    i.USBD_LL_StallEP   usbd_conf.o
    0x08004c16   0x00000012   Code   RO          516    i.USBD_LL_Start     usbd_conf.o
    0x08004c28   0x00000012   Code   RO         5029    i.USBD_LL_Suspend   usbd_core.o
    0x08004c3a   0x00000012   Code   RO          518    i.USBD_LL_Transmit  usbd_conf.o
    0x08004c4c   0x00000028   Code   RO         5156    i.USBD_ParseSetupRequest  usbd_ctlreq.o
    0x08004c74   0x00000010   Code   RO         5030    i.USBD_RegisterClass  usbd_core.o
    0x08004c84   0x00000016   Code   RO         5032    i.USBD_SetClassConfig  usbd_core.o
    0x08004c9a   0x00000002   PAD
    0x08004c9c   0x00000084   Code   RO         5157    i.USBD_SetConfig    usbd_ctlreq.o
    0x08004d20   0x0000000a   Code   RO         5033    i.USBD_Start        usbd_core.o
    0x08004d2a   0x00000112   Code   RO         5158    i.USBD_StdDevReq    usbd_ctlreq.o
    0x08004e3c   0x00000150   Code   RO         5159    i.USBD_StdEPReq     usbd_ctlreq.o
    0x08004f8c   0x0000004e   Code   RO         5160    i.USBD_StdItfReq    usbd_ctlreq.o
    0x08004fda   0x00000002   PAD
    0x08004fdc   0x00000080   Code   RO         1382    i.USB_ActivateEndpoint  stm32f7xx_ll_usb.o
    0x0800505c   0x00000034   Code   RO         1384    i.USB_ActivateSetup  stm32f7xx_ll_usb.o
    0x08005090   0x000000e4   Code   RO         1386    i.USB_CoreInit      stm32f7xx_ll_usb.o
    0x08005174   0x00000034   Code   RO         1387    i.USB_CoreReset     stm32f7xx_ll_usb.o
    0x080051a8   0x00000080   Code   RO         1390    i.USB_DeactivateEndpoint  stm32f7xx_ll_usb.o
    0x08005228   0x00000018   Code   RO         1391    i.USB_DevConnect    stm32f7xx_ll_usb.o
    0x08005240   0x00000018   Code   RO         1392    i.USB_DevDisconnect  stm32f7xx_ll_usb.o
    0x08005258   0x00000188   Code   RO         1393    i.USB_DevInit       stm32f7xx_ll_usb.o
    0x080053e0   0x0000000c   Code   RO         1394    i.USB_DisableGlobalInt  stm32f7xx_ll_usb.o
    0x080053ec   0x0000010c   Code   RO         1397    i.USB_EP0StartXfer  stm32f7xx_ll_usb.o
    0x080054f8   0x00000058   Code   RO         1398    i.USB_EP0_OutStart  stm32f7xx_ll_usb.o
    0x08005550   0x00000058   Code   RO         1399    i.USB_EPClearStall  stm32f7xx_ll_usb.o
    0x080055a8   0x00000058   Code   RO         1400    i.USB_EPSetStall    stm32f7xx_ll_usb.o
    0x08005600   0x000001c4   Code   RO         1401    i.USB_EPStartXfer   stm32f7xx_ll_usb.o
    0x080057c4   0x0000000c   Code   RO         1402    i.USB_EnableGlobalInt  stm32f7xx_ll_usb.o
    0x080057d0   0x00000020   Code   RO         1403    i.USB_FlushRxFifo   stm32f7xx_ll_usb.o
    0x080057f0   0x00000024   Code   RO         1404    i.USB_FlushTxFifo   stm32f7xx_ll_usb.o
    0x08005814   0x0000001a   Code   RO         1406    i.USB_GetDevSpeed   stm32f7xx_ll_usb.o
    0x0800582e   0x00000008   Code   RO         1408    i.USB_GetMode       stm32f7xx_ll_usb.o
    0x08005836   0x0000000e   Code   RO         1415    i.USB_ReadDevAllInEpInterrupt  stm32f7xx_ll_usb.o
    0x08005844   0x0000000e   Code   RO         1416    i.USB_ReadDevAllOutEpInterrupt  stm32f7xx_ll_usb.o
    0x08005852   0x00000024   Code   RO         1417    i.USB_ReadDevInEPInterrupt  stm32f7xx_ll_usb.o
    0x08005876   0x00000010   Code   RO         1418    i.USB_ReadDevOutEPInterrupt  stm32f7xx_ll_usb.o
    0x08005886   0x00000008   Code   RO         1419    i.USB_ReadInterrupts  stm32f7xx_ll_usb.o
    0x0800588e   0x0000001e   Code   RO         1420    i.USB_ReadPacket    stm32f7xx_ll_usb.o
    0x080058ac   0x0000002e   Code   RO         1422    i.USB_SetCurrentMode  stm32f7xx_ll_usb.o
    0x080058da   0x00000022   Code   RO         1423    i.USB_SetDevAddress  stm32f7xx_ll_usb.o
    0x080058fc   0x000000e8   Code   RO         1425    i.USB_SetTurnaroundTime  stm32f7xx_ll_usb.o
    0x080059e4   0x00000024   Code   RO         1428    i.USB_WritePacket   stm32f7xx_ll_usb.o
    0x08005a08   0x00000002   Code   RO          861    i.UsageFault_Handler  stm32f7xx_it.o
    0x08005a0a   0x00000020   Code   RO         1699    i.__NVIC_SetPriority  stm32f7xx_hal_cortex.o
    0x08005a2a   0x0000000e   Code   RO         5444    i.__scatterload_copy  mc_w.l(handlers.o)
    0x08005a38   0x00000002   Code   RO         5445    i.__scatterload_null  mc_w.l(handlers.o)
    0x08005a3a   0x0000000e   Code   RO         5446    i.__scatterload_zeroinit  mc_w.l(handlers.o)
    0x08005a48   0x00000020   Code   RO           15    i.dataMGR_init      datamgr.o
    0x08005a68   0x00000028   Code   RO           17    i.dataMGR_init_DMA  datamgr.o
    0x08005a90   0x00000050   Code   RO         5392    i.free              mc_w.l(malloc.o)
    0x08005ae0   0x00000224   Code   RO          292    i.main              main.o
    0x08005d04   0x0000006c   Code   RO         5393    i.malloc            mc_w.l(malloc.o)
    0x08005d70   0x00000008   Data   RO         3860    .constdata          stm32f7xx_hal_dma.o
    0x08005d78   0x00000010   Data   RO         4979    .constdata          system_stm32f7xx.o
    0x08005d88   0x00000008   Data   RO         4980    .constdata          system_stm32f7xx.o
    0x08005d90   0x00000020   Data   RO         5442    Region$$Table       anon$$obj.o


    Execution Region RW_IRAM1 (Base: 0x20000000, Size: 0x00006960, Max: 0x00010000, ABSOLUTE, COMPRESSED[0x000000c0])

    Base Addr    Size         Type   Attr      Idx    E Section Name        Object

    0x20000000   0x0000001c   Data   RW          694    .data               usbd_desc.o
    0x2000001c   0x00000032   Data   RW          695    .data               usbd_desc.o
    0x2000004e   0x00000002   PAD
    0x20000050   0x00000010   Data   RW          777    .data               usbd_cdc_if.o
    0x20000060   0x00000004   Data   RW         1007    .data               stm32f7xx_hal_msp.o
    0x20000064   0x0000000c   Data   RW         4237    .data               stm32f7xx_hal.o
    0x20000070   0x00000004   Data   RW         4981    .data               system_stm32f7xx.o
    0x20000074   0x00000001   Data   RW         5161    .data               usbd_ctlreq.o
    0x20000075   0x00000003   PAD
    0x20000078   0x000000d7   Data   RW         5293    .data               usbd_cdc.o
    0x2000014f   0x00000001   PAD
    0x20000150   0x00000038   Data   RW         5294    .data               usbd_cdc.o
    0x20000188   0x00000004   Data   RW         5438    .data               mc_w.l(mvars.o)
    0x2000018c   0x00000004   Data   RW         5439    .data               mc_w.l(mvars.o)
    0x20000190   0x000044b0   Zero   RW          293    .bss                main.o
    0x20004640   0x00000060   Zero   RW          294    .bss                main.o
    0x200046a0   0x00000060   Zero   RW          295    .bss                main.o
    0x20004700   0x00000060   Zero   RW          296    .bss                main.o
    0x20004760   0x00000060   Zero   RW          297    .bss                main.o
    0x200047c0   0x00000060   Zero   RW          298    .bss                main.o
    0x20004820   0x00000060   Zero   RW          299    .bss                main.o
    0x20004880   0x0000029c   Zero   RW          460    .bss                usb_device.o
    0x20004b1c   0x00000404   Zero   RW          519    .bss                usbd_conf.o
    0x20004f20   0x00000200   Zero   RW          693    .bss                usbd_desc.o
    0x20005120   0x00001000   Zero   RW          776    .bss                usbd_cdc_if.o
    0x20006120   0x00000040   Zero   RW         1071    .bss                stm32f7xx_hal_timebase_tim.o
    0x20006160   0x00000400   Zero   RW            2    HEAP                startup_stm32f723xx.o
    0x20006560   0x00000400   Zero   RW            1    STACK               startup_stm32f723xx.o


==============================================================================

Image component sizes


      Code (inc. data)   RO Data    RW Data    ZI Data      Debug   Object Name

       262          0          0          0          0       9584   ce32_ioncom.o
        72          0          0          0          0     746396   datamgr.o
      2758        192          0          0      18160      61864   main.o
        36          8        480          0       2048        880   startup_stm32f723xx.o
       108         18          0         12          0       8642   stm32f7xx_hal.o
       158         14          0          0          0      38246   stm32f7xx_hal_cortex.o
       788         16          8          0          0       4987   stm32f7xx_hal_dma.o
       458         46          0          0          0       2736   stm32f7xx_hal_gpio.o
      1312        148          0          4          0       5431   stm32f7xx_hal_msp.o
      2376         18          0          0          0      13525   stm32f7xx_hal_pcd.o
       118          6          0          0          0       3225   stm32f7xx_hal_pcd_ex.o
        16          4          0          0          0        587   stm32f7xx_hal_pwr.o
       108         10          0          0          0       1376   stm32f7xx_hal_pwr_ex.o
      1352         84          0          0          0       6669   stm32f7xx_hal_rcc.o
      1304         46          0          0          0       3437   stm32f7xx_hal_rcc_ex.o
       528         22          0          0          0       2571   stm32f7xx_hal_sai.o
      1630        126          0          0          0      14639   stm32f7xx_hal_tim.o
       102          8          0          0          0       3300   stm32f7xx_hal_tim_ex.o
       116         16          0          0         64       1511   stm32f7xx_hal_timebase_tim.o
      1394         74          0          0          0       8802   stm32f7xx_hal_uart.o
       630         94          0          0          0      19706   stm32f7xx_it.o
      2604        148          0          0          0      23967   stm32f7xx_ll_usb.o
        84         18         24          4          0       1283   system_stm32f7xx.o
        84         18          0          0        668        868   usb_device.o
       730         16          0        271          0      14066   usbd_cdc.o
       724         60          0         16       4096      12404   usbd_cdc_if.o
       666         26          0          0       1028      15604   usbd_conf.o
       696          0          0          0          0      12837   usbd_core.o
      1186         28          0          1          0       8580   usbd_ctlreq.o
       286        104          0         78        512       6317   usbd_desc.o
       132          0          0          0          0       4692   usbd_ioreq.o

    ----------------------------------------------------------------------
     22848       1368        544        392      26576    1058732   Object Totals
         0          0         32          0          0          0   (incl. Generated)
        30          0          0          6          0          0   (incl. Padding)

    ----------------------------------------------------------------------

      Code (inc. data)   RO Data    RW Data    ZI Data      Debug   Library Member Name

        86          0          0          0          0          0   __dczerorl2.o
         0          0          0          0          0          0   entry.o
         0          0          0          0          0          0   entry10a.o
         0          0          0          0          0          0   entry11a.o
         8          4          0          0          0          0   entry2.o
         4          0          0          0          0          0   entry5.o
         0          0          0          0          0          0   entry7b.o
         0          0          0          0          0          0   entry8b.o
         8          4          0          0          0          0   entry9a.o
        30          0          0          0          0          0   handlers.o
        36          8          0          0          0         68   init.o
        30          0          0          0          0         68   llshl.o
        32          0          0          0          0         68   llushr.o
       188         20          0          0          0        160   malloc.o
        36          0          0          0          0         68   memcpya.o
        36          0          0          0          0        108   memseta.o
         0          0          0          8          0          0   mvars.o
        98          0          0          0          0         92   uldiv.o

    ----------------------------------------------------------------------
       592         36          0          8          0        632   Library Totals
         0          0          0          0          0          0   (incl. Padding)

    ----------------------------------------------------------------------

      Code (inc. data)   RO Data    RW Data    ZI Data      Debug   Library Name

       592         36          0          8          0        632   mc_w.l

    ----------------------------------------------------------------------
       592         36          0          8          0        632   Library Totals

    ----------------------------------------------------------------------

==============================================================================


      Code (inc. data)   RO Data    RW Data    ZI Data      Debug   

     23440       1404        544        400      26576    1036588   Grand Totals
     23440       1404        544        192      26576    1036588   ELF Image Totals (compressed)
     23440       1404        544        192          0          0   ROM Totals

==============================================================================

    Total RO  Size (Code + RO Data)                23984 (  23.42kB)
    Total RW  Size (RW Data + ZI Data)             26976 (  26.34kB)
    Total ROM Size (Code + RO Data + RW Data)      24176 (  23.61kB)

==============================================================================

