Component: ARM Compiler 5.05 update 2 (build 169) Tool: armlink [4d0f33]

==============================================================================

Section Cross References

    startup_stm32f723xx.o(RESET) refers to startup_stm32f723xx.o(STACK) for __initial_sp
    startup_stm32f723xx.o(RESET) refers to startup_stm32f723xx.o(.text) for Reset_Handler
    startup_stm32f723xx.o(RESET) refers to stm32f7xx_it.o(i.NMI_Handler) for NMI_Handler
    startup_stm32f723xx.o(RESET) refers to stm32f7xx_it.o(i.HardFault_Handler) for HardFault_Handler
    startup_stm32f723xx.o(RESET) refers to stm32f7xx_it.o(i.MemManage_Handler) for MemManage_Handler
    startup_stm32f723xx.o(RESET) refers to stm32f7xx_it.o(i.BusFault_Handler) for BusFault_Handler
    startup_stm32f723xx.o(RESET) refers to stm32f7xx_it.o(i.UsageFault_Handler) for UsageFault_Handler
    startup_stm32f723xx.o(RESET) refers to stm32f7xx_it.o(i.SVC_Handler) for SVC_Handler
    startup_stm32f723xx.o(RESET) refers to stm32f7xx_it.o(i.DebugMon_Handler) for DebugMon_Handler
    startup_stm32f723xx.o(RESET) refers to stm32f7xx_it.o(i.PendSV_Handler) for PendSV_Handler
    startup_stm32f723xx.o(RESET) refers to stm32f7xx_it.o(i.SysTick_Handler) for SysTick_Handler
    startup_stm32f723xx.o(RESET) refers to stm32f7xx_it.o(i.TIM1_UP_TIM10_IRQHandler) for TIM1_UP_TIM10_IRQHandler
    startup_stm32f723xx.o(RESET) refers to stm32f7xx_it.o(i.DMA2_Stream1_IRQHandler) for DMA2_Stream1_IRQHandler
    startup_stm32f723xx.o(RESET) refers to stm32f7xx_it.o(i.DMA2_Stream4_IRQHandler) for DMA2_Stream4_IRQHandler
    startup_stm32f723xx.o(RESET) refers to stm32f7xx_it.o(i.DMA2_Stream6_IRQHandler) for DMA2_Stream6_IRQHandler
    startup_stm32f723xx.o(RESET) refers to stm32f7xx_it.o(i.DMA2_Stream7_IRQHandler) for DMA2_Stream7_IRQHandler
    startup_stm32f723xx.o(RESET) refers to stm32f7xx_it.o(i.USART6_IRQHandler) for USART6_IRQHandler
    startup_stm32f723xx.o(RESET) refers to stm32f7xx_it.o(i.OTG_HS_IRQHandler) for OTG_HS_IRQHandler
    startup_stm32f723xx.o(.text) refers to system_stm32f7xx.o(i.SystemInit) for SystemInit
    startup_stm32f723xx.o(.text) refers to entry.o(.ARM.Collect$$$$00000000) for __main
    datamgr.o(i.syslog_init) refers to datamgr.o(i.dataMGR_IncNrec) for dataMGR_IncNrec
    main.o(i.HAL_TIM_PeriodElapsedCallback) refers to stm32f7xx_hal.o(i.HAL_IncTick) for HAL_IncTick
    main.o(i.MX_GPIO_Init) refers to memseta.o(.text) for __aeabi_memclr4
    main.o(i.MX_GPIO_Init) refers to stm32f7xx_hal_gpio.o(i.HAL_GPIO_WritePin) for HAL_GPIO_WritePin
    main.o(i.MX_GPIO_Init) refers to stm32f7xx_hal_gpio.o(i.HAL_GPIO_Init) for HAL_GPIO_Init
    main.o(i.MX_SAI2_Init) refers to stm32f7xx_hal_sai.o(i.HAL_SAI_Init) for HAL_SAI_Init
    main.o(i.MX_SAI2_Init) refers to main.o(.bss) for .bss
    main.o(i.MX_TIM12_Init) refers to memseta.o(.text) for __aeabi_memclr4
    main.o(i.MX_TIM12_Init) refers to stm32f7xx_hal_tim.o(i.HAL_TIM_PWM_Init) for HAL_TIM_PWM_Init
    main.o(i.MX_TIM12_Init) refers to stm32f7xx_hal_tim_ex.o(i.HAL_TIM_PWM_ConfigChannel) for HAL_TIM_PWM_ConfigChannel
    main.o(i.MX_TIM12_Init) refers to stm32f7xx_hal_msp.o(i.HAL_TIM_MspPostInit) for HAL_TIM_MspPostInit
    main.o(i.MX_TIM12_Init) refers to main.o(.bss) for .bss
    main.o(i.MX_TIM2_Init) refers to memseta.o(.text) for __aeabi_memclr4
    main.o(i.MX_TIM2_Init) refers to stm32f7xx_hal_tim.o(i.HAL_TIM_PWM_Init) for HAL_TIM_PWM_Init
    main.o(i.MX_TIM2_Init) refers to stm32f7xx_hal_tim_ex.o(i.HAL_TIMEx_MasterConfigSynchronization) for HAL_TIMEx_MasterConfigSynchronization
    main.o(i.MX_TIM2_Init) refers to stm32f7xx_hal_tim_ex.o(i.HAL_TIM_PWM_ConfigChannel) for HAL_TIM_PWM_ConfigChannel
    main.o(i.MX_TIM2_Init) refers to stm32f7xx_hal_msp.o(i.HAL_TIM_MspPostInit) for HAL_TIM_MspPostInit
    main.o(i.MX_TIM2_Init) refers to main.o(.bss) for .bss
    main.o(i.MX_TIM3_Init) refers to memseta.o(.text) for __aeabi_memclr4
    main.o(i.MX_TIM3_Init) refers to stm32f7xx_hal_tim.o(i.HAL_TIM_PWM_Init) for HAL_TIM_PWM_Init
    main.o(i.MX_TIM3_Init) refers to stm32f7xx_hal_tim_ex.o(i.HAL_TIMEx_MasterConfigSynchronization) for HAL_TIMEx_MasterConfigSynchronization
    main.o(i.MX_TIM3_Init) refers to stm32f7xx_hal_tim_ex.o(i.HAL_TIM_PWM_ConfigChannel) for HAL_TIM_PWM_ConfigChannel
    main.o(i.MX_TIM3_Init) refers to stm32f7xx_hal_msp.o(i.HAL_TIM_MspPostInit) for HAL_TIM_MspPostInit
    main.o(i.MX_TIM3_Init) refers to main.o(.bss) for .bss
    main.o(i.MX_TIM5_Init) refers to memseta.o(.text) for __aeabi_memclr4
    main.o(i.MX_TIM5_Init) refers to stm32f7xx_hal_tim.o(i.HAL_TIM_PWM_Init) for HAL_TIM_PWM_Init
    main.o(i.MX_TIM5_Init) refers to stm32f7xx_hal_tim_ex.o(i.HAL_TIMEx_MasterConfigSynchronization) for HAL_TIMEx_MasterConfigSynchronization
    main.o(i.MX_TIM5_Init) refers to stm32f7xx_hal_tim_ex.o(i.HAL_TIM_PWM_ConfigChannel) for HAL_TIM_PWM_ConfigChannel
    main.o(i.MX_TIM5_Init) refers to stm32f7xx_hal_msp.o(i.HAL_TIM_MspPostInit) for HAL_TIM_MspPostInit
[...]
    i.HAL_PCD_SuspendCallback                0x0800157c   Section        0  usbd_conf.o(i.HAL_PCD_SuspendCallback)
    i.HAL_PWREx_EnableOverDrive              0x080015ac   Section        0  stm32f7xx_hal_pwr_ex.o(i.HAL_PWREx_EnableOverDrive)
    i.HAL_PWR_EnableBkUpAccess               0x08001618   Section        0  stm32f7xx_hal_pwr.o(i.HAL_PWR_EnableBkUpAccess)
    i.HAL_RCCEx_GetPeriphCLKFreq             0x08001628   Section        0  stm32f7xx_hal_rcc_ex.o(i.HAL_RCCEx_GetPeriphCLKFreq)
    i.HAL_RCCEx_PeriphCLKConfig              0x080016f0   Section        0  stm32f7xx_hal_rcc_ex.o(i.HAL_RCCEx_PeriphCLKConfig)
    i.HAL_RCC_ClockConfig                    0x08001b40   Section        0  stm32f7xx_hal_rcc.o(i.HAL_RCC_ClockConfig)
    i.HAL_RCC_GetClockConfig                 0x08001c78   Section        0  stm32f7xx_hal_rcc.o(i.HAL_RCC_GetClockConfig)
    i.HAL_RCC_GetHCLKFreq                    0x08001cb8   Section        0  stm32f7xx_hal_rcc.o(i.HAL_RCC_GetHCLKFreq)
    i.HAL_RCC_GetPCLK1Freq                   0x08001cc4   Section        0  stm32f7xx_hal_rcc.o(i.HAL_RCC_GetPCLK1Freq)
    i.HAL_RCC_GetPCLK2Freq                   0x08001ce4   Section        0  stm32f7xx_hal_rcc.o(i.HAL_RCC_GetPCLK2Freq)
    i.HAL_RCC_GetSysClockFreq                0x08001d04   Section        0  stm32f7xx_hal_rcc.o(i.HAL_RCC_GetSysClockFreq)
    i.HAL_RCC_OscConfig                      0x08001d68   Section        0  stm32f7xx_hal_rcc.o(i.HAL_RCC_OscConfig)
    i.HAL_SAI_Init                           0x08002088   Section        0  stm32f7xx_hal_sai.o(i.HAL_SAI_Init)
    i.HAL_SAI_MspInit                        0x08002258   Section        0  stm32f7xx_hal_msp.o(i.HAL_SAI_MspInit)
    i.HAL_TIMEx_BreakCallback                0x08002398   Section        0  stm32f7xx_hal_tim_ex.o(i.HAL_TIMEx_BreakCallback)
    i.HAL_TIMEx_CommutationCallback          0x0800239a   Section        0  stm32f7xx_hal_tim_ex.o(i.HAL_TIMEx_CommutationCallback)
    i.HAL_TIMEx_MasterConfigSynchronization  0x0800239c   Section        0  stm32f7xx_hal_tim_ex.o(i.HAL_TIMEx_MasterConfigSynchronization)
    i.HAL_TIM_Base_Init                      0x080023f4   Section        0  stm32f7xx_hal_tim.o(i.HAL_TIM_Base_Init)
    i.HAL_TIM_Base_MspInit                   0x0800242a   Section        0  stm32f7xx_hal_tim.o(i.HAL_TIM_Base_MspInit)
    i.HAL_TIM_Base_Start_IT                  0x0800242c   Section        0  stm32f7xx_hal_tim.o(i.HAL_TIM_Base_Start_IT)
    i.HAL_TIM_IC_CaptureCallback             0x08002444   Section        0  stm32f7xx_hal_tim.o(i.HAL_TIM_IC_CaptureCallback)
    i.HAL_TIM_IRQHandler                     0x08002446   Section        0  stm32f7xx_hal_tim.o(i.HAL_TIM_IRQHandler)
    i.HAL_TIM_MspPostInit                    0x080025c8   Section        0  stm32f7xx_hal_msp.o(i.HAL_TIM_MspPostInit)
    i.HAL_TIM_OC_DelayElapsedCallback        0x080026d4   Section        0  stm32f7xx_hal_tim.o(i.HAL_TIM_OC_DelayElapsedCallback)
    i.HAL_TIM_PWM_ConfigChannel              0x080026d6   Section        0  stm32f7xx_hal_tim_ex.o(i.HAL_TIM_PWM_ConfigChannel)
    i.HAL_TIM_PWM_Init                       0x080027fe   Section        0  stm32f7xx_hal_tim.o(i.HAL_TIM_PWM_Init)
    i.HAL_TIM_PWM_MspInit                    0x08002834   Section        0  stm32f7xx_hal_msp.o(i.HAL_TIM_PWM_MspInit)
    i.HAL_TIM_PWM_PulseFinishedCallback      0x080028c4   Section        0  stm32f7xx_hal_tim.o(i.HAL_TIM_PWM_PulseFinishedCallback)
    i.HAL_TIM_PeriodElapsedCallback          0x080028c8   Section        0  main.o(i.HAL_TIM_PeriodElapsedCallback)
    i.HAL_TIM_TriggerCallback                0x080028dc   Section        0  stm32f7xx_hal_tim.o(i.HAL_TIM_TriggerCallback)
    i.HAL_UART_Init                          0x080028de   Section        0  stm32f7xx_hal_uart.o(i.HAL_UART_Init)
    i.HAL_UART_MspInit                       0x08002948   Section        0  stm32f7xx_hal_msp.o(i.HAL_UART_MspInit)
    i.HardFault_Handler                      0x08002a9c   Section        0  stm32f7xx_it.o(i.HardFault_Handler)
    i.MX_GPIO_Init                           0x08002aa0   Section        0  main.o(i.MX_GPIO_Init)
    MX_GPIO_Init                             0x08002aa1   Thumb Code  1136  main.o(i.MX_GPIO_Init)
    i.MX_SAI2_Init                           0x08002f18   Section        0  main.o(i.MX_SAI2_Init)
    MX_SAI2_Init                             0x08002f19   Thumb Code   150  main.o(i.MX_SAI2_Init)
    i.MX_TIM12_Init                          0x08002fb8   Section        0  main.o(i.MX_TIM12_Init)
    MX_TIM12_Init                            0x08002fb9   Thumb Code    64  main.o(i.MX_TIM12_Init)
    i.MX_TIM2_Init                           0x08003000   Section        0  main.o(i.MX_TIM2_Init)
    MX_TIM2_Init                             0x08003001   Thumb Code    94  main.o(i.MX_TIM2_Init)
    i.MX_TIM3_Init                           0x08003064   Section        0  main.o(i.MX_TIM3_Init)
    MX_TIM3_Init                             0x08003065   Thumb Code    82  main.o(i.MX_TIM3_Init)
    i.MX_TIM5_Init                           0x080030c0   Section        0  main.o(i.MX_TIM5_Init)
    MX_TIM5_Init                             0x080030c1   Thumb Code    82  main.o(i.MX_TIM5_Init)
    i.MX_TIM9_Init                           0x0800311c   Section        0  main.o(i.MX_TIM9_Init)
    MX_TIM9_Init                             0x0800311d   Thumb Code    74  main.o(i.MX_TIM9_Init)
    i.MX_UART5_Init                          0x08003170   Section        0  main.o(i.MX_UART5_Init)
    MX_UART5_Init                            0x08003171   Thumb Code    36  main.o(i.MX_UART5_Init)
    i.MX_USART6_UART_Init                    0x0800319c   Section        0  main.o(i.MX_USART6_UART_Init)
    MX_USART6_UART_Init                      0x0800319d   Thumb Code    34  main.o(i.MX_USART6_UART_Init)
    i.MX_USB_DEVICE_Init                     0x080031cc   Section        0  usb_device.o(i.MX_USB_DEVICE_Init)
    i.MemManage_Handler                      0x08003204   Section        0  stm32f7xx_it.o(i.MemManage_Handler)
    i.NMI_Handler                            0x08003206   Section        0  stm32f7xx_it.o(i.NMI_Handler)
    i.NVIC_SetPriority                       0x08003208   Section        0  stm32f7xx_hal_cortex.o(i.NVIC_SetPriority)
    NVIC_SetPriority                         0x08003209   Thumb Code    32  stm32f7xx_hal_cortex.o(i.NVIC_SetPriority)
    i.OTG_HS_IRQHandler                      0x08003228   Section        0  stm32f7xx_it.o(i.OTG_HS_IRQHandler)
    i.PCD_WriteEmptyTxFifo                   0x08003234   Section        0  stm32f7xx_hal_pcd.o(i.PCD_WriteEmptyTxFifo)
    PCD_WriteEmptyTxFifo                     0x08003235   Thumb Code   134  stm32f7xx_hal_pcd.o(i.PCD_WriteEmptyTxFifo)
    i.PendSV_Handler                         0x080032ba   Section        0  stm32f7xx_it.o(i.PendSV_Handler)
    i.SAI_Disable                            0x080032bc   Section        0  stm32f7xx_hal_sai.o(i.SAI_Disable)
    SAI_Disable                              0x080032bd   Thumb Code    60  stm32f7xx_hal_sai.o(i.SAI_Disable)
    i.SVC_Handler                            0x080032fc   Section        0  stm32f7xx_it.o(i.SVC_Handler)
    i.SysTick_Handler                        0x080032fe   Section        0  stm32f7xx_it.o(i.SysTick_Handler)
    i.SystemClock_Config                     0x08003300   Section        0  main.o(i.SystemClock_Config)
    i.SystemInit                             0x080033bc   Section        0  system_stm32f7xx.o(i.SystemInit)
    i.TIM1_UP_TIM10_IRQHandler               0x08003410   Section        0  stm32f7xx_it.o(i.TIM1_UP_TIM10_IRQHandler)
    i.TIM_Base_SetConfig                     0x0800341c   Section        0  stm32f7xx_hal_tim.o(i.TIM_Base_SetConfig)
    i.TIM_OC1_SetConfig                      0x080034e4   Section        0  stm32f7xx_hal_tim.o(i.TIM_OC1_SetConfig)
    i.TIM_OC2_SetConfig                      0x08003544   Section        0  stm32f7xx_hal_tim.o(i.TIM_OC2_SetConfig)
    i.TIM_OC3_SetConfig                      0x080035b0   Section        0  stm32f7xx_hal_tim.o(i.TIM_OC3_SetConfig)
    i.TIM_OC4_SetConfig                      0x08003618   Section        0  stm32f7xx_hal_tim.o(i.TIM_OC4_SetConfig)
    i.TIM_OC5_SetConfig                      0x08003670   Section        0  stm32f7xx_hal_tim_ex.o(i.TIM_OC5_SetConfig)
    TIM_OC5_SetConfig                        0x08003671   Thumb Code    68  stm32f7xx_hal_tim_ex.o(i.TIM_OC5_SetConfig)
    i.TIM_OC6_SetConfig                      0x080036c0   Section        0  stm32f7xx_hal_tim_ex.o(i.TIM_OC6_SetConfig)
    TIM_OC6_SetConfig                        0x080036c1   Thumb Code    70  stm32f7xx_hal_tim_ex.o(i.TIM_OC6_SetConfig)
    i.UART_AdvFeatureConfig                  0x08003714   Section        0  stm32f7xx_hal_uart.o(i.UART_AdvFeatureConfig)
    i.UART_CheckIdleState                    0x080037dc   Section        0  stm32f7xx_hal_uart.o(i.UART_CheckIdleState)
    i.UART_SetConfig                         0x0800381c   Section        0  stm32f7xx_hal_uart.o(i.UART_SetConfig)
    i.UART_WaitOnFlagUntilTimeout            0x08003a54   Section        0  stm32f7xx_hal_uart.o(i.UART_WaitOnFlagUntilTimeout)
    i.USART6_IRQHandler                      0x08003ab8   Section        0  stm32f7xx_it.o(i.USART6_IRQHandler)
    i.USBD_CDC_DataIn                        0x08003b50   Section        0  usbd_cdc.o(i.USBD_CDC_DataIn)
    USBD_CDC_DataIn                          0x08003b51   Thumb Code    74  usbd_cdc.o(i.USBD_CDC_DataIn)
    i.USBD_CDC_DataOut                       0x08003b9a   Section        0  usbd_cdc.o(i.USBD_CDC_DataOut)
    USBD_CDC_DataOut                         0x08003b9b   Thumb Code    46  usbd_cdc.o(i.USBD_CDC_DataOut)
    i.USBD_CDC_DeInit                        0x08003bc8   Section        0  usbd_cdc.o(i.USBD_CDC_DeInit)
    USBD_CDC_DeInit                          0x08003bc9   Thumb Code    68  usbd_cdc.o(i.USBD_CDC_DeInit)
    i.USBD_CDC_EP0_RxReady                   0x08003c0c   Section        0  usbd_cdc.o(i.USBD_CDC_EP0_RxReady)
    USBD_CDC_EP0_RxReady                     0x08003c0d   Thumb Code    36  usbd_cdc.o(i.USBD_CDC_EP0_RxReady)
    i.USBD_CDC_GetDeviceQualifierDescriptor  0x08003c30   Section        0  usbd_cdc.o(i.USBD_CDC_GetDeviceQualifierDescriptor)
    i.USBD_CDC_GetFSCfgDesc                  0x08003c3c   Section        0  usbd_cdc.o(i.USBD_CDC_GetFSCfgDesc)
    USBD_CDC_GetFSCfgDesc                    0x08003c3d   Thumb Code     8  usbd_cdc.o(i.USBD_CDC_GetFSCfgDesc)
    i.USBD_CDC_GetHSCfgDesc                  0x08003c48   Section        0  usbd_cdc.o(i.USBD_CDC_GetHSCfgDesc)
    USBD_CDC_GetHSCfgDesc                    0x08003c49   Thumb Code     8  usbd_cdc.o(i.USBD_CDC_GetHSCfgDesc)
    i.USBD_CDC_GetOtherSpeedCfgDesc          0x08003c54   Section        0  usbd_cdc.o(i.USBD_CDC_GetOtherSpeedCfgDesc)
    USBD_CDC_GetOtherSpeedCfgDesc            0x08003c55   Thumb Code     8  usbd_cdc.o(i.USBD_CDC_GetOtherSpeedCfgDesc)
    i.USBD_CDC_Init                          0x08003c60   Section        0  usbd_cdc.o(i.USBD_CDC_Init)
    USBD_CDC_Init                            0x08003c61   Thumb Code   148  usbd_cdc.o(i.USBD_CDC_Init)
    i.USBD_CDC_ReceivePacket                 0x08003cf4   Section        0  usbd_cdc.o(i.USBD_CDC_ReceivePacket)
    i.USBD_CDC_RegisterInterface             0x08003d1c   Section        0  usbd_cdc.o(i.USBD_CDC_RegisterInterface)
    i.USBD_CDC_SetRxBuffer                   0x08003d2c   Section        0  usbd_cdc.o(i.USBD_CDC_SetRxBuffer)
    i.USBD_CDC_SetTxBuffer                   0x08003d38   Section        0  usbd_cdc.o(i.USBD_CDC_SetTxBuffer)
    i.USBD_CDC_Setup                         0x08003d48   Section        0  usbd_cdc.o(i.USBD_CDC_Setup)
    USBD_CDC_Setup                           0x08003d49   Thumb Code   172  usbd_cdc.o(i.USBD_CDC_Setup)
    i.USBD_CDC_TransmitPacket                0x08003df4   Section        0  usbd_cdc.o(i.USBD_CDC_TransmitPacket)
    i.USBD_ClrClassConfig                    0x08003e2a   Section        0  usbd_core.o(i.USBD_ClrClassConfig)
    i.USBD_CtlContinueRx                     0x08003e38   Section        0  usbd_ioreq.o(i.USBD_CtlContinueRx)
    i.USBD_CtlContinueSendData               0x08003e48   Section        0  usbd_ioreq.o(i.USBD_CtlContinueSendData)
    i.USBD_CtlError                          0x08003e58   Section        0  usbd_ctlreq.o(i.USBD_CtlError)
    i.USBD_CtlPrepareRx                      0x08003e6e   Section        0  usbd_ioreq.o(i.USBD_CtlPrepareRx)
    i.USBD_CtlReceiveStatus                  0x08003e8c   Section        0  usbd_ioreq.o(i.USBD_CtlReceiveStatus)
    i.USBD_CtlSendData                       0x08003ea2   Section        0  usbd_ioreq.o(i.USBD_CtlSendData)
    i.USBD_CtlSendStatus                     0x08003ebc   Section        0  usbd_ioreq.o(i.USBD_CtlSendStatus)
    i.USBD_GetDescriptor                     0x08003ed2   Section        0  usbd_ctlreq.o(i.USBD_GetDescriptor)
    USBD_GetDescriptor                       0x08003ed3   Thumb Code   232  usbd_ctlreq.o(i.USBD_GetDescriptor)
    i.USBD_GetString                         0x08003fba   Section        0  usbd_ctlreq.o(i.USBD_GetString)
    i.USBD_HS_ConfigStrDescriptor            0x08004004   Section        0  usbd_desc.o(i.USBD_HS_ConfigStrDescriptor)
    i.USBD_HS_DeviceDescriptor               0x08004024   Section        0  usbd_desc.o(i.USBD_HS_DeviceDescriptor)
    i.USBD_HS_InterfaceStrDescriptor         0x08004030   Section        0  usbd_desc.o(i.USBD_HS_InterfaceStrDescriptor)
    i.USBD_HS_LangIDStrDescriptor            0x08004054   Section        0  usbd_desc.o(i.USBD_HS_LangIDStrDescriptor)
    i.USBD_HS_ManufacturerStrDescriptor      0x08004060   Section        0  usbd_desc.o(i.USBD_HS_ManufacturerStrDescriptor)
    i.USBD_HS_ProductStrDescriptor           0x08004088   Section        0  usbd_desc.o(i.USBD_HS_ProductStrDescriptor)
    i.USBD_HS_SerialStrDescriptor            0x080040b4   Section        0  usbd_desc.o(i.USBD_HS_SerialStrDescriptor)
    i.USBD_Init                              0x080040d8   Section        0  usbd_core.o(i.USBD_Init)
    i.USBD_LL_ClearStallEP                   0x08004102   Section        0  usbd_conf.o(i.USBD_LL_ClearStallEP)
    i.USBD_LL_CloseEP                        0x08004122   Section        0  usbd_conf.o(i.USBD_LL_CloseEP)
    i.USBD_LL_DataInStage                    0x08004142   Section        0  usbd_core.o(i.USBD_LL_DataInStage)
    i.USBD_LL_DataOutStage                   0x08004208   Section        0  usbd_core.o(i.USBD_LL_DataOutStage)
    i.USBD_LL_DevConnected                   0x08004284   Section        0  usbd_core.o(i.USBD_LL_DevConnected)
    i.USBD_LL_DevDisconnected                0x08004288   Section        0  usbd_core.o(i.USBD_LL_DevDisconnected)
    i.USBD_LL_GetRxDataSize                  0x0800429e   Section        0  usbd_conf.o(i.USBD_LL_GetRxDataSize)
    i.USBD_LL_Init                           0x080042a8   Section        0  usbd_conf.o(i.USBD_LL_Init)
    i.USBD_LL_IsStallEP                      0x08004314   Section        0  usbd_conf.o(i.USBD_LL_IsStallEP)
    i.USBD_LL_IsoINIncomplete                0x08004334   Section        0  usbd_core.o(i.USBD_LL_IsoINIncomplete)
    i.USBD_LL_IsoOUTIncomplete               0x08004338   Section        0  usbd_core.o(i.USBD_LL_IsoOUTIncomplete)
    i.USBD_LL_OpenEP                         0x0800433c   Section        0  usbd_conf.o(i.USBD_LL_OpenEP)
    i.USBD_LL_PrepareReceive                 0x08004362   Section        0  usbd_conf.o(i.USBD_LL_PrepareReceive)
    i.USBD_LL_Reset                          0x08004382   Section        0  usbd_core.o(i.USBD_LL_Reset)
    i.USBD_LL_Resume                         0x080043d2   Section        0  usbd_core.o(i.USBD_LL_Resume)
    i.USBD_LL_SOF                            0x080043de   Section        0  usbd_core.o(i.USBD_LL_SOF)
    i.USBD_LL_SetSpeed                       0x080043f6   Section        0  usbd_core.o(i.USBD_LL_SetSpeed)
    i.USBD_LL_SetUSBAddress                  0x080043fc   Section        0  usbd_conf.o(i.USBD_LL_SetUSBAddress)
    i.USBD_LL_SetupStage                     0x0800441c   Section        0  usbd_core.o(i.USBD_LL_SetupStage)
    i.USBD_LL_StallEP                        0x08004476   Section        0  usbd_conf.o(i.USBD_LL_StallEP)
    i.USBD_LL_Start                          0x08004496   Section        0  usbd_conf.o(i.USBD_LL_Start)
    i.USBD_LL_Suspend                        0x080044b6   Section        0  usbd_core.o(i.USBD_LL_Suspend)
    i.USBD_LL_Transmit                       0x080044c8   Section        0  usbd_conf.o(i.USBD_LL_Transmit)
    i.USBD_ParseSetupRequest                 0x080044e8   Section        0  usbd_ctlreq.o(i.USBD_ParseSetupRequest)
    i.USBD_RegisterClass                     0x08004510   Section        0  usbd_core.o(i.USBD_RegisterClass)
    i.USBD_SetClassConfig                    0x08004520   Section        0  usbd_core.o(i.USBD_SetClassConfig)
    i.USBD_SetConfig                         0x08004538   Section        0  usbd_ctlreq.o(i.USBD_SetConfig)
    USBD_SetConfig                           0x08004539   Thumb Code   128  usbd_ctlreq.o(i.USBD_SetConfig)
    i.USBD_Start                             0x080045bc   Section        0  usbd_core.o(i.USBD_Start)
    i.USBD_StdDevReq                         0x080045c6   Section        0  usbd_ctlreq.o(i.USBD_StdDevReq)
    i.USBD_StdEPReq                          0x080046d8   Section        0  usbd_ctlreq.o(i.USBD_StdEPReq)
    i.USBD_StdItfReq                         0x08004828   Section        0  usbd_ctlreq.o(i.USBD_StdItfReq)
    i.USB_ActivateEndpoint                   0x08004878   Section        0  stm32f7xx_ll_usb.o(i.USB_ActivateEndpoint)
    i.USB_ActivateSetup                      0x080048f8   Section        0  stm32f7xx_ll_usb.o(i.USB_ActivateSetup)
    i.USB_CoreInit                           0x0800492c   Section        0  stm32f7xx_ll_usb.o(i.USB_CoreInit)
    i.USB_CoreReset                          0x08004a10   Section        0  stm32f7xx_ll_usb.o(i.USB_CoreReset)
    USB_CoreReset                            0x08004a11   Thumb Code    46  stm32f7xx_ll_usb.o(i.USB_CoreReset)
    i.USB_DeactivateEndpoint                 0x08004a44   Section        0  stm32f7xx_ll_usb.o(i.USB_DeactivateEndpoint)
    i.USB_DevConnect                         0x08004ac4   Section        0  stm32f7xx_ll_usb.o(i.USB_DevConnect)
    i.USB_DevDisconnect                      0x08004adc   Section        0  stm32f7xx_ll_usb.o(i.USB_DevDisconnect)
    i.USB_DevInit                            0x08004af4   Section        0  stm32f7xx_ll_usb.o(i.USB_DevInit)
    i.USB_DisableGlobalInt                   0x08004c70   Section        0  stm32f7xx_ll_usb.o(i.USB_DisableGlobalInt)
    i.USB_EP0StartXfer                       0x08004c7c   Section        0  stm32f7xx_ll_usb.o(i.USB_EP0StartXfer)
    i.USB_EP0_OutStart                       0x08004d80   Section        0  stm32f7xx_ll_usb.o(i.USB_EP0_OutStart)
    i.USB_EPClearStall                       0x08004dbe   Section        0  stm32f7xx_ll_usb.o(i.USB_EPClearStall)
    i.USB_EPSetStall                         0x08004e16   Section        0  stm32f7xx_ll_usb.o(i.USB_EPSetStall)
    i.USB_EPStartXfer                        0x08004e70   Section        0  stm32f7xx_ll_usb.o(i.USB_EPStartXfer)
    i.USB_EnableGlobalInt                    0x08005030   Section        0  stm32f7xx_ll_usb.o(i.USB_EnableGlobalInt)
    i.USB_FlushRxFifo                        0x0800503c   Section        0  stm32f7xx_ll_usb.o(i.USB_FlushRxFifo)
    i.USB_FlushTxFifo                        0x0800505c   Section        0  stm32f7xx_ll_usb.o(i.USB_FlushTxFifo)
    i.USB_GetDevSpeed                        0x08005080   Section        0  stm32f7xx_ll_usb.o(i.USB_GetDevSpeed)
    i.USB_GetMode                            0x080050a2   Section        0  stm32f7xx_ll_usb.o(i.USB_GetMode)
    i.USB_ReadDevAllInEpInterrupt            0x080050aa   Section        0  stm32f7xx_ll_usb.o(i.USB_ReadDevAllInEpInterrupt)
    i.USB_ReadDevAllOutEpInterrupt           0x080050b8   Section        0  stm32f7xx_ll_usb.o(i.USB_ReadDevAllOutEpInterrupt)
    i.USB_ReadDevInEPInterrupt               0x080050c6   Section        0  stm32f7xx_ll_usb.o(i.USB_ReadDevInEPInterrupt)
    i.USB_ReadDevOutEPInterrupt              0x080050ea   Section        0  stm32f7xx_ll_usb.o(i.USB_ReadDevOutEPInterrupt)
    i.USB_ReadInterrupts                     0x080050fa   Section        0  stm32f7xx_ll_usb.o(i.USB_ReadInterrupts)
    i.USB_ReadPacket                         0x08005102   Section        0  stm32f7xx_ll_usb.o(i.USB_ReadPacket)
    i.USB_SetCurrentMode                     0x08005120   Section        0  stm32f7xx_ll_usb.o(i.USB_SetCurrentMode)
    i.USB_SetDevAddress                      0x0800514e   Section        0  stm32f7xx_ll_usb.o(i.USB_SetDevAddress)
    i.USB_WritePacket                        0x08005170   Section        0  stm32f7xx_ll_usb.o(i.USB_WritePacket)
    i.UsageFault_Handler                     0x08005194   Section        0  stm32f7xx_it.o(i.UsageFault_Handler)
    i.__scatterload_copy                     0x08005196   Section       14  handlers.o(i.__scatterload_copy)
    i.__scatterload_null                     0x080051a4   Section        2  handlers.o(i.__scatterload_null)
    i.__scatterload_zeroinit                 0x080051a6   Section       14  handlers.o(i.__scatterload_zeroinit)
    i.dataMGR_init                           0x080051b4   Section        0  datamgr.o(i.dataMGR_init)
    i.free                                   0x080051d4   Section        0  malloc.o(i.free)
    i.main                                   0x08005224   Section        0  main.o(i.main)
    i.malloc                                 0x08005404   Section        0  malloc.o(i.malloc)
    .constdata                               0x08005470   Section        8  stm32f7xx_hal_dma.o(.constdata)
    flagBitshiftOffset                       0x08005470   Data           8  stm32f7xx_hal_dma.o(.constdata)
    .constdata                               0x08005478   Section       16  system_stm32f7xx.o(.constdata)
    .constdata                               0x08005488   Section        8  system_stm32f7xx.o(.constdata)
    .data                                    0x20000000   Section       28  usbd_desc.o(.data)
    .data                                    0x2000001c   Section       22  usbd_desc.o(.data)
    .data                                    0x20000034   Section       16  usbd_cdc_if.o(.data)
    .data                                    0x20000044   Section        4  stm32f7xx_hal_msp.o(.data)
    SAI2_client                              0x20000044   Data           4  stm32f7xx_hal_msp.o(.data)
    .data                                    0x20000048   Section       12  stm32f7xx_hal.o(.data)
    .data                                    0x20000054   Section        4  system_stm32f7xx.o(.data)
    .data                                    0x20000058   Section        1  usbd_ctlreq.o(.data)
    cfgidx                                   0x20000058   Data           1  usbd_ctlreq.o(.data)
    .data                                    0x2000005c   Section      215  usbd_cdc.o(.data)
    USBD_CDC_DeviceQualifierDesc             0x2000005c   Data          10  usbd_cdc.o(.data)
    .data                                    0x20000134   Section       56  usbd_cdc.o(.data)
    .data                                    0x2000016c   Section        4  mvars.o(.data)
    .data                                    0x20000170   Section        4  mvars.o(.data)
    .bss                                     0x20000174   Section    13200  main.o(.bss)
    .bss                                     0x20003504   Section       96  main.o(.bss)
    .bss                                     0x20003564   Section       96  main.o(.bss)
    .bss                                     0x200035c4   Section       96  main.o(.bss)
    .bss                                     0x20003624   Section       96  main.o(.bss)
    .bss                                     0x20003684   Section      668  usb_device.o(.bss)
    .bss                                     0x20003920   Section     1024  usbd_conf.o(.bss)
    .bss                                     0x20003d20   Section      512  usbd_desc.o(.bss)
    .bss                                     0x20003f20   Section     4096  usbd_cdc_if.o(.bss)
    .bss                                     0x20004f20   Section       64  stm32f7xx_hal_timebase_tim.o(.bss)
    HEAP                                     0x20004f60   Section     1024  startup_stm32f723xx.o(HEAP)
    STACK                                    0x20005360   Section     1024  startup_stm32f723xx.o(STACK)

    Global Symbols

    Symbol Name                              Value     Ov Type        Size  Object(Section)

    BuildAttributes$$THM_ISAv4$E$P$D$K$B$S$7EM$VFPi3$EXTD16$VFPS$VFMA$PE$PLD8$A:L22UL41UL21$X:L11$S22US41US21$IEEE1$IW$USESV6$~STKCKD$USESV7$~SHL$OSPACE$EBA8$MICROLIB$REQ8$PRES8$EABIv2 0x00000000   Number         0  anon$$obj.o ABSOLUTE
    __ARM_use_no_argv                        0x00000000   Number         0  main.o ABSOLUTE
    __cpp_initialize__aeabi_                  - Undefined Weak Reference
    __cxa_finalize                            - Undefined Weak Reference
    _clock_init                               - Undefined Weak Reference
    _microlib_exit                            - Undefined Weak Reference
    __Vectors_Size                           0x000001e0   Number         0  startup_stm32f723xx.o ABSOLUTE
    __Vectors                                0x08000000   Data           4  startup_stm32f723xx.o(RESET)
    __Vectors_End                            0x080001e0   Data           0  startup_stm32f723xx.o(RESET)
    __main                                   0x080001e1   Thumb Code     0  entry.o(.ARM.Collect$$$$00000000)
    _main_stk                                0x080001e1   Thumb Code     0  entry2.o(.ARM.Collect$$$$00000001)
    _main_scatterload                        0x080001e5   Thumb Code     0  entry5.o(.ARM.Collect$$$$00000004)
    __main_after_scatterload                 0x080001e9   Thumb Code     0  entry5.o(.ARM.Collect$$$$00000004)
    _main_clock                              0x080001e9   Thumb Code     0  entry7b.o(.ARM.Collect$$$$00000008)
    _main_cpp_init                           0x080001e9   Thumb Code     0  entry8b.o(.ARM.Collect$$$$0000000A)
    _main_init                               0x080001e9   Thumb Code     0  entry9a.o(.ARM.Collect$$$$0000000B)
    __rt_final_cpp                           0x080001f1   Thumb Code     0  entry10a.o(.ARM.Collect$$$$0000000D)
    __rt_final_exit                          0x080001f1   Thumb Code     0  entry11a.o(.ARM.Collect$$$$0000000F)
    Reset_Handler                            0x080001f5   Thumb Code     8  startup_stm32f723xx.o(.text)
    ADC_IRQHandler                           0x0800020f   Thumb Code     0  startup_stm32f723xx.o(.text)
    CAN1_RX0_IRQHandler                      0x0800020f   Thumb Code     0  startup_stm32f723xx.o(.text)
    CAN1_RX1_IRQHandler                      0x0800020f   Thumb Code     0  startup_stm32f723xx.o(.text)
    CAN1_SCE_IRQHandler                      0x0800020f   Thumb Code     0  startup_stm32f723xx.o(.text)
    CAN1_TX_IRQHandler                       0x0800020f   Thumb Code     0  startup_stm32f723xx.o(.text)
    DMA1_Stream0_IRQHandler                  0x0800020f   Thumb Code     0  startup_stm32f723xx.o(.text)
    DMA1_Stream1_IRQHandler                  0x0800020f   Thumb Code     0  startup_stm32f723xx.o(.text)
    DMA1_Stream2_IRQHandler                  0x0800020f   Thumb Code     0  startup_stm32f723xx.o(.text)
    DMA1_Stream3_IRQHandler                  0x0800020f   Thumb Code     0  startup_stm32f723xx.o(.text)
    DMA1_Stream4_IRQHandler                  0x0800020f   Thumb Code     0  startup_stm32f723xx.o(.text)
    DMA1_Stream5_IRQHandler                  0x0800020f   Thumb Code     0  startup_stm32f723xx.o(.text)
    DMA1_Stream6_IRQHandler                  0x0800020f   Thumb Code     0  startup_stm32f723xx.o(.text)
    DMA1_Stream7_IRQHandler                  0x0800020f   Thumb Code     0  startup_stm32f723xx.o(.text)
    DMA2_Stream0_IRQHandler                  0x0800020f   Thumb Code     0  startup_stm32f723xx.o(.text)
    DMA2_Stream2_IRQHandler                  0x0800020f   Thumb Code     0  startup_stm32f723xx.o(.text)
    DMA2_Stream3_IRQHandler                  0x0800020f   Thumb Code     0  startup_stm32f723xx.o(.text)
    DMA2_Stream5_IRQHandler                  0x0800020f   Thumb Code     0  startup_stm32f723xx.o(.text)
    EXTI0_IRQHandler                         0x0800020f   Thumb Code     0  startup_stm32f723xx.o(.text)
    EXTI15_10_IRQHandler                     0x0800020f   Thumb Code     0  startup_stm32f723xx.o(.text)
    EXTI1_IRQHandler                         0x0800020f   Thumb Code     0  startup_stm32f723xx.o(.text)
    EXTI2_IRQHandler                         0x0800020f   Thumb Code     0  startup_stm32f723xx.o(.text)
    EXTI3_IRQHandler                         0x0800020f   Thumb Code     0  startup_stm32f723xx.o(.text)
    EXTI4_IRQHandler                         0x0800020f   Thumb Code     0  startup_stm32f723xx.o(.text)
    EXTI9_5_IRQHandler                       0x0800020f   Thumb Code     0  startup_stm32f723xx.o(.text)
    FLASH_IRQHandler                         0x0800020f   Thumb Code     0  startup_stm32f723xx.o(.text)
    FMC_IRQHandler                           0x0800020f   Thumb Code     0  startup_stm32f723xx.o(.text)
    FPU_IRQHandler                           0x0800020f   Thumb Code     0  startup_stm32f723xx.o(.text)
    I2C1_ER_IRQHandler                       0x0800020f   Thumb Code     0  startup_stm32f723xx.o(.text)
    I2C1_EV_IRQHandler                       0x0800020f   Thumb Code     0  startup_stm32f723xx.o(.text)
    I2C2_ER_IRQHandler                       0x0800020f   Thumb Code     0  startup_stm32f723xx.o(.text)
    I2C2_EV_IRQHandler                       0x0800020f   Thumb Code     0  startup_stm32f723xx.o(.text)
    I2C3_ER_IRQHandler                       0x0800020f   Thumb Code     0  startup_stm32f723xx.o(.text)
    I2C3_EV_IRQHandler                       0x0800020f   Thumb Code     0  startup_stm32f723xx.o(.text)
    LPTIM1_IRQHandler                        0x0800020f   Thumb Code     0  startup_stm32f723xx.o(.text)
    OTG_FS_IRQHandler                        0x0800020f   Thumb Code     0  startup_stm32f723xx.o(.text)
    OTG_FS_WKUP_IRQHandler                   0x0800020f   Thumb Code     0  startup_stm32f723xx.o(.text)
    OTG_HS_EP1_IN_IRQHandler                 0x0800020f   Thumb Code     0  startup_stm32f723xx.o(.text)
    OTG_HS_EP1_OUT_IRQHandler                0x0800020f   Thumb Code     0  startup_stm32f723xx.o(.text)
    OTG_HS_WKUP_IRQHandler                   0x0800020f   Thumb Code     0  startup_stm32f723xx.o(.text)
    PVD_IRQHandler                           0x0800020f   Thumb Code     0  startup_stm32f723xx.o(.text)
    QUADSPI_IRQHandler                       0x0800020f   Thumb Code     0  startup_stm32f723xx.o(.text)
    RCC_IRQHandler                           0x0800020f   Thumb Code     0  startup_stm32f723xx.o(.text)
    RNG_IRQHandler                           0x0800020f   Thumb Code     0  startup_stm32f723xx.o(.text)
    RTC_Alarm_IRQHandler                     0x0800020f   Thumb Code     0  startup_stm32f723xx.o(.text)
    RTC_WKUP_IRQHandler                      0x0800020f   Thumb Code     0  startup_stm32f723xx.o(.text)
    SAI1_IRQHandler                          0x0800020f   Thumb Code     0  startup_stm32f723xx.o(.text)
    SAI2_IRQHandler                          0x0800020f   Thumb Code     0  startup_stm32f723xx.o(.text)
    SDMMC1_IRQHandler                        0x0800020f   Thumb Code     0  startup_stm32f723xx.o(.text)
    SDMMC2_IRQHandler                        0x0800020f   Thumb Code     0  startup_stm32f723xx.o(.text)
    SPI1_IRQHandler                          0x0800020f   Thumb Code     0  startup_stm32f723xx.o(.text)
    SPI2_IRQHandler                          0x0800020f   Thumb Code     0  startup_stm32f723xx.o(.text)
    SPI3_IRQHandler                          0x0800020f   Thumb Code     0  startup_stm32f723xx.o(.text)
    SPI4_IRQHandler                          0x0800020f   Thumb Code     0  startup_stm32f723xx.o(.text)
    SPI5_IRQHandler                          0x0800020f   Thumb Code     0  startup_stm32f723xx.o(.text)
    TAMP_STAMP_IRQHandler                    0x0800020f   Thumb Code     0  startup_stm32f723xx.o(.text)
    TIM1_BRK_TIM9_IRQHandler                 0x0800020f   Thumb Code     0  startup_stm32f723xx.o(.text)
    TIM1_CC_IRQHandler                       0x0800020f   Thumb Code     0  startup_stm32f723xx.o(.text)
    TIM1_TRG_COM_TIM11_IRQHandler            0x0800020f   Thumb Code     0  startup_stm32f723xx.o(.text)
    TIM2_IRQHandler                          0x0800020f   Thumb Code     0  startup_stm32f723xx.o(.text)
    TIM3_IRQHandler                          0x0800020f   Thumb Code     0  startup_stm32f723xx.o(.text)
    TIM4_IRQHandler                          0x0800020f   Thumb Code     0  startup_stm32f723xx.o(.text)
    TIM5_IRQHandler                          0x0800020f   Thumb Code     0  startup_stm32f723xx.o(.text)
    TIM6_DAC_IRQHandler                      0x0800020f   Thumb Code     0  startup_stm32f723xx.o(.text)
    TIM7_IRQHandler                          0x0800020f   Thumb Code     0  startup_stm32f723xx.o(.text)
    TIM8_BRK_TIM12_IRQHandler                0x0800020f   Thumb Code     0  startup_stm32f723xx.o(.text)
    TIM8_CC_IRQHandler                       0x0800020f   Thumb Code     0  startup_stm32f723xx.o(.text)
    TIM8_TRG_COM_TIM14_IRQHandler            0x0800020f   Thumb Code     0  startup_stm32f723xx.o(.text)
    TIM8_UP_TIM13_IRQHandler                 0x0800020f   Thumb Code     0  startup_stm32f723xx.o(.text)
    UART4_IRQHandler                         0x0800020f   Thumb Code     0  startup_stm32f723xx.o(.text)
    UART5_IRQHandler                         0x0800020f   Thumb Code     0  startup_stm32f723xx.o(.text)
    UART7_IRQHandler                         0x0800020f   Thumb Code     0  startup_stm32f723xx.o(.text)
    UART8_IRQHandler                         0x0800020f   Thumb Code     0  startup_stm32f723xx.o(.text)
    USART1_IRQHandler                        0x0800020f   Thumb Code     0  startup_stm32f723xx.o(.text)
    USART2_IRQHandler                        0x0800020f   Thumb Code     0  startup_stm32f723xx.o(.text)
    USART3_IRQHandler                        0x0800020f   Thumb Code     0  startup_stm32f723xx.o(.text)
    WWDG_IRQHandler                          0x0800020f   Thumb Code     0  startup_stm32f723xx.o(.text)
    __aeabi_uldivmod                         0x08000219   Thumb Code    98  uldiv.o(.text)
    __aeabi_memcpy                           0x0800027b   Thumb Code    36  memcpya.o(.text)
    __aeabi_memcpy4                          0x0800027b   Thumb Code     0  memcpya.o(.text)
    __aeabi_memcpy8                          0x0800027b   Thumb Code     0  memcpya.o(.text)
    __aeabi_memset                           0x0800029f   Thumb Code    14  memseta.o(.text)
    __aeabi_memset4                          0x0800029f   Thumb Code     0  memseta.o(.text)
    __aeabi_memset8                          0x0800029f   Thumb Code     0  memseta.o(.text)
    __aeabi_memclr                           0x080002ad   Thumb Code     4  memseta.o(.text)
    __aeabi_memclr4                          0x080002ad   Thumb Code     0  memseta.o(.text)
    __aeabi_memclr8                          0x080002ad   Thumb Code     0  memseta.o(.text)
    _memset$wrapper                          0x080002b1   Thumb Code    18  memseta.o(.text)
    __aeabi_llsl                             0x080002c3   Thumb Code    30  llshl.o(.text)
    _ll_shift_l                              0x080002c3   Thumb Code     0  llshl.o(.text)
    __aeabi_llsr                             0x080002e1   Thumb Code    32  llushr.o(.text)
    _ll_ushift_r                             0x080002e1   Thumb Code     0  llushr.o(.text)
    __scatterload                            0x08000301   Thumb Code    28  init.o(.text)
    __scatterload_rt2                        0x08000301   Thumb Code     0  init.o(.text)
    __decompress                             0x08000325   Thumb Code     0  __dczerorl2.o(.text)
    __decompress1                            0x08000325   Thumb Code    86  __dczerorl2.o(.text)
    BusFault_Handler                         0x0800037b   Thumb Code     2  stm32f7xx_it.o(i.BusFault_Handler)
    CDC_Transmit_HS                          0x08000401   Thumb Code    38  usbd_cdc_if.o(i.CDC_Transmit_HS)
    DMA2_Stream1_IRQHandler                  0x0800042d   Thumb Code     6  stm32f7xx_it.o(i.DMA2_Stream1_IRQHandler)
    DMA2_Stream4_IRQHandler                  0x08000439   Thumb Code     6  stm32f7xx_it.o(i.DMA2_Stream4_IRQHandler)
    DMA2_Stream6_IRQHandler                  0x08000445   Thumb Code     6  stm32f7xx_it.o(i.DMA2_Stream6_IRQHandler)
    DMA2_Stream7_IRQHandler                  0x08000451   Thumb Code    66  stm32f7xx_it.o(i.DMA2_Stream7_IRQHandler)
    DebugMon_Handler                         0x08000521   Thumb Code     2  stm32f7xx_it.o(i.DebugMon_Handler)
    Error_Handler                            0x08000523   Thumb Code     2  main.o(i.Error_Handler)
    HAL_DMA_IRQHandler                       0x08000525   Thumb Code   412  stm32f7xx_hal_dma.o(i.HAL_DMA_IRQHandler)
    HAL_DMA_Init                             0x080006c5   Thumb Code   206  stm32f7xx_hal_dma.o(i.HAL_DMA_Init)
    HAL_Delay                                0x08000799   Thumb Code    32  stm32f7xx_hal.o(i.HAL_Delay)
    HAL_GPIO_Init                            0x080007bd   Thumb Code   402  stm32f7xx_hal_gpio.o(i.HAL_GPIO_Init)
    HAL_GPIO_WritePin                        0x0800097d   Thumb Code    10  stm32f7xx_hal_gpio.o(i.HAL_GPIO_WritePin)
    HAL_GetTick                              0x08000989   Thumb Code     6  stm32f7xx_hal.o(i.HAL_GetTick)
    HAL_IncTick                              0x08000995   Thumb Code    12  stm32f7xx_hal.o(i.HAL_IncTick)
    HAL_Init                                 0x080009a5   Thumb Code    40  stm32f7xx_hal.o(i.HAL_Init)
    HAL_InitTick                             0x080009d1   Thumb Code   100  stm32f7xx_hal_timebase_tim.o(i.HAL_InitTick)
    HAL_MspInit                              0x08000a45   Thumb Code    42  stm32f7xx_hal_msp.o(i.HAL_MspInit)
    HAL_NVIC_EnableIRQ                       0x08000a75   Thumb Code    22  stm32f7xx_hal_cortex.o(i.HAL_NVIC_EnableIRQ)
    HAL_NVIC_SetPriority                     0x08000a8d   Thumb Code    60  stm32f7xx_hal_cortex.o(i.HAL_NVIC_SetPriority)
    HAL_NVIC_SetPriorityGrouping             0x08000acd   Thumb Code    26  stm32f7xx_hal_cortex.o(i.HAL_NVIC_SetPriorityGrouping)
    HAL_PCDEx_ActivateLPM                    0x08000af1   Thumb Code    34  stm32f7xx_hal_pcd_ex.o(i.HAL_PCDEx_ActivateLPM)
    HAL_PCDEx_LPM_Callback                   0x08000b19   Thumb Code     2  stm32f7xx_hal_pcd_ex.o(i.HAL_PCDEx_LPM_Callback)
    HAL_PCDEx_SetRxFiFo                      0x08000b1b   Thumb Code     8  stm32f7xx_hal_pcd_ex.o(i.HAL_PCDEx_SetRxFiFo)
    HAL_PCDEx_SetTxFiFo                      0x08000b23   Thumb Code    68  stm32f7xx_hal_pcd_ex.o(i.HAL_PCDEx_SetTxFiFo)
    HAL_PCD_ConnectCallback                  0x08000b67   Thumb Code     8  usbd_conf.o(i.HAL_PCD_ConnectCallback)
    HAL_PCD_DataInStageCallback              0x08000b6f   Thumb Code    18  usbd_conf.o(i.HAL_PCD_DataInStageCallback)
    HAL_PCD_DataOutStageCallback             0x08000b81   Thumb Code    20  usbd_conf.o(i.HAL_PCD_DataOutStageCallback)
    HAL_PCD_DisconnectCallback               0x08000b95   Thumb Code     8  usbd_conf.o(i.HAL_PCD_DisconnectCallback)
    HAL_PCD_EP_Close                         0x08000b9d   Thumb Code    76  stm32f7xx_hal_pcd.o(i.HAL_PCD_EP_Close)
    HAL_PCD_EP_ClrStall                      0x08000be9   Thumb Code    92  stm32f7xx_hal_pcd.o(i.HAL_PCD_EP_ClrStall)
    HAL_PCD_EP_GetRxCount                    0x08000c45   Thumb Code    20  stm32f7xx_hal_pcd.o(i.HAL_PCD_EP_GetRxCount)
    HAL_PCD_EP_Open                          0x08000c59   Thumb Code    96  stm32f7xx_hal_pcd.o(i.HAL_PCD_EP_Open)
    HAL_PCD_EP_Receive                       0x08000cb9   Thumb Code    72  stm32f7xx_hal_pcd.o(i.HAL_PCD_EP_Receive)
    HAL_PCD_EP_SetStall                      0x08000d01   Thumb Code   116  stm32f7xx_hal_pcd.o(i.HAL_PCD_EP_SetStall)
    HAL_PCD_EP_Transmit                      0x08000d75   Thumb Code    64  stm32f7xx_hal_pcd.o(i.HAL_PCD_EP_Transmit)
    HAL_PCD_IRQHandler                       0x08000db5   Thumb Code  1488  stm32f7xx_hal_pcd.o(i.HAL_PCD_IRQHandler)
    HAL_PCD_ISOINIncompleteCallback          0x0800138d   Thumb Code     8  usbd_conf.o(i.HAL_PCD_ISOINIncompleteCallback)
    HAL_PCD_ISOOUTIncompleteCallback         0x08001395   Thumb Code     8  usbd_conf.o(i.HAL_PCD_ISOOUTIncompleteCallback)
    HAL_PCD_Init                             0x0800139d   Thumb Code   208  stm32f7xx_hal_pcd.o(i.HAL_PCD_Init)
    HAL_PCD_MspInit                          0x0800146d   Thumb Code   116  usbd_conf.o(i.HAL_PCD_MspInit)
    HAL_PCD_ResetCallback                    0x080014ed   Thumb Code    32  usbd_conf.o(i.HAL_PCD_ResetCallback)
    HAL_PCD_ResumeCallback                   0x0800150d   Thumb Code     8  usbd_conf.o(i.HAL_PCD_ResumeCallback)
    HAL_PCD_SOFCallback                      0x08001515   Thumb Code     8  usbd_conf.o(i.HAL_PCD_SOFCallback)
    HAL_PCD_SetAddress                       0x0800151d   Thumb Code    40  stm32f7xx_hal_pcd.o(i.HAL_PCD_SetAddress)
    HAL_PCD_SetupStageCallback               0x08001545   Thumb Code    14  usbd_conf.o(i.HAL_PCD_SetupStageCallback)
    HAL_PCD_Start                            0x08001553   Thumb Code    42  stm32f7xx_hal_pcd.o(i.HAL_PCD_Start)
    HAL_PCD_SuspendCallback                  0x0800157d   Thumb Code    44  usbd_conf.o(i.HAL_PCD_SuspendCallback)
    HAL_PWREx_EnableOverDrive                0x080015ad   Thumb Code    98  stm32f7xx_hal_pwr_ex.o(i.HAL_PWREx_EnableOverDrive)
    HAL_PWR_EnableBkUpAccess                 0x08001619   Thumb Code    12  stm32f7xx_hal_pwr.o(i.HAL_PWR_EnableBkUpAccess)
    HAL_RCCEx_GetPeriphCLKFreq               0x08001629   Thumb Code   184  stm32f7xx_hal_rcc_ex.o(i.HAL_RCCEx_GetPeriphCLKFreq)
    HAL_RCCEx_PeriphCLKConfig                0x080016f1   Thumb Code  1104  stm32f7xx_hal_rcc_ex.o(i.HAL_RCCEx_PeriphCLKConfig)
    HAL_RCC_ClockConfig                      0x08001b41   Thumb Code   294  stm32f7xx_hal_rcc.o(i.HAL_RCC_ClockConfig)
    HAL_RCC_GetClockConfig                   0x08001c79   Thumb Code    54  stm32f7xx_hal_rcc.o(i.HAL_RCC_GetClockConfig)
    HAL_RCC_GetHCLKFreq                      0x08001cb9   Thumb Code     6  stm32f7xx_hal_rcc.o(i.HAL_RCC_GetHCLKFreq)
    HAL_RCC_GetPCLK1Freq                     0x08001cc5   Thumb Code    20  stm32f7xx_hal_rcc.o(i.HAL_RCC_GetPCLK1Freq)
    HAL_RCC_GetPCLK2Freq                     0x08001ce5   Thumb Code    20  stm32f7xx_hal_rcc.o(i.HAL_RCC_GetPCLK2Freq)
    HAL_RCC_GetSysClockFreq                  0x08001d05   Thumb Code    88  stm32f7xx_hal_rcc.o(i.HAL_RCC_GetSysClockFreq)
    HAL_RCC_OscConfig                        0x08001d69   Thumb Code   786  stm32f7xx_hal_rcc.o(i.HAL_RCC_OscConfig)
    HAL_SAI_Init                             0x08002089   Thumb Code   446  stm32f7xx_hal_sai.o(i.HAL_SAI_Init)
    HAL_SAI_MspInit                          0x08002259   Thumb Code   286  stm32f7xx_hal_msp.o(i.HAL_SAI_MspInit)
    HAL_TIMEx_BreakCallback                  0x08002399   Thumb Code     2  stm32f7xx_hal_tim_ex.o(i.HAL_TIMEx_BreakCallback)
    HAL_TIMEx_CommutationCallback            0x0800239b   Thumb Code     2  stm32f7xx_hal_tim_ex.o(i.HAL_TIMEx_CommutationCallback)
    HAL_TIMEx_MasterConfigSynchronization    0x0800239d   Thumb Code    78  stm32f7xx_hal_tim_ex.o(i.HAL_TIMEx_MasterConfigSynchronization)
    HAL_TIM_Base_Init                        0x080023f5   Thumb Code    54  stm32f7xx_hal_tim.o(i.HAL_TIM_Base_Init)
    HAL_TIM_Base_MspInit                     0x0800242b   Thumb Code     2  stm32f7xx_hal_tim.o(i.HAL_TIM_Base_MspInit)
    HAL_TIM_Base_Start_IT                    0x0800242d   Thumb Code    24  stm32f7xx_hal_tim.o(i.HAL_TIM_Base_Start_IT)
    HAL_TIM_IC_CaptureCallback               0x08002445   Thumb Code     2  stm32f7xx_hal_tim.o(i.HAL_TIM_IC_CaptureCallback)
    HAL_TIM_IRQHandler                       0x08002447   Thumb Code   384  stm32f7xx_hal_tim.o(i.HAL_TIM_IRQHandler)
    HAL_TIM_MspPostInit                      0x080025c9   Thumb Code   232  stm32f7xx_hal_msp.o(i.HAL_TIM_MspPostInit)
    HAL_TIM_OC_DelayElapsedCallback          0x080026d5   Thumb Code     2  stm32f7xx_hal_tim.o(i.HAL_TIM_OC_DelayElapsedCallback)
    HAL_TIM_PWM_ConfigChannel                0x080026d7   Thumb Code   296  stm32f7xx_hal_tim_ex.o(i.HAL_TIM_PWM_ConfigChannel)
    HAL_TIM_PWM_Init                         0x080027ff   Thumb Code    54  stm32f7xx_hal_tim.o(i.HAL_TIM_PWM_Init)
    HAL_TIM_PWM_MspInit                      0x08002835   Thumb Code   122  stm32f7xx_hal_msp.o(i.HAL_TIM_PWM_MspInit)
    HAL_TIM_PWM_PulseFinishedCallback        0x080028c5   Thumb Code     2  stm32f7xx_hal_tim.o(i.HAL_TIM_PWM_PulseFinishedCallback)
    HAL_TIM_PeriodElapsedCallback            0x080028c9   Thumb Code    14  main.o(i.HAL_TIM_PeriodElapsedCallback)
    HAL_TIM_TriggerCallback                  0x080028dd   Thumb Code     2  stm32f7xx_hal_tim.o(i.HAL_TIM_TriggerCallback)
    HAL_UART_Init                            0x080028df   Thumb Code   106  stm32f7xx_hal_uart.o(i.HAL_UART_Init)
    HAL_UART_MspInit                         0x08002949   Thumb Code   306  stm32f7xx_hal_msp.o(i.HAL_UART_MspInit)
    HardFault_Handler                        0x08002a9d   Thumb Code     2  stm32f7xx_it.o(i.HardFault_Handler)
    MX_USB_DEVICE_Init                       0x080031cd   Thumb Code    38  usb_device.o(i.MX_USB_DEVICE_Init)
    MemManage_Handler                        0x08003205   Thumb Code     2  stm32f7xx_it.o(i.MemManage_Handler)
    NMI_Handler                              0x08003207   Thumb Code     2  stm32f7xx_it.o(i.NMI_Handler)
    OTG_HS_IRQHandler                        0x08003229   Thumb Code     6  stm32f7xx_it.o(i.OTG_HS_IRQHandler)
    PendSV_Handler                           0x080032bb   Thumb Code     2  stm32f7xx_it.o(i.PendSV_Handler)
    SVC_Handler                              0x080032fd   Thumb Code     2  stm32f7xx_it.o(i.SVC_Handler)
    SysTick_Handler                          0x080032ff   Thumb Code     2  stm32f7xx_it.o(i.SysTick_Handler)
    SystemClock_Config                       0x08003301   Thumb Code   174  main.o(i.SystemClock_Config)
    SystemInit                               0x080033bd   Thumb Code    66  system_stm32f7xx.o(i.SystemInit)
    TIM1_UP_TIM10_IRQHandler                 0x08003411   Thumb Code     6  stm32f7xx_it.o(i.TIM1_UP_TIM10_IRQHandler)
    TIM_Base_SetConfig                       0x0800341d   Thumb Code   156  stm32f7xx_hal_tim.o(i.TIM_Base_SetConfig)
    TIM_OC1_SetConfig                        0x080034e5   Thumb Code    84  stm32f7xx_hal_tim.o(i.TIM_OC1_SetConfig)
    TIM_OC2_SetConfig                        0x08003545   Thumb Code    94  stm32f7xx_hal_tim.o(i.TIM_OC2_SetConfig)
    TIM_OC3_SetConfig                        0x080035b1   Thumb Code    92  stm32f7xx_hal_tim.o(i.TIM_OC3_SetConfig)
    TIM_OC4_SetConfig                        0x08003619   Thumb Code    74  stm32f7xx_hal_tim.o(i.TIM_OC4_SetConfig)
    UART_AdvFeatureConfig                    0x08003715   Thumb Code   200  stm32f7xx_hal_uart.o(i.UART_AdvFeatureConfig)
    UART_CheckIdleState                      0x080037dd   Thumb Code    64  stm32f7xx_hal_uart.o(i.UART_CheckIdleState)
    UART_SetConfig                           0x0800381d   Thumb Code   518  stm32f7xx_hal_uart.o(i.UART_SetConfig)
    UART_WaitOnFlagUntilTimeout              0x08003a55   Thumb Code    98  stm32f7xx_hal_uart.o(i.UART_WaitOnFlagUntilTimeout)
    USART6_IRQHandler                        0x08003ab9   Thumb Code   134  stm32f7xx_it.o(i.USART6_IRQHandler)
    USBD_CDC_GetDeviceQualifierDescriptor    0x08003c31   Thumb Code     8  usbd_cdc.o(i.USBD_CDC_GetDeviceQualifierDescriptor)
    USBD_CDC_ReceivePacket                   0x08003cf5   Thumb Code    40  usbd_cdc.o(i.USBD_CDC_ReceivePacket)
    USBD_CDC_RegisterInterface               0x08003d1d   Thumb Code    16  usbd_cdc.o(i.USBD_CDC_RegisterInterface)
    USBD_CDC_SetRxBuffer                     0x08003d2d   Thumb Code    12  usbd_cdc.o(i.USBD_CDC_SetRxBuffer)
    USBD_CDC_SetTxBuffer                     0x08003d39   Thumb Code    16  usbd_cdc.o(i.USBD_CDC_SetTxBuffer)
    USBD_CDC_TransmitPacket                  0x08003df5   Thumb Code    54  usbd_cdc.o(i.USBD_CDC_TransmitPacket)
    USBD_ClrClassConfig                      0x08003e2b   Thumb Code    14  usbd_core.o(i.USBD_ClrClassConfig)
    USBD_CtlContinueRx                       0x08003e39   Thumb Code    16  usbd_ioreq.o(i.USBD_CtlContinueRx)
    USBD_CtlContinueSendData                 0x08003e49   Thumb Code    16  usbd_ioreq.o(i.USBD_CtlContinueSendData)
    USBD_CtlError                            0x08003e59   Thumb Code    22  usbd_ctlreq.o(i.USBD_CtlError)
    USBD_CtlPrepareRx                        0x08003e6f   Thumb Code    30  usbd_ioreq.o(i.USBD_CtlPrepareRx)
    USBD_CtlReceiveStatus                    0x08003e8d   Thumb Code    22  usbd_ioreq.o(i.USBD_CtlReceiveStatus)
    USBD_CtlSendData                         0x08003ea3   Thumb Code    26  usbd_ioreq.o(i.USBD_CtlSendData)
    USBD_CtlSendStatus                       0x08003ebd   Thumb Code    22  usbd_ioreq.o(i.USBD_CtlSendStatus)
    USBD_GetString                           0x08003fbb   Thumb Code    72  usbd_ctlreq.o(i.USBD_GetString)
    USBD_HS_ConfigStrDescriptor              0x08004005   Thumb Code    16  usbd_desc.o(i.USBD_HS_ConfigStrDescriptor)
    USBD_HS_DeviceDescriptor                 0x08004025   Thumb Code     8  usbd_desc.o(i.USBD_HS_DeviceDescriptor)
    USBD_HS_InterfaceStrDescriptor           0x08004031   Thumb Code    16  usbd_desc.o(i.USBD_HS_InterfaceStrDescriptor)
    USBD_HS_LangIDStrDescriptor              0x08004055   Thumb Code     8  usbd_desc.o(i.USBD_HS_LangIDStrDescriptor)
    USBD_HS_ManufacturerStrDescriptor        0x08004061   Thumb Code    16  usbd_desc.o(i.USBD_HS_ManufacturerStrDescriptor)
    USBD_HS_ProductStrDescriptor             0x08004089   Thumb Code    16  usbd_desc.o(i.USBD_HS_ProductStrDescriptor)
    USBD_HS_SerialStrDescriptor              0x080040b5   Thumb Code    16  usbd_desc.o(i.USBD_HS_SerialStrDescriptor)
    USBD_Init                                0x080040d9   Thumb Code    42  usbd_core.o(i.USBD_Init)
    USBD_LL_ClearStallEP                     0x08004103   Thumb Code    32  usbd_conf.o(i.USBD_LL_ClearStallEP)
    USBD_LL_CloseEP                          0x08004123   Thumb Code    32  usbd_conf.o(i.USBD_LL_CloseEP)
    USBD_LL_DataInStage                      0x08004143   Thumb Code   198  usbd_core.o(i.USBD_LL_DataInStage)
    USBD_LL_DataOutStage                     0x08004209   Thumb Code   124  usbd_core.o(i.USBD_LL_DataOutStage)
    USBD_LL_DevConnected                     0x08004285   Thumb Code     4  usbd_core.o(i.USBD_LL_DevConnected)
    USBD_LL_DevDisconnected                  0x08004289   Thumb Code    22  usbd_core.o(i.USBD_LL_DevDisconnected)
    USBD_LL_GetRxDataSize                    0x0800429f   Thumb Code     8  usbd_conf.o(i.USBD_LL_GetRxDataSize)
    USBD_LL_Init                             0x080042a9   Thumb Code    98  usbd_conf.o(i.USBD_LL_Init)
    USBD_LL_IsStallEP                        0x08004315   Thumb Code    32  usbd_conf.o(i.USBD_LL_IsStallEP)
    USBD_LL_IsoINIncomplete                  0x08004335   Thumb Code     4  usbd_core.o(i.USBD_LL_IsoINIncomplete)
    USBD_LL_IsoOUTIncomplete                 0x08004339   Thumb Code     4  usbd_core.o(i.USBD_LL_IsoOUTIncomplete)
    USBD_LL_OpenEP                           0x0800433d   Thumb Code    38  usbd_conf.o(i.USBD_LL_OpenEP)
    USBD_LL_PrepareReceive                   0x08004363   Thumb Code    32  usbd_conf.o(i.USBD_LL_PrepareReceive)
    USBD_LL_Reset                            0x08004383   Thumb Code    80  usbd_core.o(i.USBD_LL_Reset)
    USBD_LL_Resume                           0x080043d3   Thumb Code    12  usbd_core.o(i.USBD_LL_Resume)
    USBD_LL_SOF                              0x080043df   Thumb Code    24  usbd_core.o(i.USBD_LL_SOF)
    USBD_LL_SetSpeed                         0x080043f7   Thumb Code     6  usbd_core.o(i.USBD_LL_SetSpeed)
    USBD_LL_SetUSBAddress                    0x080043fd   Thumb Code    32  usbd_conf.o(i.USBD_LL_SetUSBAddress)
    USBD_LL_SetupStage                       0x0800441d   Thumb Code    90  usbd_core.o(i.USBD_LL_SetupStage)
    USBD_LL_StallEP                          0x08004477   Thumb Code    32  usbd_conf.o(i.USBD_LL_StallEP)
    USBD_LL_Start                            0x08004497   Thumb Code    32  usbd_conf.o(i.USBD_LL_Start)
    USBD_LL_Suspend                          0x080044b7   Thumb Code    18  usbd_core.o(i.USBD_LL_Suspend)
    USBD_LL_Transmit                         0x080044c9   Thumb Code    32  usbd_conf.o(i.USBD_LL_Transmit)
    USBD_ParseSetupRequest                   0x080044e9   Thumb Code    40  usbd_ctlreq.o(i.USBD_ParseSetupRequest)
    USBD_RegisterClass                       0x08004511   Thumb Code    16  usbd_core.o(i.USBD_RegisterClass)
    USBD_SetClassConfig                      0x08004521   Thumb Code    22  usbd_core.o(i.USBD_SetClassConfig)
    USBD_Start                               0x080045bd   Thumb Code    10  usbd_core.o(i.USBD_Start)
    USBD_StdDevReq                           0x080045c7   Thumb Code   274  usbd_ctlreq.o(i.USBD_StdDevReq)
    USBD_StdEPReq                            0x080046d9   Thumb Code   336  usbd_ctlreq.o(i.USBD_StdEPReq)
    USBD_StdItfReq                           0x08004829   Thumb Code    78  usbd_ctlreq.o(i.USBD_StdItfReq)
    USB_ActivateEndpoint                     0x08004879   Thumb Code   122  stm32f7xx_ll_usb.o(i.USB_ActivateEndpoint)
    USB_ActivateSetup                        0x080048f9   Thumb Code    52  stm32f7xx_ll_usb.o(i.USB_ActivateSetup)
    USB_CoreInit                             0x0800492d   Thumb Code   214  stm32f7xx_ll_usb.o(i.USB_CoreInit)
    USB_DeactivateEndpoint                   0x08004a45   Thumb Code   118  stm32f7xx_ll_usb.o(i.USB_DeactivateEndpoint)
    USB_DevConnect                           0x08004ac5   Thumb Code    24  stm32f7xx_ll_usb.o(i.USB_DevConnect)
    USB_DevDisconnect                        0x08004add   Thumb Code    24  stm32f7xx_ll_usb.o(i.USB_DevDisconnect)
    USB_DevInit                              0x08004af5   Thumb Code   362  stm32f7xx_ll_usb.o(i.USB_DevInit)
    USB_DisableGlobalInt                     0x08004c71   Thumb Code    12  stm32f7xx_ll_usb.o(i.USB_DisableGlobalInt)
    USB_EP0StartXfer                         0x08004c7d   Thumb Code   256  stm32f7xx_ll_usb.o(i.USB_EP0StartXfer)
    USB_EP0_OutStart                         0x08004d81   Thumb Code    62  stm32f7xx_ll_usb.o(i.USB_EP0_OutStart)
    USB_EPClearStall                         0x08004dbf   Thumb Code    88  stm32f7xx_ll_usb.o(i.USB_EPClearStall)
    USB_EPSetStall                           0x08004e17   Thumb Code    88  stm32f7xx_ll_usb.o(i.USB_EPSetStall)
    USB_EPStartXfer                          0x08004e71   Thumb Code   442  stm32f7xx_ll_usb.o(i.USB_EPStartXfer)
    USB_EnableGlobalInt                      0x08005031   Thumb Code    12  stm32f7xx_ll_usb.o(i.USB_EnableGlobalInt)
    USB_FlushRxFifo                          0x0800503d   Thumb Code    28  stm32f7xx_ll_usb.o(i.USB_FlushRxFifo)
    USB_FlushTxFifo                          0x0800505d   Thumb Code    32  stm32f7xx_ll_usb.o(i.USB_FlushTxFifo)
    USB_GetDevSpeed                          0x08005081   Thumb Code    34  stm32f7xx_ll_usb.o(i.USB_GetDevSpeed)
    USB_GetMode                              0x080050a3   Thumb Code     8  stm32f7xx_ll_usb.o(i.USB_GetMode)
    USB_ReadDevAllInEpInterrupt              0x080050ab   Thumb Code    14  stm32f7xx_ll_usb.o(i.USB_ReadDevAllInEpInterrupt)
    USB_ReadDevAllOutEpInterrupt             0x080050b9   Thumb Code    14  stm32f7xx_ll_usb.o(i.USB_ReadDevAllOutEpInterrupt)
    USB_ReadDevInEPInterrupt                 0x080050c7   Thumb Code    36  stm32f7xx_ll_usb.o(i.USB_ReadDevInEPInterrupt)
    USB_ReadDevOutEPInterrupt                0x080050eb   Thumb Code    16  stm32f7xx_ll_usb.o(i.USB_ReadDevOutEPInterrupt)
    USB_ReadInterrupts                       0x080050fb   Thumb Code     8  stm32f7xx_ll_usb.o(i.USB_ReadInterrupts)
    USB_ReadPacket                           0x08005103   Thumb Code    30  stm32f7xx_ll_usb.o(i.USB_ReadPacket)
    USB_SetCurrentMode                       0x08005121   Thumb Code    46  stm32f7xx_ll_usb.o(i.USB_SetCurrentMode)
    USB_SetDevAddress                        0x0800514f   Thumb Code    34  stm32f7xx_ll_usb.o(i.USB_SetDevAddress)
    USB_WritePacket                          0x08005171   Thumb Code    36  stm32f7xx_ll_usb.o(i.USB_WritePacket)
    UsageFault_Handler                       0x08005195   Thumb Code     2  stm32f7xx_it.o(i.UsageFault_Handler)
    __scatterload_copy                       0x08005197   Thumb Code    14  handlers.o(i.__scatterload_copy)
    __scatterload_null                       0x080051a5   Thumb Code     2  handlers.o(i.__scatterload_null)
    __scatterload_zeroinit                   0x080051a7   Thumb Code    14  handlers.o(i.__scatterload_zeroinit)
    dataMGR_init                             0x080051b5   Thumb Code    32  datamgr.o(i.dataMGR_init)
    free                                     0x080051d5   Thumb Code    76  malloc.o(i.free)
    main                                     0x08005225   Thumb Code   444  main.o(i.main)
    malloc                                   0x08005405   Thumb Code    92  malloc.o(i.malloc)
    AHBPrescTable                            0x08005478   Data          16  system_stm32f7xx.o(.constdata)
    APBPrescTable                            0x08005488   Data           8  system_stm32f7xx.o(.constdata)
    Region$$Table$$Base                      0x08005490   Number         0  anon$$obj.o(Region$$Table)
    Region$$Table$$Limit                     0x080054b0   Number         0  anon$$obj.o(Region$$Table)
    HS_Desc                                  0x20000000   Data          28  usbd_desc.o(.data)
    USBD_LangIDDesc                          0x2000001c   Data           4  usbd_desc.o(.data)
    USBD_HS_DeviceDesc                       0x20000020   Data          18  usbd_desc.o(.data)
    USBD_Interface_fops_HS                   0x20000034   Data          16  usbd_cdc_if.o(.data)
    uwTickFreq                               0x20000048   Data           1  stm32f7xx_hal.o(.data)
    uwTickPrio                               0x2000004c   Data           4  stm32f7xx_hal.o(.data)
    uwTick                                   0x20000050   Data           4  stm32f7xx_hal.o(.data)
    SystemCoreClock                          0x20000054   Data           4  system_stm32f7xx.o(.data)
    USBD_CDC_CfgHSDesc                       0x20000068   Data          67  usbd_cdc.o(.data)
    USBD_CDC_CfgFSDesc                       0x200000ac   Data          67  usbd_cdc.o(.data)
    USBD_CDC_OtherSpeedCfgDesc               0x200000f0   Data          67  usbd_cdc.o(.data)
    USBD_CDC                                 0x20000134   Data          56  usbd_cdc.o(.data)
    __microlib_freelist                      0x2000016c   Data           4  mvars.o(.data)
    __microlib_freelist_initialised          0x20000170   Data           4  mvars.o(.data)
    hsai_BlockA2                             0x20000174   Data         132  main.o(.bss)
    hsai_BlockB2                             0x200001f8   Data         132  main.o(.bss)
    htim2                                    0x2000027c   Data          64  main.o(.bss)
    htim3                                    0x200002bc   Data          64  main.o(.bss)
    htim5                                    0x200002fc   Data          64  main.o(.bss)
    htim9                                    0x2000033c   Data          64  main.o(.bss)
    htim12                                   0x2000037c   Data          64  main.o(.bss)
    huart5                                   0x200003bc   Data         112  main.o(.bss)
    huart6                                   0x2000042c   Data         112  main.o(.bss)
    data_buf_RX                              0x2000049c   Data        4096  main.o(.bss)
    data_buf_TX                              0x2000149c   Data        4096  main.o(.bss)
    data_buf_RX_CDC                          0x2000249c   Data        4096  main.o(.bss)
    MGR_TX                                   0x2000349c   Data          52  main.o(.bss)
    MGR_RX                                   0x200034d0   Data          52  main.o(.bss)
    hdma_sai2_a                              0x20003504   Data          96  main.o(.bss)
    hdma_sai2_b                              0x20003564   Data          96  main.o(.bss)
    hdma_usart6_rx                           0x200035c4   Data          96  main.o(.bss)
    hdma_usart6_tx                           0x20003624   Data          96  main.o(.bss)
    hUsbDeviceHS                             0x20003684   Data         668  usb_device.o(.bss)
    hpcd_USB_OTG_HS                          0x20003920   Data        1024  usbd_conf.o(.bss)
    USBD_StrDesc                             0x20003d20   Data         512  usbd_desc.o(.bss)
    UserRxBufferHS                           0x20003f20   Data        2048  usbd_cdc_if.o(.bss)
    UserTxBufferHS                           0x20004720   Data        2048  usbd_cdc_if.o(.bss)
    htim1                                    0x20004f20   Data          64  stm32f7xx_hal_timebase_tim.o(.bss)
    __heap_base                              0x20004f60   Data           0  startup_stm32f723xx.o(HEAP)
    __heap_limit                             0x20005360   Data           0  startup_stm32f723xx.o(HEAP)
    __initial_sp                             0x20005760   Data           0  startup_stm32f723xx.o(STACK)



==============================================================================

Memory Map of the image

  Image Entry point : 0x080001e1

  Load Region LR_IROM1 (Base: 0x08000000, Size: 0x00005624, Max: 0x00080000, ABSOLUTE, COMPRESSED[0x0000556c])

    Execution Region ER_IROM1 (Base: 0x08000000, Size: 0x000054b0, Max: 0x00080000, ABSOLUTE)

    Base Addr    Size         Type   Attr      Idx    E Section Name        Object

    0x08000000   0x000001e0   Data   RO            3    RESET               startup_stm32f723xx.o
    0x080001e0   0x00000000   Code   RO         4947  * .ARM.Collect$$$$00000000  mc_w.l(entry.o)
    0x080001e0   0x00000004   Code   RO         4986    .ARM.Collect$$$$00000001  mc_w.l(entry2.o)
    0x080001e4   0x00000004   Code   RO         4989    .ARM.Collect$$$$00000004  mc_w.l(entry5.o)
    0x080001e8   0x00000000   Code   RO         4991    .ARM.Collect$$$$00000008  mc_w.l(entry7b.o)
    0x080001e8   0x00000000   Code   RO         4993    .ARM.Collect$$$$0000000A  mc_w.l(entry8b.o)
    0x080001e8   0x00000008   Code   RO         4994    .ARM.Collect$$$$0000000B  mc_w.l(entry9a.o)
    0x080001f0   0x00000000   Code   RO         4996    .ARM.Collect$$$$0000000D  mc_w.l(entry10a.o)
    0x080001f0   0x00000000   Code   RO         4998    .ARM.Collect$$$$0000000F  mc_w.l(entry11a.o)
    0x080001f0   0x00000004   Code   RO         4987    .ARM.Collect$$$$00002712  mc_w.l(entry2.o)
    0x080001f4   0x00000024   Code   RO            4    .text               startup_stm32f723xx.o
    0x08000218   0x00000062   Code   RO         4950    .text               mc_w.l(uldiv.o)
    0x0800027a   0x00000024   Code   RO         4952    .text               mc_w.l(memcpya.o)
    0x0800029e   0x00000024   Code   RO         4954    .text               mc_w.l(memseta.o)
    0x080002c2   0x0000001e   Code   RO         5000    .text               mc_w.l(llshl.o)
    0x080002e0   0x00000020   Code   RO         5002    .text               mc_w.l(llushr.o)
    0x08000300   0x00000024   Code   RO         5006    .text               mc_w.l(init.o)
    0x08000324   0x00000056   Code   RO         5016    .text               mc_w.l(__dczerorl2.o)
    0x0800037a   0x00000002   Code   RO          695    i.BusFault_Handler  stm32f7xx_it.o
    0x0800037c   0x00000004   Code   RO          636    i.CDC_Control_HS    usbd_cdc_if.o
    0x08000380   0x00000004   Code   RO          637    i.CDC_DeInit_HS     usbd_cdc_if.o
    0x08000384   0x00000024   Code   RO          638    i.CDC_Init_HS       usbd_cdc_if.o
    0x080003a8   0x00000058   Code   RO          639    i.CDC_Receive_HS    usbd_cdc_if.o
    0x08000400   0x0000002c   Code   RO          640    i.CDC_Transmit_HS   usbd_cdc_if.o
    0x0800042c   0x0000000c   Code   RO          696    i.DMA2_Stream1_IRQHandler  stm32f7xx_it.o
    0x08000438   0x0000000c   Code   RO          697    i.DMA2_Stream4_IRQHandler  stm32f7xx_it.o
    0x08000444   0x0000000c   Code   RO          698    i.DMA2_Stream6_IRQHandler  stm32f7xx_it.o
    0x08000450   0x00000054   Code   RO          699    i.DMA2_Stream7_IRQHandler  stm32f7xx_it.o
    0x080004a4   0x00000028   Code   RO         3515    i.DMA_CalcBaseAndBitshift  stm32f7xx_hal_dma.o
    0x080004cc   0x00000054   Code   RO         3516    i.DMA_CheckFifoParam  stm32f7xx_hal_dma.o
    0x08000520   0x00000002   Code   RO          700    i.DebugMon_Handler  stm32f7xx_it.o
    0x08000522   0x00000002   Code   RO          180    i.Error_Handler     main.o
    0x08000524   0x000001a0   Code   RO         3523    i.HAL_DMA_IRQHandler  stm32f7xx_hal_dma.o
    0x080006c4   0x000000d4   Code   RO         3524    i.HAL_DMA_Init      stm32f7xx_hal_dma.o
    0x08000798   0x00000024   Code   RO         3885    i.HAL_Delay         stm32f7xx_hal.o
    0x080007bc   0x000001c0   Code   RO         3452    i.HAL_GPIO_Init     stm32f7xx_hal_gpio.o
    0x0800097c   0x0000000a   Code   RO         3456    i.HAL_GPIO_WritePin  stm32f7xx_hal_gpio.o
    0x08000986   0x00000002   PAD
    0x08000988   0x0000000c   Code   RO         3893    i.HAL_GetTick       stm32f7xx_hal.o
    0x08000994   0x00000010   Code   RO         3899    i.HAL_IncTick       stm32f7xx_hal.o
    0x080009a4   0x0000002c   Code   RO         3900    i.HAL_Init          stm32f7xx_hal.o
    0x080009d0   0x00000074   Code   RO          899    i.HAL_InitTick      stm32f7xx_hal_timebase_tim.o
    0x08000a44   0x00000030   Code   RO          830    i.HAL_MspInit       stm32f7xx_hal_msp.o
    0x08000a74   0x00000016   Code   RO         1506    i.HAL_NVIC_EnableIRQ  stm32f7xx_hal_cortex.o
    0x08000a8a   0x00000002   PAD
    0x08000a8c   0x00000040   Code   RO         1512    i.HAL_NVIC_SetPriority  stm32f7xx_hal_cortex.o
    0x08000acc   0x00000024   Code   RO         1513    i.HAL_NVIC_SetPriorityGrouping  stm32f7xx_hal_cortex.o
    0x08000af0   0x00000028   Code   RO         1153    i.HAL_PCDEx_ActivateLPM  stm32f7xx_hal_pcd_ex.o
    0x08000b18   0x00000002   Code   RO         1156    i.HAL_PCDEx_LPM_Callback  stm32f7xx_hal_pcd_ex.o
    0x08000b1a   0x00000008   Code   RO         1157    i.HAL_PCDEx_SetRxFiFo  stm32f7xx_hal_pcd_ex.o
    0x08000b22   0x00000044   Code   RO         1158    i.HAL_PCDEx_SetTxFiFo  stm32f7xx_hal_pcd_ex.o
    0x08000b66   0x00000008   Code   RO          379    i.HAL_PCD_ConnectCallback  usbd_conf.o
    0x08000b6e   0x00000012   Code   RO          380    i.HAL_PCD_DataInStageCallback  usbd_conf.o
    0x08000b80   0x00000014   Code   RO          381    i.HAL_PCD_DataOutStageCallback  usbd_conf.o
    0x08000b94   0x00000008   Code   RO          382    i.HAL_PCD_DisconnectCallback  usbd_conf.o
    0x08000b9c   0x0000004c   Code   RO          947    i.HAL_PCD_EP_Close  stm32f7xx_hal_pcd.o
    0x08000be8   0x0000005c   Code   RO          948    i.HAL_PCD_EP_ClrStall  stm32f7xx_hal_pcd.o
    0x08000c44   0x00000014   Code   RO          950    i.HAL_PCD_EP_GetRxCount  stm32f7xx_hal_pcd.o
    0x08000c58   0x00000060   Code   RO          951    i.HAL_PCD_EP_Open   stm32f7xx_hal_pcd.o
    0x08000cb8   0x00000048   Code   RO          952    i.HAL_PCD_EP_Receive  stm32f7xx_hal_pcd.o
    0x08000d00   0x00000074   Code   RO          953    i.HAL_PCD_EP_SetStall  stm32f7xx_hal_pcd.o
    0x08000d74   0x00000040   Code   RO          954    i.HAL_PCD_EP_Transmit  stm32f7xx_hal_pcd.o
    0x08000db4   0x000005d8   Code   RO          956    i.HAL_PCD_IRQHandler  stm32f7xx_hal_pcd.o
    0x0800138c   0x00000008   Code   RO          383    i.HAL_PCD_ISOINIncompleteCallback  usbd_conf.o
    0x08001394   0x00000008   Code   RO          384    i.HAL_PCD_ISOOUTIncompleteCallback  usbd_conf.o
    0x0800139c   0x000000d0   Code   RO          959    i.HAL_PCD_Init      stm32f7xx_hal_pcd.o
    0x0800146c   0x00000080   Code   RO          386    i.HAL_PCD_MspInit   usbd_conf.o
    0x080014ec   0x00000020   Code   RO          387    i.HAL_PCD_ResetCallback  usbd_conf.o
    0x0800150c   0x00000008   Code   RO          388    i.HAL_PCD_ResumeCallback  usbd_conf.o
    0x08001514   0x00000008   Code   RO          389    i.HAL_PCD_SOFCallback  usbd_conf.o
    0x0800151c   0x00000028   Code   RO          965    i.HAL_PCD_SetAddress  stm32f7xx_hal_pcd.o
    0x08001544   0x0000000e   Code   RO          390    i.HAL_PCD_SetupStageCallback  usbd_conf.o
    0x08001552   0x0000002a   Code   RO          967    i.HAL_PCD_Start     stm32f7xx_hal_pcd.o
    0x0800157c   0x00000030   Code   RO          391    i.HAL_PCD_SuspendCallback  usbd_conf.o
    0x080015ac   0x0000006c   Code   RO         3792    i.HAL_PWREx_EnableOverDrive  stm32f7xx_hal_pwr_ex.o
    0x08001618   0x00000010   Code   RO         3669    i.HAL_PWR_EnableBkUpAccess  stm32f7xx_hal_pwr.o
    0x08001628   0x000000c8   Code   RO         3212    i.HAL_RCCEx_GetPeriphCLKFreq  stm32f7xx_hal_rcc_ex.o
    0x080016f0   0x00000450   Code   RO         3213    i.HAL_RCCEx_PeriphCLKConfig  stm32f7xx_hal_rcc_ex.o
    0x08001b40   0x00000138   Code   RO         3106    i.HAL_RCC_ClockConfig  stm32f7xx_hal_rcc.o
    0x08001c78   0x00000040   Code   RO         3110    i.HAL_RCC_GetClockConfig  stm32f7xx_hal_rcc.o
    0x08001cb8   0x0000000c   Code   RO         3111    i.HAL_RCC_GetHCLKFreq  stm32f7xx_hal_rcc.o
    0x08001cc4   0x00000020   Code   RO         3113    i.HAL_RCC_GetPCLK1Freq  stm32f7xx_hal_rcc.o
    0x08001ce4   0x00000020   Code   RO         3114    i.HAL_RCC_GetPCLK2Freq  stm32f7xx_hal_rcc.o
    0x08001d04   0x00000064   Code   RO         3115    i.HAL_RCC_GetSysClockFreq  stm32f7xx_hal_rcc.o
    0x08001d68   0x00000320   Code   RO         3118    i.HAL_RCC_OscConfig  stm32f7xx_hal_rcc.o
    0x08002088   0x000001d0   Code   RO         1649    i.HAL_SAI_Init      stm32f7xx_hal_sai.o
    0x08002258   0x00000140   Code   RO          832    i.HAL_SAI_MspInit   stm32f7xx_hal_msp.o
    0x08002398   0x00000002   Code   RO         2553    i.HAL_TIMEx_BreakCallback  stm32f7xx_hal_tim_ex.o
    0x0800239a   0x00000002   Code   RO         2554    i.HAL_TIMEx_CommutationCallback  stm32f7xx_hal_tim_ex.o
    0x0800239c   0x00000058   Code   RO         2571    i.HAL_TIMEx_MasterConfigSynchronization  stm32f7xx_hal_tim_ex.o
    0x080023f4   0x00000036   Code   RO         1921    i.HAL_TIM_Base_Init  stm32f7xx_hal_tim.o
    0x0800242a   0x00000002   Code   RO         1923    i.HAL_TIM_Base_MspInit  stm32f7xx_hal_tim.o
    0x0800242c   0x00000018   Code   RO         1926    i.HAL_TIM_Base_Start_IT  stm32f7xx_hal_tim.o
    0x08002444   0x00000002   Code   RO         1950    i.HAL_TIM_IC_CaptureCallback  stm32f7xx_hal_tim.o
    0x08002446   0x00000180   Code   RO         1963    i.HAL_TIM_IRQHandler  stm32f7xx_hal_tim.o
    0x080025c6   0x00000002   PAD
    0x080025c8   0x0000010c   Code   RO          833    i.HAL_TIM_MspPostInit  stm32f7xx_hal_msp.o
    0x080026d4   0x00000002   Code   RO         1966    i.HAL_TIM_OC_DelayElapsedCallback  stm32f7xx_hal_tim.o
    0x080026d6   0x00000128   Code   RO         2591    i.HAL_TIM_PWM_ConfigChannel  stm32f7xx_hal_tim_ex.o
    0x080027fe   0x00000036   Code   RO         1990    i.HAL_TIM_PWM_Init  stm32f7xx_hal_tim.o
    0x08002834   0x00000090   Code   RO          835    i.HAL_TIM_PWM_MspInit  stm32f7xx_hal_msp.o
    0x080028c4   0x00000002   Code   RO         1993    i.HAL_TIM_PWM_PulseFinishedCallback  stm32f7xx_hal_tim.o
    0x080028c6   0x00000002   PAD
    0x080028c8   0x00000014   Code   RO          181    i.HAL_TIM_PeriodElapsedCallback  main.o
    0x080028dc   0x00000002   Code   RO         2004    i.HAL_TIM_TriggerCallback  stm32f7xx_hal_tim.o
    0x080028de   0x0000006a   Code   RO         2845    i.HAL_UART_Init     stm32f7xx_hal_uart.o
    0x08002948   0x00000154   Code   RO          837    i.HAL_UART_MspInit  stm32f7xx_hal_msp.o
    0x08002a9c   0x00000002   Code   RO          701    i.HardFault_Handler  stm32f7xx_it.o
    0x08002a9e   0x00000002   PAD
    0x08002aa0   0x00000478   Code   RO          182    i.MX_GPIO_Init      main.o
    0x08002f18   0x000000a0   Code   RO          183    i.MX_SAI2_Init      main.o
    0x08002fb8   0x00000048   Code   RO          184    i.MX_TIM12_Init     main.o
    0x08003000   0x00000064   Code   RO          185    i.MX_TIM2_Init      main.o
    0x08003064   0x0000005c   Code   RO          186    i.MX_TIM3_Init      main.o
    0x080030c0   0x0000005c   Code   RO          187    i.MX_TIM5_Init      main.o
    0x0800311c   0x00000054   Code   RO          188    i.MX_TIM9_Init      main.o
    0x08003170   0x0000002c   Code   RO          189    i.MX_UART5_Init     main.o
    0x0800319c   0x00000030   Code   RO          190    i.MX_USART6_UART_Init  main.o
    0x080031cc   0x00000038   Code   RO          348    i.MX_USB_DEVICE_Init  usb_device.o
    0x08003204   0x00000002   Code   RO          702    i.MemManage_Handler  stm32f7xx_it.o
    0x08003206   0x00000002   Code   RO          703    i.NMI_Handler       stm32f7xx_it.o
    0x08003208   0x00000020   Code   RO         1519    i.NVIC_SetPriority  stm32f7xx_hal_cortex.o
    0x08003228   0x0000000c   Code   RO          704    i.OTG_HS_IRQHandler  stm32f7xx_it.o
    0x08003234   0x00000086   Code   RO          970    i.PCD_WriteEmptyTxFifo  stm32f7xx_hal_pcd.o
    0x080032ba   0x00000002   Code   RO          705    i.PendSV_Handler    stm32f7xx_it.o
    0x080032bc   0x00000040   Code   RO         1669    i.SAI_Disable       stm32f7xx_hal_sai.o
    0x080032fc   0x00000002   Code   RO          706    i.SVC_Handler       stm32f7xx_it.o
    0x080032fe   0x00000002   Code   RO          707    i.SysTick_Handler   stm32f7xx_it.o
    0x08003300   0x000000bc   Code   RO          191    i.SystemClock_Config  main.o
    0x080033bc   0x00000054   Code   RO         4544    i.SystemInit        system_stm32f7xx.o
    0x08003410   0x0000000c   Code   RO          708    i.TIM1_UP_TIM10_IRQHandler  stm32f7xx_it.o
    0x0800341c   0x000000c8   Code   RO         2005    i.TIM_Base_SetConfig  stm32f7xx_hal_tim.o
    0x080034e4   0x00000060   Code   RO         2014    i.TIM_OC1_SetConfig  stm32f7xx_hal_tim.o
    0x08003544   0x0000006c   Code   RO         2015    i.TIM_OC2_SetConfig  stm32f7xx_hal_tim.o
    0x080035b0   0x00000068   Code   RO         2016    i.TIM_OC3_SetConfig  stm32f7xx_hal_tim.o
    0x08003618   0x00000058   Code   RO         2017    i.TIM_OC4_SetConfig  stm32f7xx_hal_tim.o
    0x08003670   0x00000050   Code   RO         2594    i.TIM_OC5_SetConfig  stm32f7xx_hal_tim_ex.o
    0x080036c0   0x00000054   Code   RO         2595    i.TIM_OC6_SetConfig  stm32f7xx_hal_tim_ex.o
    0x08003714   0x000000c8   Code   RO         2858    i.UART_AdvFeatureConfig  stm32f7xx_hal_uart.o
    0x080037dc   0x00000040   Code   RO         2859    i.UART_CheckIdleState  stm32f7xx_hal_uart.o
    0x0800381c   0x00000238   Code   RO         2869    i.UART_SetConfig    stm32f7xx_hal_uart.o
    0x08003a54   0x00000062   Code   RO         2870    i.UART_WaitOnFlagUntilTimeout  stm32f7xx_hal_uart.o
    0x08003ab6   0x00000002   PAD
    0x08003ab8   0x00000098   Code   RO          709    i.USART6_IRQHandler  stm32f7xx_it.o
    0x08003b50   0x0000004a   Code   RO         4844    i.USBD_CDC_DataIn   usbd_cdc.o
    0x08003b9a   0x0000002e   Code   RO         4845    i.USBD_CDC_DataOut  usbd_cdc.o
    0x08003bc8   0x00000044   Code   RO         4846    i.USBD_CDC_DeInit   usbd_cdc.o
    0x08003c0c   0x00000024   Code   RO         4847    i.USBD_CDC_EP0_RxReady  usbd_cdc.o
    0x08003c30   0x0000000c   Code   RO         4848    i.USBD_CDC_GetDeviceQualifierDescriptor  usbd_cdc.o
    0x08003c3c   0x0000000c   Code   RO         4849    i.USBD_CDC_GetFSCfgDesc  usbd_cdc.o
    0x08003c48   0x0000000c   Code   RO         4850    i.USBD_CDC_GetHSCfgDesc  usbd_cdc.o
    0x08003c54   0x0000000c   Code   RO         4851    i.USBD_CDC_GetOtherSpeedCfgDesc  usbd_cdc.o
    0x08003c60   0x00000094   Code   RO         4852    i.USBD_CDC_Init     usbd_cdc.o
    0x08003cf4   0x00000028   Code   RO         4853    i.USBD_CDC_ReceivePacket  usbd_cdc.o
    0x08003d1c   0x00000010   Code   RO         4854    i.USBD_CDC_RegisterInterface  usbd_cdc.o
    0x08003d2c   0x0000000c   Code   RO         4855    i.USBD_CDC_SetRxBuffer  usbd_cdc.o
    0x08003d38   0x00000010   Code   RO         4856    i.USBD_CDC_SetTxBuffer  usbd_cdc.o
    0x08003d48   0x000000ac   Code   RO         4857    i.USBD_CDC_Setup    usbd_cdc.o
    0x08003df4   0x00000036   Code   RO         4858    i.USBD_CDC_TransmitPacket  usbd_cdc.o
    0x08003e2a   0x0000000e   Code   RO         4581    i.USBD_ClrClassConfig  usbd_core.o
    0x08003e38   0x00000010   Code   RO         4784    i.USBD_CtlContinueRx  usbd_ioreq.o
    0x08003e48   0x00000010   Code   RO         4785    i.USBD_CtlContinueSendData  usbd_ioreq.o
    0x08003e58   0x00000016   Code   RO         4719    i.USBD_CtlError     usbd_ctlreq.o
    0x08003e6e   0x0000001e   Code   RO         4786    i.USBD_CtlPrepareRx  usbd_ioreq.o
    0x08003e8c   0x00000016   Code   RO         4787    i.USBD_CtlReceiveStatus  usbd_ioreq.o
    0x08003ea2   0x0000001a   Code   RO         4788    i.USBD_CtlSendData  usbd_ioreq.o
    0x08003ebc   0x00000016   Code   RO         4789    i.USBD_CtlSendStatus  usbd_ioreq.o
    0x08003ed2   0x000000e8   Code   RO         4720    i.USBD_GetDescriptor  usbd_ctlreq.o
    0x08003fba   0x00000048   Code   RO         4721    i.USBD_GetString    usbd_ctlreq.o
    0x08004002   0x00000002   PAD
    0x08004004   0x00000020   Code   RO          568    i.USBD_HS_ConfigStrDescriptor  usbd_desc.o
    0x08004024   0x0000000c   Code   RO          569    i.USBD_HS_DeviceDescriptor  usbd_desc.o
    0x08004030   0x00000024   Code   RO          570    i.USBD_HS_InterfaceStrDescriptor  usbd_desc.o
    0x08004054   0x0000000c   Code   RO          571    i.USBD_HS_LangIDStrDescriptor  usbd_desc.o
    0x08004060   0x00000028   Code   RO          572    i.USBD_HS_ManufacturerStrDescriptor  usbd_desc.o
    0x08004088   0x0000002c   Code   RO          573    i.USBD_HS_ProductStrDescriptor  usbd_desc.o
    0x080040b4   0x00000024   Code   RO          574    i.USBD_HS_SerialStrDescriptor  usbd_desc.o
    0x080040d8   0x0000002a   Code   RO         4583    i.USBD_Init         usbd_core.o
    0x08004102   0x00000020   Code   RO          392    i.USBD_LL_ClearStallEP  usbd_conf.o
    0x08004122   0x00000020   Code   RO          393    i.USBD_LL_CloseEP   usbd_conf.o
    0x08004142   0x000000c6   Code   RO         4584    i.USBD_LL_DataInStage  usbd_core.o
    0x08004208   0x0000007c   Code   RO         4585    i.USBD_LL_DataOutStage  usbd_core.o
    0x08004284   0x00000004   Code   RO         4586    i.USBD_LL_DevConnected  usbd_core.o
    0x08004288   0x00000016   Code   RO         4587    i.USBD_LL_DevDisconnected  usbd_core.o
    0x0800429e   0x00000008   Code   RO          397    i.USBD_LL_GetRxDataSize  usbd_conf.o
    0x080042a6   0x00000002   PAD
    0x080042a8   0x0000006c   Code   RO          398    i.USBD_LL_Init      usbd_conf.o
    0x08004314   0x00000020   Code   RO          399    i.USBD_LL_IsStallEP  usbd_conf.o
    0x08004334   0x00000004   Code   RO         4588    i.USBD_LL_IsoINIncomplete  usbd_core.o
    0x08004338   0x00000004   Code   RO         4589    i.USBD_LL_IsoOUTIncomplete  usbd_core.o
    0x0800433c   0x00000026   Code   RO          400    i.USBD_LL_OpenEP    usbd_conf.o
    0x08004362   0x00000020   Code   RO          401    i.USBD_LL_PrepareReceive  usbd_conf.o
    0x08004382   0x00000050   Code   RO         4590    i.USBD_LL_Reset     usbd_core.o
    0x080043d2   0x0000000c   Code   RO         4591    i.USBD_LL_Resume    usbd_core.o
    0x080043de   0x00000018   Code   RO         4592    i.USBD_LL_SOF       usbd_core.o
    0x080043f6   0x00000006   Code   RO         4593    i.USBD_LL_SetSpeed  usbd_core.o
    0x080043fc   0x00000020   Code   RO          402    i.USBD_LL_SetUSBAddress  usbd_conf.o
    0x0800441c   0x0000005a   Code   RO         4594    i.USBD_LL_SetupStage  usbd_core.o
    0x08004476   0x00000020   Code   RO          403    i.USBD_LL_StallEP   usbd_conf.o
    0x08004496   0x00000020   Code   RO          404    i.USBD_LL_Start     usbd_conf.o
    0x080044b6   0x00000012   Code   RO         4595    i.USBD_LL_Suspend   usbd_core.o
    0x080044c8   0x00000020   Code   RO          406    i.USBD_LL_Transmit  usbd_conf.o
    0x080044e8   0x00000028   Code   RO         4722    i.USBD_ParseSetupRequest  usbd_ctlreq.o
    0x08004510   0x00000010   Code   RO         4596    i.USBD_RegisterClass  usbd_core.o
    0x08004520   0x00000016   Code   RO         4598    i.USBD_SetClassConfig  usbd_core.o
    0x08004536   0x00000002   PAD
    0x08004538   0x00000084   Code   RO         4723    i.USBD_SetConfig    usbd_ctlreq.o
    0x080045bc   0x0000000a   Code   RO         4599    i.USBD_Start        usbd_core.o
    0x080045c6   0x00000112   Code   RO         4724    i.USBD_StdDevReq    usbd_ctlreq.o
    0x080046d8   0x00000150   Code   RO         4725    i.USBD_StdEPReq     usbd_ctlreq.o
    0x08004828   0x0000004e   Code   RO         4726    i.USBD_StdItfReq    usbd_ctlreq.o
    0x08004876   0x00000002   PAD
    0x08004878   0x00000080   Code   RO         1208    i.USB_ActivateEndpoint  stm32f7xx_ll_usb.o
    0x080048f8   0x00000034   Code   RO         1210    i.USB_ActivateSetup  stm32f7xx_ll_usb.o
    0x0800492c   0x000000e4   Code   RO         1212    i.USB_CoreInit      stm32f7xx_ll_usb.o
    0x08004a10   0x00000034   Code   RO         1213    i.USB_CoreReset     stm32f7xx_ll_usb.o
    0x08004a44   0x00000080   Code   RO         1216    i.USB_DeactivateEndpoint  stm32f7xx_ll_usb.o
    0x08004ac4   0x00000018   Code   RO         1217    i.USB_DevConnect    stm32f7xx_ll_usb.o
    0x08004adc   0x00000018   Code   RO         1218    i.USB_DevDisconnect  stm32f7xx_ll_usb.o
    0x08004af4   0x0000017c   Code   RO         1219    i.USB_DevInit       stm32f7xx_ll_usb.o
    0x08004c70   0x0000000c   Code   RO         1220    i.USB_DisableGlobalInt  stm32f7xx_ll_usb.o
    0x08004c7c   0x00000104   Code   RO         1223    i.USB_EP0StartXfer  stm32f7xx_ll_usb.o
    0x08004d80   0x0000003e   Code   RO         1224    i.USB_EP0_OutStart  stm32f7xx_ll_usb.o
    0x08004dbe   0x00000058   Code   RO         1225    i.USB_EPClearStall  stm32f7xx_ll_usb.o
    0x08004e16   0x00000058   Code   RO         1226    i.USB_EPSetStall    stm32f7xx_ll_usb.o
    0x08004e6e   0x00000002   PAD
    0x08004e70   0x000001c0   Code   RO         1227    i.USB_EPStartXfer   stm32f7xx_ll_usb.o
    0x08005030   0x0000000c   Code   RO         1228    i.USB_EnableGlobalInt  stm32f7xx_ll_usb.o
    0x0800503c   0x00000020   Code   RO         1229    i.USB_FlushRxFifo   stm32f7xx_ll_usb.o
    0x0800505c   0x00000024   Code   RO         1230    i.USB_FlushTxFifo   stm32f7xx_ll_usb.o
    0x08005080   0x00000022   Code   RO         1232    i.USB_GetDevSpeed   stm32f7xx_ll_usb.o
    0x080050a2   0x00000008   Code   RO         1234    i.USB_GetMode       stm32f7xx_ll_usb.o
    0x080050aa   0x0000000e   Code   RO         1241    i.USB_ReadDevAllInEpInterrupt  stm32f7xx_ll_usb.o
    0x080050b8   0x0000000e   Code   RO         1242    i.USB_ReadDevAllOutEpInterrupt  stm32f7xx_ll_usb.o
    0x080050c6   0x00000024   Code   RO         1243    i.USB_ReadDevInEPInterrupt  stm32f7xx_ll_usb.o
    0x080050ea   0x00000010   Code   RO         1244    i.USB_ReadDevOutEPInterrupt  stm32f7xx_ll_usb.o
    0x080050fa   0x00000008   Code   RO         1245    i.USB_ReadInterrupts  stm32f7xx_ll_usb.o
    0x08005102   0x0000001e   Code   RO         1246    i.USB_ReadPacket    stm32f7xx_ll_usb.o
    0x08005120   0x0000002e   Code   RO         1248    i.USB_SetCurrentMode  stm32f7xx_ll_usb.o
    0x0800514e   0x00000022   Code   RO         1249    i.USB_SetDevAddress  stm32f7xx_ll_usb.o
    0x08005170   0x00000024   Code   RO         1253    i.USB_WritePacket   stm32f7xx_ll_usb.o
    0x08005194   0x00000002   Code   RO          710    i.UsageFault_Handler  stm32f7xx_it.o
    0x08005196   0x0000000e   Code   RO         5010    i.__scatterload_copy  mc_w.l(handlers.o)
    0x080051a4   0x00000002   Code   RO         5011    i.__scatterload_null  mc_w.l(handlers.o)
    0x080051a6   0x0000000e   Code   RO         5012    i.__scatterload_zeroinit  mc_w.l(handlers.o)
    0x080051b4   0x00000020   Code   RO           15    i.dataMGR_init      datamgr.o
    0x080051d4   0x00000050   Code   RO         4958    i.free              mc_w.l(malloc.o)
    0x08005224   0x000001e0   Code   RO          192    i.main              main.o
    0x08005404   0x0000006c   Code   RO         4959    i.malloc            mc_w.l(malloc.o)
    0x08005470   0x00000008   Data   RO         3530    .constdata          stm32f7xx_hal_dma.o
    0x08005478   0x00000010   Data   RO         4545    .constdata          system_stm32f7xx.o
    0x08005488   0x00000008   Data   RO         4546    .constdata          system_stm32f7xx.o
    0x08005490   0x00000020   Data   RO         5008    Region$$Table       anon$$obj.o


    Execution Region RW_IRAM1 (Base: 0x20000000, Size: 0x00005760, Max: 0x00010000, ABSOLUTE, COMPRESSED[0x000000bc])

    Base Addr    Size         Type   Attr      Idx    E Section Name        Object

    0x20000000   0x0000001c   Data   RW          576    .data               usbd_desc.o
    0x2000001c   0x00000016   Data   RW          577    .data               usbd_desc.o
    0x20000032   0x00000002   PAD
    0x20000034   0x00000010   Data   RW          642    .data               usbd_cdc_if.o
    0x20000044   0x00000004   Data   RW          838    .data               stm32f7xx_hal_msp.o
    0x20000048   0x0000000c   Data   RW         3907    .data               stm32f7xx_hal.o
    0x20000054   0x00000004   Data   RW         4547    .data               system_stm32f7xx.o
    0x20000058   0x00000001   Data   RW         4727    .data               usbd_ctlreq.o
    0x20000059   0x00000003   PAD
    0x2000005c   0x000000d7   Data   RW         4859    .data               usbd_cdc.o
    0x20000133   0x00000001   PAD
    0x20000134   0x00000038   Data   RW         4860    .data               usbd_cdc.o
    0x2000016c   0x00000004   Data   RW         5004    .data               mc_w.l(mvars.o)
    0x20000170   0x00000004   Data   RW         5005    .data               mc_w.l(mvars.o)
    0x20000174   0x00003390   Zero   RW          193    .bss                main.o
    0x20003504   0x00000060   Zero   RW          194    .bss                main.o
    0x20003564   0x00000060   Zero   RW          195    .bss                main.o
    0x200035c4   0x00000060   Zero   RW          196    .bss                main.o
    0x20003624   0x00000060   Zero   RW          197    .bss                main.o
    0x20003684   0x0000029c   Zero   RW          349    .bss                usb_device.o
    0x20003920   0x00000400   Zero   RW          407    .bss                usbd_conf.o
    0x20003d20   0x00000200   Zero   RW          575    .bss                usbd_desc.o
    0x20003f20   0x00001000   Zero   RW          641    .bss                usbd_cdc_if.o
    0x20004f20   0x00000040   Zero   RW          902    .bss                stm32f7xx_hal_timebase_tim.o
    0x20004f60   0x00000400   Zero   RW            2    HEAP                startup_stm32f723xx.o
    0x20005360   0x00000400   Zero   RW            1    STACK               startup_stm32f723xx.o


==============================================================================

Image component sizes


      Code (inc. data)   RO Data    RW Data    ZI Data      Debug   Object Name

        32          0          0          0          0     745967   datamgr.o
      2526        184          0          0      13584      54180   main.o
        36          8        480          0       2048        896   startup_stm32f723xx.o
       108         18          0         12          0       3642   stm32f7xx_hal.o
       154         14          0          0          0      34842   stm32f7xx_hal_cortex.o
       752         16          8          0          0       4368   stm32f7xx_hal_dma.o
       458         46          0          0          0       2788   stm32f7xx_hal_gpio.o
      1120        132          0          4          0       5227   stm32f7xx_hal_msp.o
      2456         82          0          0          0      12685   stm32f7xx_hal_pcd.o
       118          6          0          0          0       3313   stm32f7xx_hal_pcd_ex.o
        16          4          0          0          0        607   stm32f7xx_hal_pwr.o
       108         10          0          0          0       1412   stm32f7xx_hal_pwr_ex.o
      1352         84          0          0          0       6801   stm32f7xx_hal_rcc.o
      1304         46          0          0          0       3489   stm32f7xx_hal_rcc_ex.o
       528         22          0          0          0       2619   stm32f7xx_hal_sai.o
      1122         96          0          0          0      12219   stm32f7xx_hal_tim.o
       552         36          0          0          0       5542   stm32f7xx_hal_tim_ex.o
       116         16          0          0         64       1559   stm32f7xx_hal_timebase_tim.o
      1036         70          0          0          0       5261   stm32f7xx_hal_uart.o
       314         66          0          0          0      15172   stm32f7xx_it.o
      2330         72          0          0          0      23411   stm32f7xx_ll_usb.o
        84         18         24          4          0       1335   system_stm32f7xx.o
        56         18          0          0        668        852   usb_device.o
       730         16          0        271          0      14366   usbd_cdc.o
       176         26          0         16       4096       8644   usbd_cdc_if.o
       718         26          0          0       1024      15778   usbd_conf.o
       690          0          0          0          0      13133   usbd_core.o
      1186         28          0          1          0       8732   usbd_ctlreq.o
       212        116          0         50        512       5635   usbd_desc.o
       132          0          0          0          0       4816   usbd_ioreq.o

    ----------------------------------------------------------------------
     20544       1276        544        364      21996    1019291   Object Totals
         0          0         32          0          0          0   (incl. Generated)
        22          0          0          6          0          0   (incl. Padding)

    ----------------------------------------------------------------------

      Code (inc. data)   RO Data    RW Data    ZI Data      Debug   Library Member Name

        86          0          0          0          0          0   __dczerorl2.o
         0          0          0          0          0          0   entry.o
         0          0          0          0          0          0   entry10a.o
         0          0          0          0          0          0   entry11a.o
         8          4          0          0          0          0   entry2.o
         4          0          0          0          0          0   entry5.o
         0          0          0          0          0          0   entry7b.o
         0          0          0          0          0          0   entry8b.o
         8          4          0          0          0          0   entry9a.o
        30          0          0          0          0          0   handlers.o
        36          8          0          0          0         68   init.o
        30          0          0          0          0         68   llshl.o
        32          0          0          0          0         68   llushr.o
       188         20          0          0          0        160   malloc.o
        36          0          0          0          0         68   memcpya.o
        36          0          0          0          0        108   memseta.o
         0          0          0          8          0          0   mvars.o
        98          0          0          0          0         92   uldiv.o

    ----------------------------------------------------------------------
       592         36          0          8          0        632   Library Totals
         0          0          0          0          0          0   (incl. Padding)

    ----------------------------------------------------------------------

      Code (inc. data)   RO Data    RW Data    ZI Data      Debug   Library Name

       592         36          0          8          0        632   mc_w.l

    ----------------------------------------------------------------------
       592         36          0          8          0        632   Library Totals

    ----------------------------------------------------------------------

==============================================================================


      Code (inc. data)   RO Data    RW Data    ZI Data      Debug   

     21136       1312        544        372      21996     999247   Grand Totals
     21136       1312        544        188      21996     999247   ELF Image Totals (compressed)
     21136       1312        544        188          0          0   ROM Totals

==============================================================================

    Total RO  Size (Code + RO Data)                21680 (  21.17kB)
    Total RW  Size (RW Data + ZI Data)             22368 (  21.84kB)
    Total ROM Size (Code + RO Data + RW Data)      21868 (  21.36kB)

==============================================================================

